<html>
<body>
<pre>
<h1>µVision Build Log</h1>
<h2>Tool Versions:</h2>
IDE-Version: µVision V5.24.2.0
Copyright (C) 2017 ARM Ltd and ARM Germany GmbH. All rights reserved.
License Information: billy gates, microsoft, LIC=9N0WF-6WU6B-SE8H0-B7ME0-D4AU9-D9SGY
 
Tool Versions:
Toolchain:       MDK-ARM Professional  Version: 5.24.1
Toolchain Path:  C:\Keil_v5\ARM\ARMCC\Bin
C Compiler:      Armcc.exe V5.06 update 5 (build 528)
Assembler:       Armasm.exe V5.06 update 5 (build 528)
Linker/Locator:  ArmLink.exe V5.06 update 5 (build 528)
Library Manager: ArmAr.exe V5.06 update 5 (build 528)
Hex Converter:   FromElf.exe V5.06 update 5 (build 528)
CPU DLL:         SARMCM3.DLL V5.24.1
Dialog DLL:      DCM.DLL V1.16.0.0
Target DLL:      STLink\ST-LINKIII-KEIL_SWO.dll V3.0.1.0
Dialog DLL:      TCM.DLL V1.32.0.0
 
<h2>Project:</h2>
D:\keil\STM32L4_BLDC\stm32l4_bldc\MDK-ARM\stm32l4_bldc.uvprojx
Project File Date:  02/06/2018

<h2>Output:</h2>
*** Using Compiler 'V5.06 update 5 (build 528)', folder: 'C:\Keil_v5\ARM\ARMCC\Bin'
Build target 'stm32l4_bldc'
compiling cmd_iface.c...
..\MC_BLDC_Lib\Inc\bldc_pid.h(28): warning:  #1-D: last line of file ends without a newline
  #endif
../Inc/version.h(6): warning:  #1-D: last line of file ends without a newline
  #endif
..\Src\cmd_iface.c(163): warning:  #167-D: argument of type "uint8_t *" is incompatible with parameter of type "char *restrict"
  				sprintf(str, "OK %02X\n", err);			
..\Src\cmd_iface.c(164): warning:  #167-D: argument of type "uint8_t *" is incompatible with parameter of type "const char *"
  				print(str);
..\Src\cmd_iface.c(170): warning:  #167-D: argument of type "uint8_t *" is incompatible with parameter of type "char *restrict"
  				sprintf(str, "OK %02X\n", err);			
..\Src\cmd_iface.c(171): warning:  #167-D: argument of type "uint8_t *" is incompatible with parameter of type "const char *"
  				print(str);
..\Src\cmd_iface.c(177): warning:  #167-D: argument of type "uint8_t *" is incompatible with parameter of type "char *restrict"
  				sprintf(str, "OK %02X\n", err);			
..\Src\cmd_iface.c(178): warning:  #167-D: argument of type "uint8_t *" is incompatible with parameter of type "const char *"
  				print(str);
..\Src\cmd_iface.c(185): warning:  #167-D: argument of type "uint8_t *" is incompatible with parameter of type "char *restrict"
  				sprintf(str, "Error code = %X\n", err);			
..\Src\cmd_iface.c(186): warning:  #167-D: argument of type "uint8_t *" is incompatible with parameter of type "const char *"
  				print(str);
..\Src\cmd_iface.c(191): warning:  #167-D: argument of type "uint8_t *" is incompatible with parameter of type "char *restrict"
  				sprintf(str, "Current = %d mA\n", current);			
..\Src\cmd_iface.c(192): warning:  #167-D: argument of type "uint8_t *" is incompatible with parameter of type "const char *"
  				print(str);
..\Src\cmd_iface.c(197): warning:  #167-D: argument of type "uint8_t *" is incompatible with parameter of type "char *restrict"
  				sprintf(str, "Voltage = %d V\n", voltage);			
..\Src\cmd_iface.c(198): warning:  #167-D: argument of type "uint8_t *" is incompatible with parameter of type "const char *"
  				print(str);
..\Src\cmd_iface.c(203): warning:  #167-D: argument of type "uint8_t *" is incompatible with parameter of type "char *restrict"
  				sprintf(str, "Status code = %d\n", status);			
..\Src\cmd_iface.c(204): warning:  #167-D: argument of type "uint8_t *" is incompatible with parameter of type "const char *"
  				print(str);
..\Src\cmd_iface.c(209): warning:  #167-D: argument of type "uint8_t *" is incompatible with parameter of type "char *restrict"
  				sprintf(str, "RPM = %d\n", rpm);			
..\Src\cmd_iface.c(210): warning:  #167-D: argument of type "uint8_t *" is incompatible with parameter of type "const char *"
  				print(str);
..\Src\cmd_iface.c(222): warning:  #167-D: argument of type "uint8_t *" is incompatible with parameter of type "char *restrict"
  				sprintf(str, "OK %02X %d %d %d %d\n", err, voltage, current, rpm, phase);			
..\Src\cmd_iface.c(223): warning:  #167-D: argument of type "uint8_t *" is incompatible with parameter of type "const char *"
  				print(str);			
..\Src\cmd_iface.c(228): warning:  #167-D: argument of type "uint8_t *" is incompatible with parameter of type "char *restrict"
  				sprintf(str, "OK %02X\n", err);			
..\Src\cmd_iface.c(229): warning:  #167-D: argument of type "uint8_t *" is incompatible with parameter of type "const char *"
  				print(str);
..\Src\cmd_iface.c(248): warning:  #167-D: argument of type "uint8_t *" is incompatible with parameter of type "char *restrict"
  				sprintf(str, "OK\n");			
..\Src\cmd_iface.c(249): warning:  #167-D: argument of type "uint8_t *" is incompatible with parameter of type "const char *"
  				print(str);
..\Src\cmd_iface.c(253): warning:  #167-D: argument of type "uint8_t *" is incompatible with parameter of type "char *restrict"
  				sprintf(str,"OK %s\n", 
ERSION_BLDC);			
..\Src\cmd_iface.c(254): warning:  #167-D: argument of type "uint8_t *" is incompatible with parameter of type "const char *"
  				print(str);
..\Src\cmd_iface.c(271): warning:  #1-D: last line of file ends without a newline
  }
..\Src\cmd_iface.c: 27 warnings, 0 errors
compiling freertos.c...
..\MC_BLDC_Lib\Inc\bldc_pid.h(28): warning:  #1-D: last line of file ends without a newline
  #endif
../Src/freertos.c: 1 warning, 0 errors
compiling bldc_lib.c...
..\MC_BLDC_Lib\Inc\bldc_pid.h(28): warning:  #1-D: last line of file ends without a newline
  #endif
..\MC_BLDC_Lib\Src\bldc_lib.c(250): warning:  #186-D: pointless comparison of unsigned integer with zero
     if(
S_BLDC_RPM(speed_value))
..\MC_BLDC_Lib\Src\bldc_lib.c: 2 warnings, 0 errors
compiling microrl.c...
..\MC_BLDC_Lib\Inc\bldc_pid.h(28): warning:  #1-D: last line of file ends without a newline
  #endif
..\microrl\src\microrl.c(212): warning:  #111-D: statement is unreachable
  	return i;
..\microrl\src\microrl.c(229): warning:  #177-D: function "terminal_newline"  was declared but never referenced
  inline static void terminal_newline (microrl_t * pThis)
..\microrl\src\microrl.c: 3 warnings, 0 errors
linking...
Program Size: Code=29352 RO-data=720 RW-data=148 ZI-data=22188  
FromELF: creating hex file...
"stm32l4_bldc\stm32l4_bldc.axf" - 0 Error(s), 33 Warning(s).

<h2>Software Packages used:</h2>

Package Vendor: ARM
                http://www.keil.com/pack/ARM.CMSIS.5.0.1.pack
                ARM.CMSIS.5.0.1
                CMSIS (Cortex Microcontroller Software Interface Standard)
   * Component: CORE Version: 5.0.1

Package Vendor: Keil
                http://www.keil.com/pack/Keil.STM32L4xx_DFP.1.4.0.pack
                Keil.STM32L4xx_DFP.1.4.0
                STMicroelectronics STM32L4 Series Device Support, Drivers and Examples

<h2>Collection of Component include folders:</h2>
  .\RTE\_stm32l4_bldc
  C:\Keil_v5\ARM\PACK\ARM\CMSIS\5.0.1\CMSIS\Include
  C:\Keil_v5\ARM\PACK\Keil\STM32L4xx_DFP\1.4.0\Device\Include

<h2>Collection of Component Files used:</h2>

   * Component: ARM::CMSIS:CORE:5.0.1
Build Time Elapsed:  00:00:25
</pre>
</body>
</html>
