Component: ARM Compiler 5.06 update 5 (build 528) Tool: armlink [4d35e2]

==============================================================================

Section Cross References

    stm32l4xx_hal_flash_ex.o(i.FLASH_FlushCaches) refers to stm32l4xx_hal_flash.o(.bss) for pFlash
    stm32l4xx_hal_flash_ex.o(i.FLASH_OB_PCROPConfig) refers to stm32l4xx_hal_flash.o(i.FLASH_WaitForLastOperation) for FLASH_WaitForLastOperation
    stm32l4xx_hal_flash_ex.o(i.FLASH_OB_RDPConfig) refers to stm32l4xx_hal_flash.o(i.FLASH_WaitForLastOperation) for FLASH_WaitForLastOperation
    stm32l4xx_hal_flash_ex.o(i.FLASH_OB_UserConfig) refers to stm32l4xx_hal_flash.o(i.FLASH_WaitForLastOperation) for FLASH_WaitForLastOperation
    stm32l4xx_hal_flash_ex.o(i.FLASH_OB_WRPConfig) refers to stm32l4xx_hal_flash.o(i.FLASH_WaitForLastOperation) for FLASH_WaitForLastOperation
    stm32l4xx_hal_flash_ex.o(i.HAL_FLASHEx_Erase) refers to stm32l4xx_hal_flash.o(i.FLASH_WaitForLastOperation) for FLASH_WaitForLastOperation
    stm32l4xx_hal_flash_ex.o(i.HAL_FLASHEx_Erase) refers to stm32l4xx_hal_flash_ex.o(i.FLASH_MassErase) for FLASH_MassErase
    stm32l4xx_hal_flash_ex.o(i.HAL_FLASHEx_Erase) refers to stm32l4xx_hal_flash_ex.o(i.FLASH_PageErase) for FLASH_PageErase
    stm32l4xx_hal_flash_ex.o(i.HAL_FLASHEx_Erase) refers to stm32l4xx_hal_flash_ex.o(i.FLASH_FlushCaches) for FLASH_FlushCaches
    stm32l4xx_hal_flash_ex.o(i.HAL_FLASHEx_Erase) refers to stm32l4xx_hal_flash.o(.bss) for pFlash
    stm32l4xx_hal_flash_ex.o(i.HAL_FLASHEx_Erase_IT) refers to stm32l4xx_hal_flash_ex.o(i.FLASH_MassErase) for FLASH_MassErase
    stm32l4xx_hal_flash_ex.o(i.HAL_FLASHEx_Erase_IT) refers to stm32l4xx_hal_flash_ex.o(i.FLASH_PageErase) for FLASH_PageErase
    stm32l4xx_hal_flash_ex.o(i.HAL_FLASHEx_Erase_IT) refers to stm32l4xx_hal_flash.o(.bss) for pFlash
    stm32l4xx_hal_flash_ex.o(i.HAL_FLASHEx_OBGetConfig) refers to stm32l4xx_hal_flash_ex.o(i.FLASH_OB_GetWRP) for FLASH_OB_GetWRP
    stm32l4xx_hal_flash_ex.o(i.HAL_FLASHEx_OBGetConfig) refers to stm32l4xx_hal_flash_ex.o(i.FLASH_OB_GetRDP) for FLASH_OB_GetRDP
    stm32l4xx_hal_flash_ex.o(i.HAL_FLASHEx_OBGetConfig) refers to stm32l4xx_hal_flash_ex.o(i.FLASH_OB_GetUser) for FLASH_OB_GetUser
    stm32l4xx_hal_flash_ex.o(i.HAL_FLASHEx_OBGetConfig) refers to stm32l4xx_hal_flash_ex.o(i.FLASH_OB_GetPCROP) for FLASH_OB_GetPCROP
    stm32l4xx_hal_flash_ex.o(i.HAL_FLASHEx_OBProgram) refers to stm32l4xx_hal_flash_ex.o(i.FLASH_OB_WRPConfig) for FLASH_OB_WRPConfig
    stm32l4xx_hal_flash_ex.o(i.HAL_FLASHEx_OBProgram) refers to stm32l4xx_hal_flash_ex.o(i.FLASH_OB_RDPConfig) for FLASH_OB_RDPConfig
    stm32l4xx_hal_flash_ex.o(i.HAL_FLASHEx_OBProgram) refers to stm32l4xx_hal_flash_ex.o(i.FLASH_OB_UserConfig) for FLASH_OB_UserConfig
    stm32l4xx_hal_flash_ex.o(i.HAL_FLASHEx_OBProgram) refers to stm32l4xx_hal_flash_ex.o(i.FLASH_OB_PCROPConfig) for FLASH_OB_PCROPConfig
    stm32l4xx_hal_flash_ex.o(i.HAL_FLASHEx_OBProgram) refers to stm32l4xx_hal_flash.o(.bss) for pFlash
    stm32l4xx_hal_tim.o(i.HAL_TIM_Base_DeInit) refers to tim.o(i.HAL_TIM_Base_MspDeInit) for HAL_TIM_Base_MspDeInit
    stm32l4xx_hal_tim.o(i.HAL_TIM_Base_Init) refers to tim.o(i.HAL_TIM_Base_MspInit) for HAL_TIM_Base_MspInit
    stm32l4xx_hal_tim.o(i.HAL_TIM_Base_Init) refers to stm32l4xx_hal_tim.o(i.TIM_Base_SetConfig) for TIM_Base_SetConfig
    stm32l4xx_hal_tim.o(i.HAL_TIM_Base_Start_DMA) refers to stm32l4xx_hal_dma.o(i.HAL_DMA_Start_IT) for HAL_DMA_Start_IT
    stm32l4xx_hal_tim.o(i.HAL_TIM_Base_Start_DMA) refers to stm32l4xx_hal_tim.o(i.TIM_DMAPeriodElapsedCplt) for TIM_DMAPeriodElapsedCplt
    stm32l4xx_hal_tim.o(i.HAL_TIM_Base_Start_DMA) refers to stm32l4xx_hal_tim.o(i.TIM_DMAError) for TIM_DMAError
    stm32l4xx_hal_tim.o(i.HAL_TIM_ConfigClockSource) refers to stm32l4xx_hal_tim.o(i.TIM_ETR_SetConfig) for TIM_ETR_SetConfig
    stm32l4xx_hal_tim.o(i.HAL_TIM_ConfigClockSource) refers to stm32l4xx_hal_tim.o(i.TIM_TI1_ConfigInputStage) for TIM_TI1_ConfigInputStage
    stm32l4xx_hal_tim.o(i.HAL_TIM_ConfigClockSource) refers to stm32l4xx_hal_tim.o(i.TIM_ITRx_SetConfig) for TIM_ITRx_SetConfig
    stm32l4xx_hal_tim.o(i.HAL_TIM_ConfigClockSource) refers to stm32l4xx_hal_tim.o(i.TIM_TI2_ConfigInputStage) for TIM_TI2_ConfigInputStage
    stm32l4xx_hal_tim.o(i.HAL_TIM_ConfigOCrefClear) refers to stm32l4xx_hal_tim.o(i.TIM_ETR_SetConfig) for TIM_ETR_SetConfig
    stm32l4xx_hal_tim.o(i.HAL_TIM_DMABurst_ReadStart) refers to stm32l4xx_hal_dma.o(i.HAL_DMA_Start_IT) for HAL_DMA_Start_IT
    stm32l4xx_hal_tim.o(i.HAL_TIM_DMABurst_ReadStart) refers to stm32l4xx_hal_tim.o(i.TIM_DMAPeriodElapsedCplt) for TIM_DMAPeriodElapsedCplt
    stm32l4xx_hal_tim.o(i.HAL_TIM_DMABurst_ReadStart) refers to stm32l4xx_hal_tim.o(i.TIM_DMAError) for TIM_DMAError
    stm32l4xx_hal_tim.o(i.HAL_TIM_DMABurst_ReadStart) refers to stm32l4xx_hal_tim.o(i.TIM_DMACaptureCplt) for TIM_DMACaptureCplt
[...]
    Removing cmsis_os.o(i.osMutexWait), (108 bytes).
    Removing cmsis_os.o(i.osPoolAlloc), (122 bytes).
    Removing cmsis_os.o(i.osPoolCAlloc), (22 bytes).
    Removing cmsis_os.o(i.osPoolCreate), (112 bytes).
    Removing cmsis_os.o(i.osPoolFree), (74 bytes).
    Removing cmsis_os.o(i.osRecursiveMutexCreate), (6 bytes).
    Removing cmsis_os.o(i.osRecursiveMutexRelease), (6 bytes).
    Removing cmsis_os.o(i.osRecursiveMutexWait), (6 bytes).
    Removing cmsis_os.o(i.osSemaphoreCreate), (44 bytes).
    Removing cmsis_os.o(i.osSemaphoreDelete), (24 bytes).
    Removing cmsis_os.o(i.osSemaphoreGetCount), (12 bytes).
    Removing cmsis_os.o(i.osSemaphoreRelease), (80 bytes).
    Removing cmsis_os.o(i.osSemaphoreWait), (108 bytes).
    Removing cmsis_os.o(i.osSignalSet), (96 bytes).
    Removing cmsis_os.o(i.osSignalWait), (98 bytes).
    Removing cmsis_os.o(i.osThreadGetId), (8 bytes).
    Removing cmsis_os.o(i.osThreadGetPriority), (38 bytes).
    Removing cmsis_os.o(i.osThreadList), (6 bytes).
    Removing cmsis_os.o(i.osThreadResume), (52 bytes).
    Removing cmsis_os.o(i.osThreadResumeAll), (18 bytes).
    Removing cmsis_os.o(i.osThreadSetPriority), (26 bytes).
    Removing cmsis_os.o(i.osThreadSuspend), (14 bytes).
    Removing cmsis_os.o(i.osThreadSuspendAll), (10 bytes).
    Removing cmsis_os.o(i.osThreadTerminate), (14 bytes).
    Removing cmsis_os.o(i.osThreadYield), (24 bytes).
    Removing cmsis_os.o(i.osTimerCreate), (6 bytes).
    Removing cmsis_os.o(i.osTimerDelete), (8 bytes).
    Removing cmsis_os.o(i.osTimerStart), (8 bytes).
    Removing cmsis_os.o(i.osTimerStop), (8 bytes).
    Removing system_stm32l4xx.o(.rev16_text), (4 bytes).
    Removing system_stm32l4xx.o(.revsh_text), (4 bytes).
    Removing system_stm32l4xx.o(.rrx_text), (6 bytes).
    Removing system_stm32l4xx.o(i.SystemCoreClockUpdate), (236 bytes).
    Removing startup_stm32l452xx.o(HEAP), (8192 bytes).
    Removing stm32l4xx_it.o(.rev16_text), (4 bytes).
    Removing stm32l4xx_it.o(.revsh_text), (4 bytes).
    Removing stm32l4xx_it.o(.rrx_text), (6 bytes).
    Removing main.o(.rev16_text), (4 bytes).
    Removing main.o(.revsh_text), (4 bytes).
    Removing main.o(.rrx_text), (6 bytes).
    Removing stm32l4xx_hal_msp.o(.rev16_text), (4 bytes).
    Removing stm32l4xx_hal_msp.o(.revsh_text), (4 bytes).
    Removing stm32l4xx_hal_msp.o(.rrx_text), (6 bytes).
    Removing freertos.o(.rev16_text), (4 bytes).
    Removing freertos.o(.revsh_text), (4 bytes).
    Removing freertos.o(.rrx_text), (6 bytes).
    Removing adc.o(.rev16_text), (4 bytes).
    Removing adc.o(.revsh_text), (4 bytes).
    Removing adc.o(.rrx_text), (6 bytes).
    Removing adc.o(i.HAL_ADC_MspDeInit), (48 bytes).
    Removing usart.o(.rev16_text), (4 bytes).
    Removing usart.o(.revsh_text), (4 bytes).
    Removing usart.o(.rrx_text), (6 bytes).
    Removing usart.o(i.HAL_UART_MspDeInit), (48 bytes).
    Removing gpio.o(.rev16_text), (4 bytes).
    Removing gpio.o(.revsh_text), (4 bytes).
    Removing gpio.o(.rrx_text), (6 bytes).
    Removing tim.o(.rev16_text), (4 bytes).
    Removing tim.o(.revsh_text), (4 bytes).
    Removing tim.o(.rrx_text), (6 bytes).
    Removing tim.o(i.HAL_TIM_Base_MspDeInit), (112 bytes).
    Removing bldc_lib.o(.rev16_text), (4 bytes).
    Removing bldc_lib.o(.revsh_text), (4 bytes).
    Removing bldc_lib.o(.rrx_text), (6 bytes).
    Removing bldc_lib.o(i.MC_PI_Controller), (232 bytes).
    Removing bldc_lib.o(i.MC_SixStep_GetCurrentPosition), (144 bytes).
    Removing bldc_lib.o(i.MC_SixStep_GetGurrent), (16 bytes).
    Removing bldc_lib.o(i.MC_SixStep_GetParameters), (128 bytes).
    Removing bldc_lib.o(i.MC_SixStep_GetVoltage), (16 bytes).
    Removing bldc_lib.o(i.MC_SixStep_InitMainData), (36 bytes).
    Removing bldc_lib.o(i.MC_SixStep_Reset), (16 bytes).
    Removing bldc_lib.o(i.MC_SixStep_SetSpeed), (16 bytes).
    Removing bldc_lib.o(i.MC_SixStep_Set_PI_Param), (64 bytes).
    Removing bldc_lib.o(i.MC_SixStep_StartMotor), (12 bytes).
    Removing bldc_lib.o(i.MC_SixStep_StopMotor), (52 bytes).

713 unused section(s) (total 68584 bytes) removed from the image.

==============================================================================

Image Symbol Table

    Local Symbols

    Symbol Name                              Value     Ov Type        Size  Object(Section)

    ../Drivers/STM32L4xx_HAL_Driver/Src/stm32l4xx_hal.c 0x00000000   Number         0  stm32l4xx_hal.o ABSOLUTE
    ../Drivers/STM32L4xx_HAL_Driver/Src/stm32l4xx_hal_adc.c 0x00000000   Number         0  stm32l4xx_hal_adc.o ABSOLUTE
    ../Drivers/STM32L4xx_HAL_Driver/Src/stm32l4xx_hal_adc_ex.c 0x00000000   Number         0  stm32l4xx_hal_adc_ex.o ABSOLUTE
    ../Drivers/STM32L4xx_HAL_Driver/Src/stm32l4xx_hal_cortex.c 0x00000000   Number         0  stm32l4xx_hal_cortex.o ABSOLUTE
    ../Drivers/STM32L4xx_HAL_Driver/Src/stm32l4xx_hal_dma.c 0x00000000   Number         0  stm32l4xx_hal_dma.o ABSOLUTE
    ../Drivers/STM32L4xx_HAL_Driver/Src/stm32l4xx_hal_dma_ex.c 0x00000000   Number         0  stm32l4xx_hal_dma_ex.o ABSOLUTE
    ../Drivers/STM32L4xx_HAL_Driver/Src/stm32l4xx_hal_flash.c 0x00000000   Number         0  stm32l4xx_hal_flash.o ABSOLUTE
    ../Drivers/STM32L4xx_HAL_Driver/Src/stm32l4xx_hal_flash_ex.c 0x00000000   Number         0  stm32l4xx_hal_flash_ex.o ABSOLUTE
    ../Drivers/STM32L4xx_HAL_Driver/Src/stm32l4xx_hal_flash_ramfunc.c 0x00000000   Number         0  stm32l4xx_hal_flash_ramfunc.o ABSOLUTE
    ../Drivers/STM32L4xx_HAL_Driver/Src/stm32l4xx_hal_gpio.c 0x00000000   Number         0  stm32l4xx_hal_gpio.o ABSOLUTE
    ../Drivers/STM32L4xx_HAL_Driver/Src/stm32l4xx_hal_i2c.c 0x00000000   Number         0  stm32l4xx_hal_i2c.o ABSOLUTE
    ../Drivers/STM32L4xx_HAL_Driver/Src/stm32l4xx_hal_i2c_ex.c 0x00000000   Number         0  stm32l4xx_hal_i2c_ex.o ABSOLUTE
    ../Drivers/STM32L4xx_HAL_Driver/Src/stm32l4xx_hal_pwr.c 0x00000000   Number         0  stm32l4xx_hal_pwr.o ABSOLUTE
    ../Drivers/STM32L4xx_HAL_Driver/Src/stm32l4xx_hal_pwr_ex.c 0x00000000   Number         0  stm32l4xx_hal_pwr_ex.o ABSOLUTE
    ../Drivers/STM32L4xx_HAL_Driver/Src/stm32l4xx_hal_rcc.c 0x00000000   Number         0  stm32l4xx_hal_rcc.o ABSOLUTE
    ../Drivers/STM32L4xx_HAL_Driver/Src/stm32l4xx_hal_rcc_ex.c 0x00000000   Number         0  stm32l4xx_hal_rcc_ex.o ABSOLUTE
    ../Drivers/STM32L4xx_HAL_Driver/Src/stm32l4xx_hal_tim.c 0x00000000   Number         0  stm32l4xx_hal_tim.o ABSOLUTE
    ../Drivers/STM32L4xx_HAL_Driver/Src/stm32l4xx_hal_tim_ex.c 0x00000000   Number         0  stm32l4xx_hal_tim_ex.o ABSOLUTE
    ../Drivers/STM32L4xx_HAL_Driver/Src/stm32l4xx_hal_uart.c 0x00000000   Number         0  stm32l4xx_hal_uart.o ABSOLUTE
    ../Drivers/STM32L4xx_HAL_Driver/Src/stm32l4xx_hal_uart_ex.c 0x00000000   Number         0  stm32l4xx_hal_uart_ex.o ABSOLUTE
    ../Middlewares/Third_Party/FreeRTOS/Source/CMSIS_RTOS/cmsis_os.c 0x00000000   Number         0  cmsis_os.o ABSOLUTE
    ../Middlewares/Third_Party/FreeRTOS/Source/croutine.c 0x00000000   Number         0  croutine.o ABSOLUTE
    ../Middlewares/Third_Party/FreeRTOS/Source/event_groups.c 0x00000000   Number         0  event_groups.o ABSOLUTE
    ../Middlewares/Third_Party/FreeRTOS/Source/list.c 0x00000000   Number         0  list.o ABSOLUTE
    ../Middlewares/Third_Party/FreeRTOS/Source/portable/MemMang/heap_4.c 0x00000000   Number         0  heap_4.o ABSOLUTE
    ../Middlewares/Third_Party/FreeRTOS/Source/portable/RVDS/ARM_CM4F/port.c 0x00000000   Number         0  port.o ABSOLUTE
    ../Middlewares/Third_Party/FreeRTOS/Source/queue.c 0x00000000   Number         0  queue.o ABSOLUTE
    ../Middlewares/Third_Party/FreeRTOS/Source/tasks.c 0x00000000   Number         0  tasks.o ABSOLUTE
    ../Middlewares/Third_Party/FreeRTOS/Source/timers.c 0x00000000   Number         0  timers.o ABSOLUTE
    ../Src/adc.c                             0x00000000   Number         0  adc.o ABSOLUTE
    ../Src/freertos.c                        0x00000000   Number         0  freertos.o ABSOLUTE
    ../Src/gpio.c                            0x00000000   Number         0  gpio.o ABSOLUTE
    ../Src/main.c                            0x00000000   Number         0  main.o ABSOLUTE
    ../Src/stm32l4xx_hal_msp.c               0x00000000   Number         0  stm32l4xx_hal_msp.o ABSOLUTE
    ../Src/stm32l4xx_it.c                    0x00000000   Number         0  stm32l4xx_it.o ABSOLUTE
    ../Src/system_stm32l4xx.c                0x00000000   Number         0  system_stm32l4xx.o ABSOLUTE
    ../Src/tim.c                             0x00000000   Number         0  tim.o ABSOLUTE
    ../Src/usart.c                           0x00000000   Number         0  usart.o ABSOLUTE
    ../clib/microlib/division.c              0x00000000   Number         0  uldiv.o ABSOLUTE
    ../clib/microlib/init/entry.s            0x00000000   Number         0  entry.o ABSOLUTE
    ../clib/microlib/init/entry.s            0x00000000   Number         0  entry9b.o ABSOLUTE
    ../clib/microlib/init/entry.s            0x00000000   Number         0  entry9a.o ABSOLUTE
    ../clib/microlib/init/entry.s            0x00000000   Number         0  entry10a.o ABSOLUTE
    ../clib/microlib/init/entry.s            0x00000000   Number         0  entry8b.o ABSOLUTE
    ../clib/microlib/init/entry.s            0x00000000   Number         0  entry8a.o ABSOLUTE
    ../clib/microlib/init/entry.s            0x00000000   Number         0  entry7b.o ABSOLUTE
    ../clib/microlib/init/entry.s            0x00000000   Number         0  entry5.o ABSOLUTE
    ../clib/microlib/init/entry.s            0x00000000   Number         0  entry2.o ABSOLUTE
    ../clib/microlib/init/entry.s            0x00000000   Number         0  entry7a.o ABSOLUTE
    ../clib/microlib/init/entry.s            0x00000000   Number         0  entry10b.o ABSOLUTE
    ../clib/microlib/init/entry.s            0x00000000   Number         0  entry11a.o ABSOLUTE
    ../clib/microlib/init/entry.s            0x00000000   Number         0  entry11b.o ABSOLUTE
    ../clib/microlib/longlong.c              0x00000000   Number         0  llshl.o ABSOLUTE
    ../clib/microlib/longlong.c              0x00000000   Number         0  llushr.o ABSOLUTE
    ../clib/microlib/string/memcpy.c         0x00000000   Number         0  memcpya.o ABSOLUTE
    ../clib/microlib/string/memcpy.c         0x00000000   Number         0  memcpyb.o ABSOLUTE
    ..\Drivers\STM32L4xx_HAL_Driver\Src\stm32l4xx_hal.c 0x00000000   Number         0  stm32l4xx_hal.o ABSOLUTE
    ..\Drivers\STM32L4xx_HAL_Driver\Src\stm32l4xx_hal_adc.c 0x00000000   Number         0  stm32l4xx_hal_adc.o ABSOLUTE
    ..\Drivers\STM32L4xx_HAL_Driver\Src\stm32l4xx_hal_adc_ex.c 0x00000000   Number         0  stm32l4xx_hal_adc_ex.o ABSOLUTE
    ..\Drivers\STM32L4xx_HAL_Driver\Src\stm32l4xx_hal_cortex.c 0x00000000   Number         0  stm32l4xx_hal_cortex.o ABSOLUTE
    ..\Drivers\STM32L4xx_HAL_Driver\Src\stm32l4xx_hal_dma.c 0x00000000   Number         0  stm32l4xx_hal_dma.o ABSOLUTE
    ..\Drivers\STM32L4xx_HAL_Driver\Src\stm32l4xx_hal_dma_ex.c 0x00000000   Number         0  stm32l4xx_hal_dma_ex.o ABSOLUTE
    ..\Drivers\STM32L4xx_HAL_Driver\Src\stm32l4xx_hal_flash.c 0x00000000   Number         0  stm32l4xx_hal_flash.o ABSOLUTE
    ..\Drivers\STM32L4xx_HAL_Driver\Src\stm32l4xx_hal_flash_ex.c 0x00000000   Number         0  stm32l4xx_hal_flash_ex.o ABSOLUTE
    ..\Drivers\STM32L4xx_HAL_Driver\Src\stm32l4xx_hal_flash_ramfunc.c 0x00000000   Number         0  stm32l4xx_hal_flash_ramfunc.o ABSOLUTE
    ..\Drivers\STM32L4xx_HAL_Driver\Src\stm32l4xx_hal_gpio.c 0x00000000   Number         0  stm32l4xx_hal_gpio.o ABSOLUTE
    ..\Drivers\STM32L4xx_HAL_Driver\Src\stm32l4xx_hal_i2c.c 0x00000000   Number         0  stm32l4xx_hal_i2c.o ABSOLUTE
    ..\Drivers\STM32L4xx_HAL_Driver\Src\stm32l4xx_hal_i2c_ex.c 0x00000000   Number         0  stm32l4xx_hal_i2c_ex.o ABSOLUTE
    ..\Drivers\STM32L4xx_HAL_Driver\Src\stm32l4xx_hal_pwr.c 0x00000000   Number         0  stm32l4xx_hal_pwr.o ABSOLUTE
    ..\Drivers\STM32L4xx_HAL_Driver\Src\stm32l4xx_hal_pwr_ex.c 0x00000000   Number         0  stm32l4xx_hal_pwr_ex.o ABSOLUTE
    ..\Drivers\STM32L4xx_HAL_Driver\Src\stm32l4xx_hal_rcc.c 0x00000000   Number         0  stm32l4xx_hal_rcc.o ABSOLUTE
    ..\Drivers\STM32L4xx_HAL_Driver\Src\stm32l4xx_hal_rcc_ex.c 0x00000000   Number         0  stm32l4xx_hal_rcc_ex.o ABSOLUTE
    ..\Drivers\STM32L4xx_HAL_Driver\Src\stm32l4xx_hal_tim.c 0x00000000   Number         0  stm32l4xx_hal_tim.o ABSOLUTE
    ..\Drivers\STM32L4xx_HAL_Driver\Src\stm32l4xx_hal_tim_ex.c 0x00000000   Number         0  stm32l4xx_hal_tim_ex.o ABSOLUTE
    ..\Drivers\STM32L4xx_HAL_Driver\Src\stm32l4xx_hal_uart.c 0x00000000   Number         0  stm32l4xx_hal_uart.o ABSOLUTE
    ..\Drivers\STM32L4xx_HAL_Driver\Src\stm32l4xx_hal_uart_ex.c 0x00000000   Number         0  stm32l4xx_hal_uart_ex.o ABSOLUTE
    ..\MC_BLDC_Lib\Src\bldc_lib.c            0x00000000   Number         0  bldc_lib.o ABSOLUTE
    ..\Middlewares\Third_Party\FreeRTOS\Source\CMSIS_RTOS\cmsis_os.c 0x00000000   Number         0  cmsis_os.o ABSOLUTE
    ..\Middlewares\Third_Party\FreeRTOS\Source\portable\RVDS\ARM_CM4F\port.c 0x00000000   Number         0  port.o ABSOLUTE
    ..\Src\adc.c                             0x00000000   Number         0  adc.o ABSOLUTE
    ..\Src\freertos.c                        0x00000000   Number         0  freertos.o ABSOLUTE
    ..\Src\gpio.c                            0x00000000   Number         0  gpio.o ABSOLUTE
    ..\Src\main.c                            0x00000000   Number         0  main.o ABSOLUTE
    ..\Src\stm32l4xx_hal_msp.c               0x00000000   Number         0  stm32l4xx_hal_msp.o ABSOLUTE
    ..\Src\stm32l4xx_it.c                    0x00000000   Number         0  stm32l4xx_it.o ABSOLUTE
    ..\Src\system_stm32l4xx.c                0x00000000   Number         0  system_stm32l4xx.o ABSOLUTE
    ..\Src\tim.c                             0x00000000   Number         0  tim.o ABSOLUTE
    ..\Src\usart.c                           0x00000000   Number         0  usart.o ABSOLUTE
    ..\\MC_BLDC_Lib\\Src\\bldc_lib.c         0x00000000   Number         0  bldc_lib.o ABSOLUTE
    dc.s                                     0x00000000   Number         0  dc.o ABSOLUTE
    handlers.s                               0x00000000   Number         0  handlers.o ABSOLUTE
    init.s                                   0x00000000   Number         0  init.o ABSOLUTE
    startup_stm32l452xx.s                    0x00000000   Number         0  startup_stm32l452xx.o ABSOLUTE
    RESET                                    0x08000000   Section      404  startup_stm32l452xx.o(RESET)
    .ARM.Collect$$$$00000000                 0x08000194   Section        0  entry.o(.ARM.Collect$$$$00000000)
    .ARM.Collect$$$$00000001                 0x08000194   Section        4  entry2.o(.ARM.Collect$$$$00000001)
    .ARM.Collect$$$$00000004                 0x08000198   Section        4  entry5.o(.ARM.Collect$$$$00000004)
    .ARM.Collect$$$$00000008                 0x0800019c   Section        0  entry7b.o(.ARM.Collect$$$$00000008)
    .ARM.Collect$$$$0000000A                 0x0800019c   Section        0  entry8b.o(.ARM.Collect$$$$0000000A)
    .ARM.Collect$$$$0000000B                 0x0800019c   Section        8  entry9a.o(.ARM.Collect$$$$0000000B)
    .ARM.Collect$$$$0000000D                 0x080001a4   Section        0  entry10a.o(.ARM.Collect$$$$0000000D)
    .ARM.Collect$$$$0000000F                 0x080001a4   Section        0  entry11a.o(.ARM.Collect$$$$0000000F)
    .ARM.Collect$$$$00002712                 0x080001a4   Section        4  entry2.o(.ARM.Collect$$$$00002712)
    __lit__00000000                          0x080001a4   Data           4  entry2.o(.ARM.Collect$$$$00002712)
    .emb_text                                0x080001a8   Section      186  port.o(.emb_text)
    $v0                                      0x080001a8   Number         0  port.o(.emb_text)
    .text                                    0x08000284   Section       36  startup_stm32l452xx.o(.text)
    $v0                                      0x08000284   Number         0  startup_stm32l452xx.o(.text)
    .text                                    0x080002a8   Section        0  uldiv.o(.text)
    .text                                    0x08000310   Section        0  memcpya.o(.text)
    .text                                    0x08000334   Section        0  llshl.o(.text)
    .text                                    0x08000352   Section        0  llushr.o(.text)
    .text                                    0x08000374   Section       36  init.o(.text)
    i.BusFault_Handler                       0x08000398   Section        0  stm32l4xx_it.o(i.BusFault_Handler)
    i.DebugMon_Handler                       0x0800039c   Section        0  stm32l4xx_it.o(i.DebugMon_Handler)
    i.HAL_ADC_ConfigChannel                  0x080003a0   Section        0  stm32l4xx_hal_adc.o(i.HAL_ADC_ConfigChannel)
    i.HAL_ADC_Init                           0x080008e4   Section        0  stm32l4xx_hal_adc.o(i.HAL_ADC_Init)
    i.HAL_ADC_MspInit                        0x08000ad8   Section        0  adc.o(i.HAL_ADC_MspInit)
    i.HAL_GPIO_Init                          0x08000b28   Section        0  stm32l4xx_hal_gpio.o(i.HAL_GPIO_Init)
    i.HAL_GPIO_WritePin                      0x08000cf4   Section        0  stm32l4xx_hal_gpio.o(i.HAL_GPIO_WritePin)
    i.HAL_GetTick                            0x08000d00   Section        0  stm32l4xx_hal.o(i.HAL_GetTick)
    i.HAL_IncTick                            0x08000d0c   Section        0  stm32l4xx_hal.o(i.HAL_IncTick)
    i.HAL_Init                               0x08000d1c   Section        0  stm32l4xx_hal.o(i.HAL_Init)
    i.HAL_InitTick                           0x08000d34   Section        0  stm32l4xx_hal.o(i.HAL_InitTick)
    i.HAL_MspInit                            0x08000d5c   Section        0  stm32l4xx_hal_msp.o(i.HAL_MspInit)
    i.HAL_NVIC_EnableIRQ                     0x08000dec   Section        0  stm32l4xx_hal_cortex.o(i.HAL_NVIC_EnableIRQ)
    i.HAL_NVIC_SetPriority                   0x08000e06   Section        0  stm32l4xx_hal_cortex.o(i.HAL_NVIC_SetPriority)
    i.HAL_NVIC_SetPriorityGrouping           0x08000e88   Section        0  stm32l4xx_hal_cortex.o(i.HAL_NVIC_SetPriorityGrouping)
    i.HAL_PWREx_ControlVoltageScaling        0x08000eb0   Section        0  stm32l4xx_hal_pwr_ex.o(i.HAL_PWREx_ControlVoltageScaling)
    i.HAL_PWREx_GetVoltageRange              0x08000f3c   Section        0  stm32l4xx_hal_pwr_ex.o(i.HAL_PWREx_GetVoltageRange)
    i.HAL_RCCEx_PeriphCLKConfig              0x08000f4c   Section        0  stm32l4xx_hal_rcc_ex.o(i.HAL_RCCEx_PeriphCLKConfig)
    i.HAL_RCC_ClockConfig                    0x08001360   Section        0  stm32l4xx_hal_rcc.o(i.HAL_RCC_ClockConfig)
    i.HAL_RCC_GetHCLKFreq                    0x0800153c   Section        0  stm32l4xx_hal_rcc.o(i.HAL_RCC_GetHCLKFreq)
    i.HAL_RCC_GetPCLK1Freq                   0x08001548   Section        0  stm32l4xx_hal_rcc.o(i.HAL_RCC_GetPCLK1Freq)
    i.HAL_RCC_GetPCLK2Freq                   0x08001568   Section        0  stm32l4xx_hal_rcc.o(i.HAL_RCC_GetPCLK2Freq)
    i.HAL_RCC_GetSysClockFreq                0x08001588   Section        0  stm32l4xx_hal_rcc.o(i.HAL_RCC_GetSysClockFreq)
    i.HAL_RCC_OscConfig                      0x08001694   Section        0  stm32l4xx_hal_rcc.o(i.HAL_RCC_OscConfig)
    i.HAL_SYSTICK_CLKSourceConfig            0x08001d28   Section        0  stm32l4xx_hal_cortex.o(i.HAL_SYSTICK_CLKSourceConfig)
    i.HAL_SYSTICK_Config                     0x08001d50   Section        0  stm32l4xx_hal_cortex.o(i.HAL_SYSTICK_Config)
    i.HAL_TIMEx_BreakCallback                0x08001d84   Section        0  stm32l4xx_hal_tim_ex.o(i.HAL_TIMEx_BreakCallback)
    i.HAL_TIMEx_CommutationCallback          0x08001d88   Section        0  bldc_lib.o(i.HAL_TIMEx_CommutationCallback)
    i.HAL_TIMEx_ConfigBreakDeadTime          0x08001da8   Section        0  stm32l4xx_hal_tim_ex.o(i.HAL_TIMEx_ConfigBreakDeadTime)
    i.HAL_TIMEx_ConfigCommutationEvent_IT    0x08001e5c   Section        0  stm32l4xx_hal_tim_ex.o(i.HAL_TIMEx_ConfigCommutationEvent_IT)
    i.HAL_TIMEx_HallSensor_Init              0x08001ed8   Section        0  stm32l4xx_hal_tim_ex.o(i.HAL_TIMEx_HallSensor_Init)
    i.HAL_TIMEx_HallSensor_MspInit           0x08001fac   Section        0  stm32l4xx_hal_tim_ex.o(i.HAL_TIMEx_HallSensor_MspInit)
    i.HAL_TIMEx_HallSensor_Start_IT          0x08001fae   Section        0  stm32l4xx_hal_tim_ex.o(i.HAL_TIMEx_HallSensor_Start_IT)
    i.HAL_TIMEx_MasterConfigSynchronization  0x08001fd8   Section        0  stm32l4xx_hal_tim_ex.o(i.HAL_TIMEx_MasterConfigSynchronization)
    i.HAL_TIMEx_OCN_Start                    0x08002038   Section        0  stm32l4xx_hal_tim_ex.o(i.HAL_TIMEx_OCN_Start)
    i.HAL_TIM_Base_Init                      0x08002064   Section        0  stm32l4xx_hal_tim.o(i.HAL_TIM_Base_Init)
    i.HAL_TIM_Base_MspInit                   0x08002098   Section        0  tim.o(i.HAL_TIM_Base_MspInit)
    i.HAL_TIM_ConfigClockSource              0x0800216c   Section        0  stm32l4xx_hal_tim.o(i.HAL_TIM_ConfigClockSource)
    i.HAL_TIM_IC_CaptureCallback             0x080022a4   Section        0  bldc_lib.o(i.HAL_TIM_IC_CaptureCallback)
    i.HAL_TIM_IRQHandler                     0x080022c8   Section        0  stm32l4xx_hal_tim.o(i.HAL_TIM_IRQHandler)
    i.HAL_TIM_MspPostInit                    0x08002460   Section        0  tim.o(i.HAL_TIM_MspPostInit)
    i.HAL_TIM_OC_ConfigChannel               0x080024b4   Section        0  stm32l4xx_hal_tim.o(i.HAL_TIM_OC_ConfigChannel)
    i.HAL_TIM_OC_DelayElapsedCallback        0x08002548   Section        0  stm32l4xx_hal_tim.o(i.HAL_TIM_OC_DelayElapsedCallback)
    i.HAL_TIM_OC_Start                       0x0800254c   Section        0  stm32l4xx_hal_tim.o(i.HAL_TIM_OC_Start)
    i.HAL_TIM_PWM_ConfigChannel              0x080025a4   Section        0  stm32l4xx_hal_tim.o(i.HAL_TIM_PWM_ConfigChannel)
    i.HAL_TIM_PWM_Init                       0x08002718   Section        0  stm32l4xx_hal_tim.o(i.HAL_TIM_PWM_Init)
    i.HAL_TIM_PWM_MspInit                    0x0800274c   Section        0  stm32l4xx_hal_tim.o(i.HAL_TIM_PWM_MspInit)
    i.HAL_TIM_PWM_PulseFinishedCallback      0x0800274e   Section        0  stm32l4xx_hal_tim.o(i.HAL_TIM_PWM_PulseFinishedCallback)
    i.HAL_TIM_PeriodElapsedCallback          0x08002750   Section        0  bldc_lib.o(i.HAL_TIM_PeriodElapsedCallback)
    i.HAL_TIM_SlaveConfigSynchronization     0x0800276c   Section        0  stm32l4xx_hal_tim.o(i.HAL_TIM_SlaveConfigSynchronization)
    i.HAL_TIM_TriggerCallback                0x080027c2   Section        0  stm32l4xx_hal_tim.o(i.HAL_TIM_TriggerCallback)
    i.HAL_UART_Init                          0x080027c4   Section        0  stm32l4xx_hal_uart.o(i.HAL_UART_Init)
    i.HAL_UART_MspInit                       0x0800283c   Section        0  usart.o(i.HAL_UART_MspInit)
    i.HardFault_Handler                      0x08002894   Section        0  stm32l4xx_it.o(i.HardFault_Handler)
    i.LL_ADC_GetCommonPathInternalCh         0x08002898   Section        0  stm32l4xx_hal_adc.o(i.LL_ADC_GetCommonPathInternalCh)
    LL_ADC_GetCommonPathInternalCh           0x08002899   Thumb Code    10  stm32l4xx_hal_adc.o(i.LL_ADC_GetCommonPathInternalCh)
    i.LL_ADC_GetOffsetChannel                0x080028a2   Section        0  stm32l4xx_hal_adc.o(i.LL_ADC_GetOffsetChannel)
    LL_ADC_GetOffsetChannel                  0x080028a3   Thumb Code    18  stm32l4xx_hal_adc.o(i.LL_ADC_GetOffsetChannel)
    i.LL_ADC_IsInternalRegulatorEnabled      0x080028b4   Section        0  stm32l4xx_hal_adc.o(i.LL_ADC_IsInternalRegulatorEnabled)
    LL_ADC_IsInternalRegulatorEnabled        0x080028b5   Thumb Code    10  stm32l4xx_hal_adc.o(i.LL_ADC_IsInternalRegulatorEnabled)
    i.LL_ADC_REG_IsConversionOngoing         0x080028be   Section        0  stm32l4xx_hal_adc.o(i.LL_ADC_REG_IsConversionOngoing)
    LL_ADC_REG_IsConversionOngoing           0x080028bf   Thumb Code    10  stm32l4xx_hal_adc.o(i.LL_ADC_REG_IsConversionOngoing)
    i.LL_ADC_SetChannelSamplingTime          0x080028c8   Section        0  stm32l4xx_hal_adc.o(i.LL_ADC_SetChannelSamplingTime)
    LL_ADC_SetChannelSamplingTime            0x080028c9   Thumb Code    82  stm32l4xx_hal_adc.o(i.LL_ADC_SetChannelSamplingTime)
    i.LL_ADC_SetCommonPathInternalCh         0x0800291a   Section        0  stm32l4xx_hal_adc.o(i.LL_ADC_SetCommonPathInternalCh)
    LL_ADC_SetCommonPathInternalCh           0x0800291b   Thumb Code    12  stm32l4xx_hal_adc.o(i.LL_ADC_SetCommonPathInternalCh)
    i.LL_ADC_SetOffsetState                  0x08002926   Section        0  stm32l4xx_hal_adc.o(i.LL_ADC_SetOffsetState)
    LL_ADC_SetOffsetState                    0x08002927   Thumb Code    22  stm32l4xx_hal_adc.o(i.LL_ADC_SetOffsetState)
    i.LL_ADC_SetSamplingTimeCommonConfig     0x0800293c   Section        0  stm32l4xx_hal_adc.o(i.LL_ADC_SetSamplingTimeCommonConfig)
    LL_ADC_SetSamplingTimeCommonConfig       0x0800293d   Thumb Code    12  stm32l4xx_hal_adc.o(i.LL_ADC_SetSamplingTimeCommonConfig)
    i.MC_SixStep_GetElSpeedHz                0x08002948   Section        0  bldc_lib.o(i.MC_SixStep_GetElSpeedHz)
    i.MC_SixStep_GetMechSpeedRPM             0x08002960   Section        0  bldc_lib.o(i.MC_SixStep_GetMechSpeedRPM)
    i.MC_SixStep_Handler                     0x08002984   Section        0  bldc_lib.o(i.MC_SixStep_Handler)
    i.MC_SixStep_Init                        0x080029b0   Section        0  bldc_lib.o(i.MC_SixStep_Init)
    i.MC_SixStep_NextStep                    0x080029d0   Section        0  bldc_lib.o(i.MC_SixStep_NextStep)
    i.MC_SixStep_Table                       0x08002a20   Section        0  bldc_lib.o(i.MC_SixStep_Table)
    i.MX_ADC1_Init                           0x08002bc0   Section        0  adc.o(i.MX_ADC1_Init)
    i.MX_FREERTOS_Init                       0x08002c74   Section        0  freertos.o(i.MX_FREERTOS_Init)
    i.MX_GPIO_Init                           0x08002cb8   Section        0  gpio.o(i.MX_GPIO_Init)
    i.MX_TIM1_Init                           0x08002d6c   Section        0  tim.o(i.MX_TIM1_Init)
    i.MX_TIM2_Init                           0x08002eb0   Section        0  tim.o(i.MX_TIM2_Init)
    i.MX_TIM6_Init                           0x08002f48   Section        0  tim.o(i.MX_TIM6_Init)
    i.MX_USART1_UART_Init                    0x08002fa4   Section        0  usart.o(i.MX_USART1_UART_Init)
    i.MemManage_Handler                      0x08002ff8   Section        0  stm32l4xx_it.o(i.MemManage_Handler)
    i.NMI_Handler                            0x08002ffc   Section        0  stm32l4xx_it.o(i.NMI_Handler)
    i.NVIC_GetPriorityGrouping               0x08003000   Section        0  stm32l4xx_hal_cortex.o(i.NVIC_GetPriorityGrouping)
    NVIC_GetPriorityGrouping                 0x08003001   Thumb Code    10  stm32l4xx_hal_cortex.o(i.NVIC_GetPriorityGrouping)
    i.NVIC_SetPriority                       0x08003010   Section        0  stm32l4xx_hal_cortex.o(i.NVIC_SetPriority)
    NVIC_SetPriority                         0x08003011   Thumb Code    32  stm32l4xx_hal_cortex.o(i.NVIC_SetPriority)
    i.RCCEx_PLLSAI1_Config                   0x08003038   Section        0  stm32l4xx_hal_rcc_ex.o(i.RCCEx_PLLSAI1_Config)
    RCCEx_PLLSAI1_Config                     0x08003039   Thumb Code   378  stm32l4xx_hal_rcc_ex.o(i.RCCEx_PLLSAI1_Config)
    i.RCC_SetFlashLatencyFromMSIRange        0x080031c4   Section        0  stm32l4xx_hal_rcc.o(i.RCC_SetFlashLatencyFromMSIRange)
    RCC_SetFlashLatencyFromMSIRange          0x080031c5   Thumb Code   150  stm32l4xx_hal_rcc.o(i.RCC_SetFlashLatencyFromMSIRange)
    i.StartDefaultTask                       0x08003264   Section        0  freertos.o(i.StartDefaultTask)
    i.Start_MC_Task                          0x08003270   Section        0  freertos.o(i.Start_MC_Task)
    i.SysTick_Handler                        0x08003282   Section        0  stm32l4xx_it.o(i.SysTick_Handler)
    i.SystemClock_Config                     0x08003290   Section        0  main.o(i.SystemClock_Config)
    i.SystemInit                             0x0800336c   Section        0  system_stm32l4xx.o(i.SystemInit)
    i.TIM1_TRG_COM_IRQHandler                0x080033bc   Section        0  stm32l4xx_it.o(i.TIM1_TRG_COM_IRQHandler)
    i.TIM2_IRQHandler                        0x080033cc   Section        0  stm32l4xx_it.o(i.TIM2_IRQHandler)
    i.TIM6_DAC_IRQHandler                    0x080033dc   Section        0  stm32l4xx_it.o(i.TIM6_DAC_IRQHandler)
    i.TIM_Base_SetConfig                     0x080033ec   Section        0  stm32l4xx_hal_tim.o(i.TIM_Base_SetConfig)
    i.TIM_CCxChannelCmd                      0x08003470   Section        0  stm32l4xx_hal_tim.o(i.TIM_CCxChannelCmd)
    i.TIM_CCxNChannelCmd                     0x0800348c   Section        0  stm32l4xx_hal_tim_ex.o(i.TIM_CCxNChannelCmd)
    TIM_CCxNChannelCmd                       0x0800348d   Thumb Code    28  stm32l4xx_hal_tim_ex.o(i.TIM_CCxNChannelCmd)
    i.TIM_ETR_SetConfig                      0x080034a8   Section        0  stm32l4xx_hal_tim.o(i.TIM_ETR_SetConfig)
    i.TIM_ITRx_SetConfig                     0x080034c0   Section        0  stm32l4xx_hal_tim.o(i.TIM_ITRx_SetConfig)
    TIM_ITRx_SetConfig                       0x080034c1   Thumb Code    20  stm32l4xx_hal_tim.o(i.TIM_ITRx_SetConfig)
    i.TIM_OC1_SetConfig                      0x080034d4   Section        0  stm32l4xx_hal_tim.o(i.TIM_OC1_SetConfig)
    TIM_OC1_SetConfig                        0x080034d5   Thumb Code   124  stm32l4xx_hal_tim.o(i.TIM_OC1_SetConfig)
    i.TIM_OC2_SetConfig                      0x08003560   Section        0  stm32l4xx_hal_tim.o(i.TIM_OC2_SetConfig)
    i.TIM_OC3_SetConfig                      0x080035f8   Section        0  stm32l4xx_hal_tim.o(i.TIM_OC3_SetConfig)
    TIM_OC3_SetConfig                        0x080035f9   Thumb Code   132  stm32l4xx_hal_tim.o(i.TIM_OC3_SetConfig)
    i.TIM_OC4_SetConfig                      0x0800368c   Section        0  stm32l4xx_hal_tim.o(i.TIM_OC4_SetConfig)
    TIM_OC4_SetConfig                        0x0800368d   Thumb Code    86  stm32l4xx_hal_tim.o(i.TIM_OC4_SetConfig)
    i.TIM_OC5_SetConfig                      0x080036f4   Section        0  stm32l4xx_hal_tim.o(i.TIM_OC5_SetConfig)
    TIM_OC5_SetConfig                        0x080036f5   Thumb Code    80  stm32l4xx_hal_tim.o(i.TIM_OC5_SetConfig)
    i.TIM_OC6_SetConfig                      0x08003754   Section        0  stm32l4xx_hal_tim.o(i.TIM_OC6_SetConfig)
    TIM_OC6_SetConfig                        0x08003755   Thumb Code    82  stm32l4xx_hal_tim.o(i.TIM_OC6_SetConfig)
    i.TIM_SlaveTimer_SetConfig               0x080037b8   Section        0  stm32l4xx_hal_tim.o(i.TIM_SlaveTimer_SetConfig)
    TIM_SlaveTimer_SetConfig                 0x080037b9   Thumb Code   164  stm32l4xx_hal_tim.o(i.TIM_SlaveTimer_SetConfig)
    i.TIM_TI1_ConfigInputStage               0x08003860   Section        0  stm32l4xx_hal_tim.o(i.TIM_TI1_ConfigInputStage)
    TIM_TI1_ConfigInputStage                 0x08003861   Thumb Code    42  stm32l4xx_hal_tim.o(i.TIM_TI1_ConfigInputStage)
    i.TIM_TI1_SetConfig                      0x0800388c   Section        0  stm32l4xx_hal_tim.o(i.TIM_TI1_SetConfig)
    i.TIM_TI2_ConfigInputStage               0x080038f8   Section        0  stm32l4xx_hal_tim.o(i.TIM_TI2_ConfigInputStage)
    TIM_TI2_ConfigInputStage                 0x080038f9   Thumb Code    44  stm32l4xx_hal_tim.o(i.TIM_TI2_ConfigInputStage)
    i.UART_AdvFeatureConfig                  0x08003924   Section        0  stm32l4xx_hal_uart.o(i.UART_AdvFeatureConfig)
    i.UART_CheckIdleState                    0x08003a1c   Section        0  stm32l4xx_hal_uart.o(i.UART_CheckIdleState)
    i.UART_SetConfig                         0x08003a90   Section        0  stm32l4xx_hal_uart.o(i.UART_SetConfig)
    i.UART_WaitOnFlagUntilTimeout            0x08003ede   Section        0  stm32l4xx_hal_uart.o(i.UART_WaitOnFlagUntilTimeout)
    i.UsageFault_Handler                     0x08003f4a   Section        0  stm32l4xx_it.o(i.UsageFault_Handler)
    i._Error_Handler                         0x08003f4e   Section        0  main.o(i._Error_Handler)
    i.__scatterload_copy                     0x08003f52   Section       14  handlers.o(i.__scatterload_copy)
    i.__scatterload_null                     0x08003f60   Section        2  handlers.o(i.__scatterload_null)
    i.__scatterload_zeroinit                 0x08003f62   Section       14  handlers.o(i.__scatterload_zeroinit)
    i.main                                   0x08003f70   Section        0  main.o(i.main)
    i.makeFreeRtosPriority                   0x08003f9c   Section        0  cmsis_os.o(i.makeFreeRtosPriority)
    makeFreeRtosPriority                     0x08003f9d   Thumb Code    14  cmsis_os.o(i.makeFreeRtosPriority)
    i.osDelay                                0x08003faa   Section        0  cmsis_os.o(i.osDelay)
    i.osKernelStart                          0x08003fc2   Section        0  cmsis_os.o(i.osKernelStart)
    i.osSystickHandler                       0x08003fcc   Section        0  cmsis_os.o(i.osSystickHandler)
    i.osThreadCreate                         0x08003fdc   Section        0  cmsis_os.o(i.osThreadCreate)
    i.prvAddCurrentTaskToDelayedList         0x0800400c   Section        0  tasks.o(i.prvAddCurrentTaskToDelayedList)
    prvAddCurrentTaskToDelayedList           0x0800400d   Thumb Code   124  tasks.o(i.prvAddCurrentTaskToDelayedList)
    i.prvAddNewTaskToReadyList               0x080040a4   Section        0  tasks.o(i.prvAddNewTaskToReadyList)
    prvAddNewTaskToReadyList                 0x080040a5   Thumb Code   150  tasks.o(i.prvAddNewTaskToReadyList)
    i.prvCheckTasksWaitingTermination        0x08004158   Section        0  tasks.o(i.prvCheckTasksWaitingTermination)
    prvCheckTasksWaitingTermination          0x08004159   Thumb Code    86  tasks.o(i.prvCheckTasksWaitingTermination)
    i.prvDeleteTCB                           0x080041bc   Section        0  tasks.o(i.prvDeleteTCB)
    prvDeleteTCB                             0x080041bd   Thumb Code    18  tasks.o(i.prvDeleteTCB)
    i.prvHeapInit                            0x080041d0   Section        0  heap_4.o(i.prvHeapInit)
    prvHeapInit                              0x080041d1   Thumb Code    98  heap_4.o(i.prvHeapInit)
    i.prvIdleTask                            0x0800424c   Section        0  tasks.o(i.prvIdleTask)
    prvIdleTask                              0x0800424d   Thumb Code    32  tasks.o(i.prvIdleTask)
    i.prvInitialiseNewTask                   0x08004274   Section        0  tasks.o(i.prvInitialiseNewTask)
    prvInitialiseNewTask                     0x08004275   Thumb Code   170  tasks.o(i.prvInitialiseNewTask)
    i.prvInitialiseTaskLists                 0x08004324   Section        0  tasks.o(i.prvInitialiseTaskLists)
    prvInitialiseTaskLists                   0x08004325   Thumb Code    70  tasks.o(i.prvInitialiseTaskLists)
    i.prvInsertBlockIntoFreeList             0x0800438c   Section        0  heap_4.o(i.prvInsertBlockIntoFreeList)
    prvInsertBlockIntoFreeList               0x0800438d   Thumb Code    96  heap_4.o(i.prvInsertBlockIntoFreeList)
    i.prvResetNextTaskUnblockTime            0x080043f4   Section        0  tasks.o(i.prvResetNextTaskUnblockTime)
    prvResetNextTaskUnblockTime              0x080043f5   Thumb Code    42  tasks.o(i.prvResetNextTaskUnblockTime)
    i.prvTaskExitError                       0x08004428   Section        0  port.o(i.prvTaskExitError)
    prvTaskExitError                         0x08004429   Thumb Code    60  port.o(i.prvTaskExitError)
    i.pvPortMalloc                           0x08004468   Section        0  heap_4.o(i.pvPortMalloc)
    i.pxPortInitialiseStack                  0x080045a4   Section        0  port.o(i.pxPortInitialiseStack)
    i.uxListRemove                           0x080045d0   Section        0  list.o(i.uxListRemove)
    i.vListInitialise                        0x080045f8   Section        0  list.o(i.vListInitialise)
    i.vListInitialiseItem                    0x08004612   Section        0  list.o(i.vListInitialiseItem)
    i.vListInsert                            0x08004618   Section        0  list.o(i.vListInsert)
    i.vListInsertEnd                         0x0800464c   Section        0  list.o(i.vListInsertEnd)
    i.vPortEnterCritical                     0x08004664   Section        0  port.o(i.vPortEnterCritical)
    i.vPortExitCritical                      0x080046b8   Section        0  port.o(i.vPortExitCritical)
    i.vPortFree                              0x080046f4   Section        0  heap_4.o(i.vPortFree)
    i.vPortSetupTimerInterrupt               0x08004788   Section        0  port.o(i.vPortSetupTimerInterrupt)
    i.vTaskDelay                             0x080047a8   Section        0  tasks.o(i.vTaskDelay)
    i.vTaskStartScheduler                    0x08004804   Section        0  tasks.o(i.vTaskStartScheduler)
    i.vTaskSuspendAll                        0x0800488c   Section        0  tasks.o(i.vTaskSuspendAll)
    i.vTaskSwitchContext                     0x0800489c   Section        0  tasks.o(i.vTaskSwitchContext)
    i.xPortStartScheduler                    0x08004928   Section        0  port.o(i.xPortStartScheduler)
    i.xPortSysTickHandler                    0x08004a64   Section        0  port.o(i.xPortSysTickHandler)
    i.xTaskCreate                            0x08004a98   Section        0  tasks.o(i.xTaskCreate)
    i.xTaskGetSchedulerState                 0x08004b00   Section        0  tasks.o(i.xTaskGetSchedulerState)
    i.xTaskIncrementTick                     0x08004b20   Section        0  tasks.o(i.xTaskIncrementTick)
    i.xTaskResumeAll                         0x08004c68   Section        0  tasks.o(i.xTaskResumeAll)
    .constdata                               0x08004d6c   Section       72  system_stm32l4xx.o(.constdata)
    .constdata                               0x08004db4   Section       40  freertos.o(.constdata)
    .conststring                             0x08004ddc   Section       20  freertos.o(.conststring)
    .data                                    0x20000000   Section        4  stm32l4xx_hal.o(.data)
    .data                                    0x20000004   Section       24  heap_4.o(.data)
    xStart                                   0x20000004   Data           8  heap_4.o(.data)
    pxEnd                                    0x2000000c   Data           4  heap_4.o(.data)
    xFreeBytesRemaining                      0x20000010   Data           4  heap_4.o(.data)
    xMinimumEverFreeBytesRemaining           0x20000014   Data           4  heap_4.o(.data)
    xBlockAllocatedBit                       0x20000018   Data           4  heap_4.o(.data)
    .data                                    0x2000001c   Section       60  tasks.o(.data)
    pxDelayedTaskList                        0x20000020   Data           4  tasks.o(.data)
    pxOverflowDelayedTaskList                0x20000024   Data           4  tasks.o(.data)
    uxDeletedTasksWaitingCleanUp             0x20000028   Data           4  tasks.o(.data)
    uxCurrentNumberOfTasks                   0x2000002c   Data           4  tasks.o(.data)
    xTickCount                               0x20000030   Data           4  tasks.o(.data)
    uxTopReadyPriority                       0x20000034   Data           4  tasks.o(.data)
    xSchedulerRunning                        0x20000038   Data           4  tasks.o(.data)
    uxPendedTicks                            0x2000003c   Data           4  tasks.o(.data)
    xYieldPending                            0x20000040   Data           4  tasks.o(.data)
    xNumOfOverflows                          0x20000044   Data           4  tasks.o(.data)
    uxTaskNumber                             0x20000048   Data           4  tasks.o(.data)
    xNextTaskUnblockTime                     0x2000004c   Data           4  tasks.o(.data)
    xIdleTaskHandle                          0x20000050   Data           4  tasks.o(.data)
    uxSchedulerSuspended                     0x20000054   Data           4  tasks.o(.data)
    .data                                    0x20000058   Section       12  port.o(.data)
    uxCriticalNesting                        0x20000058   Data           4  port.o(.data)
    ucMaxSysCallPriority                     0x2000005c   Data           1  port.o(.data)
    ulMaxPRIGROUPValue                       0x20000060   Data           4  port.o(.data)
    .data                                    0x20000064   Section        4  system_stm32l4xx.o(.data)
    .data                                    0x20000068   Section        8  freertos.o(.data)
    .data                                    0x20000070   Section        1  bldc_lib.o(.data)
    step                                     0x20000070   Data           1  bldc_lib.o(.data)
    .bss                                     0x20000074   Section     4096  heap_4.o(.bss)
    ucHeap                                   0x20000074   Data        4096  heap_4.o(.bss)
    .bss                                     0x20001074   Section      240  tasks.o(.bss)
    pxReadyTasksLists                        0x20001074   Data         140  tasks.o(.bss)
    xDelayedTaskList1                        0x20001100   Data          20  tasks.o(.bss)
    xDelayedTaskList2                        0x20001114   Data          20  tasks.o(.bss)
    xPendingReadyList                        0x20001128   Data          20  tasks.o(.bss)
    xTasksWaitingTermination                 0x2000113c   Data          20  tasks.o(.bss)
    xSuspendedTaskList                       0x20001150   Data          20  tasks.o(.bss)
    .bss                                     0x20001164   Section      108  adc.o(.bss)
    .bss                                     0x200011d0   Section      120  usart.o(.bss)
    .bss                                     0x20001248   Section      192  tim.o(.bss)
    .bss                                     0x20001308   Section       52  bldc_lib.o(.bss)
    STACK                                    0x20001340   Section    16384  startup_stm32l452xx.o(STACK)

    Global Symbols

    Symbol Name                              Value     Ov Type        Size  Object(Section)

    BuildAttributes$$THM_ISAv4$E$P$D$K$B$S$7EM$VFPi3$EXTD16$VFPS$VFMA$PE$A:L22UL41UL21$X:L11$S22US41US21$IEEE1$IW$USESV6$~STKCKD$USESV7$~SHL$OSPACE$EBA8$MICROLIB$REQ8$PRES8$EABIv2 0x00000000   Number         0  anon$$obj.o ABSOLUTE
    __ARM_use_no_argv                        0x00000000   Number         0  main.o ABSOLUTE
    __cpp_initialize__aeabi_                  - Undefined Weak Reference
    __cxa_finalize                            - Undefined Weak Reference
    __decompress                              - Undefined Weak Reference
    _clock_init                               - Undefined Weak Reference
    _microlib_exit                            - Undefined Weak Reference
    __Vectors_Size                           0x00000194   Number         0  startup_stm32l452xx.o ABSOLUTE
    __Vectors                                0x08000000   Data           4  startup_stm32l452xx.o(RESET)
    __Vectors_End                            0x08000194   Data           0  startup_stm32l452xx.o(RESET)
    __main                                   0x08000195   Thumb Code     0  entry.o(.ARM.Collect$$$$00000000)
    _main_stk                                0x08000195   Thumb Code     0  entry2.o(.ARM.Collect$$$$00000001)
    _main_scatterload                        0x08000199   Thumb Code     0  entry5.o(.ARM.Collect$$$$00000004)
    __main_after_scatterload                 0x0800019d   Thumb Code     0  entry5.o(.ARM.Collect$$$$00000004)
    _main_clock                              0x0800019d   Thumb Code     0  entry7b.o(.ARM.Collect$$$$00000008)
    _main_cpp_init                           0x0800019d   Thumb Code     0  entry8b.o(.ARM.Collect$$$$0000000A)
    _main_init                               0x0800019d   Thumb Code     0  entry9a.o(.ARM.Collect$$$$0000000B)
    __rt_final_cpp                           0x080001a5   Thumb Code     0  entry10a.o(.ARM.Collect$$$$0000000D)
    __rt_final_exit                          0x080001a5   Thumb Code     0  entry11a.o(.ARM.Collect$$$$0000000F)
    SVC_Handler                              0x080001a9   Thumb Code    28  port.o(.emb_text)
    __asm___6_port_c_39a90d8d__prvStartFirstTask 0x080001c9   Thumb Code    28  port.o(.emb_text)
    __asm___6_port_c_39a90d8d__prvEnableVFP  0x080001e9   Thumb Code    16  port.o(.emb_text)
    PendSV_Handler                           0x080001fd   Thumb Code    92  port.o(.emb_text)
    vPortGetIPSR                             0x0800025d   Thumb Code     6  port.o(.emb_text)
    Reset_Handler                            0x08000285   Thumb Code     8  startup_stm32l452xx.o(.text)
    ADC1_IRQHandler                          0x0800029f   Thumb Code     0  startup_stm32l452xx.o(.text)
    CAN1_RX0_IRQHandler                      0x0800029f   Thumb Code     0  startup_stm32l452xx.o(.text)
    CAN1_RX1_IRQHandler                      0x0800029f   Thumb Code     0  startup_stm32l452xx.o(.text)
    CAN1_SCE_IRQHandler                      0x0800029f   Thumb Code     0  startup_stm32l452xx.o(.text)
    CAN1_TX_IRQHandler                       0x0800029f   Thumb Code     0  startup_stm32l452xx.o(.text)
    COMP_IRQHandler                          0x0800029f   Thumb Code     0  startup_stm32l452xx.o(.text)
    CRS_IRQHandler                           0x0800029f   Thumb Code     0  startup_stm32l452xx.o(.text)
    DFSDM1_FLT0_IRQHandler                   0x0800029f   Thumb Code     0  startup_stm32l452xx.o(.text)
    DFSDM1_FLT1_IRQHandler                   0x0800029f   Thumb Code     0  startup_stm32l452xx.o(.text)
    DMA1_Channel1_IRQHandler                 0x0800029f   Thumb Code     0  startup_stm32l452xx.o(.text)
    DMA1_Channel2_IRQHandler                 0x0800029f   Thumb Code     0  startup_stm32l452xx.o(.text)
    DMA1_Channel3_IRQHandler                 0x0800029f   Thumb Code     0  startup_stm32l452xx.o(.text)
    DMA1_Channel4_IRQHandler                 0x0800029f   Thumb Code     0  startup_stm32l452xx.o(.text)
    DMA1_Channel5_IRQHandler                 0x0800029f   Thumb Code     0  startup_stm32l452xx.o(.text)
    DMA1_Channel6_IRQHandler                 0x0800029f   Thumb Code     0  startup_stm32l452xx.o(.text)
    DMA1_Channel7_IRQHandler                 0x0800029f   Thumb Code     0  startup_stm32l452xx.o(.text)
    DMA2_Channel1_IRQHandler                 0x0800029f   Thumb Code     0  startup_stm32l452xx.o(.text)
    DMA2_Channel2_IRQHandler                 0x0800029f   Thumb Code     0  startup_stm32l452xx.o(.text)
    DMA2_Channel3_IRQHandler                 0x0800029f   Thumb Code     0  startup_stm32l452xx.o(.text)
    DMA2_Channel4_IRQHandler                 0x0800029f   Thumb Code     0  startup_stm32l452xx.o(.text)
    DMA2_Channel5_IRQHandler                 0x0800029f   Thumb Code     0  startup_stm32l452xx.o(.text)
    DMA2_Channel6_IRQHandler                 0x0800029f   Thumb Code     0  startup_stm32l452xx.o(.text)
    DMA2_Channel7_IRQHandler                 0x0800029f   Thumb Code     0  startup_stm32l452xx.o(.text)
    EXTI0_IRQHandler                         0x0800029f   Thumb Code     0  startup_stm32l452xx.o(.text)
    EXTI15_10_IRQHandler                     0x0800029f   Thumb Code     0  startup_stm32l452xx.o(.text)
    EXTI1_IRQHandler                         0x0800029f   Thumb Code     0  startup_stm32l452xx.o(.text)
    EXTI2_IRQHandler                         0x0800029f   Thumb Code     0  startup_stm32l452xx.o(.text)
    EXTI3_IRQHandler                         0x0800029f   Thumb Code     0  startup_stm32l452xx.o(.text)
    EXTI4_IRQHandler                         0x0800029f   Thumb Code     0  startup_stm32l452xx.o(.text)
    EXTI9_5_IRQHandler                       0x0800029f   Thumb Code     0  startup_stm32l452xx.o(.text)
    FLASH_IRQHandler                         0x0800029f   Thumb Code     0  startup_stm32l452xx.o(.text)
    FPU_IRQHandler                           0x0800029f   Thumb Code     0  startup_stm32l452xx.o(.text)
    I2C1_ER_IRQHandler                       0x0800029f   Thumb Code     0  startup_stm32l452xx.o(.text)
    I2C1_EV_IRQHandler                       0x0800029f   Thumb Code     0  startup_stm32l452xx.o(.text)
    I2C2_ER_IRQHandler                       0x0800029f   Thumb Code     0  startup_stm32l452xx.o(.text)
    I2C2_EV_IRQHandler                       0x0800029f   Thumb Code     0  startup_stm32l452xx.o(.text)
    I2C3_ER_IRQHandler                       0x0800029f   Thumb Code     0  startup_stm32l452xx.o(.text)
    I2C3_EV_IRQHandler                       0x0800029f   Thumb Code     0  startup_stm32l452xx.o(.text)
    I2C4_ER_IRQHandler                       0x0800029f   Thumb Code     0  startup_stm32l452xx.o(.text)
    I2C4_EV_IRQHandler                       0x0800029f   Thumb Code     0  startup_stm32l452xx.o(.text)
    LPTIM1_IRQHandler                        0x0800029f   Thumb Code     0  startup_stm32l452xx.o(.text)
    LPTIM2_IRQHandler                        0x0800029f   Thumb Code     0  startup_stm32l452xx.o(.text)
    LPUART1_IRQHandler                       0x0800029f   Thumb Code     0  startup_stm32l452xx.o(.text)
    PVD_PVM_IRQHandler                       0x0800029f   Thumb Code     0  startup_stm32l452xx.o(.text)
    QUADSPI_IRQHandler                       0x0800029f   Thumb Code     0  startup_stm32l452xx.o(.text)
    RCC_IRQHandler                           0x0800029f   Thumb Code     0  startup_stm32l452xx.o(.text)
    RNG_IRQHandler                           0x0800029f   Thumb Code     0  startup_stm32l452xx.o(.text)
    RTC_Alarm_IRQHandler                     0x0800029f   Thumb Code     0  startup_stm32l452xx.o(.text)
    RTC_WKUP_IRQHandler                      0x0800029f   Thumb Code     0  startup_stm32l452xx.o(.text)
    SAI1_IRQHandler                          0x0800029f   Thumb Code     0  startup_stm32l452xx.o(.text)
    SDMMC1_IRQHandler                        0x0800029f   Thumb Code     0  startup_stm32l452xx.o(.text)
    SPI1_IRQHandler                          0x0800029f   Thumb Code     0  startup_stm32l452xx.o(.text)
    SPI2_IRQHandler                          0x0800029f   Thumb Code     0  startup_stm32l452xx.o(.text)
    SPI3_IRQHandler                          0x0800029f   Thumb Code     0  startup_stm32l452xx.o(.text)
    TAMP_STAMP_IRQHandler                    0x0800029f   Thumb Code     0  startup_stm32l452xx.o(.text)
    TIM1_BRK_TIM15_IRQHandler                0x0800029f   Thumb Code     0  startup_stm32l452xx.o(.text)
    TIM1_CC_IRQHandler                       0x0800029f   Thumb Code     0  startup_stm32l452xx.o(.text)
    TIM1_UP_TIM16_IRQHandler                 0x0800029f   Thumb Code     0  startup_stm32l452xx.o(.text)
    TIM3_IRQHandler                          0x0800029f   Thumb Code     0  startup_stm32l452xx.o(.text)
    TSC_IRQHandler                           0x0800029f   Thumb Code     0  startup_stm32l452xx.o(.text)
    UART4_IRQHandler                         0x0800029f   Thumb Code     0  startup_stm32l452xx.o(.text)
    USART1_IRQHandler                        0x0800029f   Thumb Code     0  startup_stm32l452xx.o(.text)
    USART2_IRQHandler                        0x0800029f   Thumb Code     0  startup_stm32l452xx.o(.text)
    USART3_IRQHandler                        0x0800029f   Thumb Code     0  startup_stm32l452xx.o(.text)
    USB_IRQHandler                           0x0800029f   Thumb Code     0  startup_stm32l452xx.o(.text)
    WWDG_IRQHandler                          0x0800029f   Thumb Code     0  startup_stm32l452xx.o(.text)
    __aeabi_uldivmod                         0x080002a9   Thumb Code    98  uldiv.o(.text)
    __aeabi_memcpy                           0x08000311   Thumb Code    36  memcpya.o(.text)
    __aeabi_memcpy4                          0x08000311   Thumb Code     0  memcpya.o(.text)
    __aeabi_memcpy8                          0x08000311   Thumb Code     0  memcpya.o(.text)
    __aeabi_llsl                             0x08000335   Thumb Code    30  llshl.o(.text)
    _ll_shift_l                              0x08000335   Thumb Code     0  llshl.o(.text)
    __aeabi_llsr                             0x08000353   Thumb Code    32  llushr.o(.text)
    _ll_ushift_r                             0x08000353   Thumb Code     0  llushr.o(.text)
    __scatterload                            0x08000375   Thumb Code    28  init.o(.text)
    __scatterload_rt2                        0x08000375   Thumb Code     0  init.o(.text)
    BusFault_Handler                         0x08000399   Thumb Code     4  stm32l4xx_it.o(i.BusFault_Handler)
    DebugMon_Handler                         0x0800039d   Thumb Code     2  stm32l4xx_it.o(i.DebugMon_Handler)
    HAL_ADC_ConfigChannel                    0x080003a1   Thumb Code  1320  stm32l4xx_hal_adc.o(i.HAL_ADC_ConfigChannel)
    HAL_ADC_Init                             0x080008e5   Thumb Code   474  stm32l4xx_hal_adc.o(i.HAL_ADC_Init)
    HAL_ADC_MspInit                          0x08000ad9   Thumb Code    66  adc.o(i.HAL_ADC_MspInit)
    HAL_GPIO_Init                            0x08000b29   Thumb Code   432  stm32l4xx_hal_gpio.o(i.HAL_GPIO_Init)
    HAL_GPIO_WritePin                        0x08000cf5   Thumb Code    10  stm32l4xx_hal_gpio.o(i.HAL_GPIO_WritePin)
    HAL_GetTick                              0x08000d01   Thumb Code     6  stm32l4xx_hal.o(i.HAL_GetTick)
    HAL_IncTick                              0x08000d0d   Thumb Code    12  stm32l4xx_hal.o(i.HAL_IncTick)
    HAL_Init                                 0x08000d1d   Thumb Code    22  stm32l4xx_hal.o(i.HAL_Init)
    HAL_InitTick                             0x08000d35   Thumb Code    36  stm32l4xx_hal.o(i.HAL_InitTick)
    HAL_MspInit                              0x08000d5d   Thumb Code   140  stm32l4xx_hal_msp.o(i.HAL_MspInit)
    HAL_NVIC_EnableIRQ                       0x08000ded   Thumb Code    26  stm32l4xx_hal_cortex.o(i.HAL_NVIC_EnableIRQ)
    HAL_NVIC_SetPriority                     0x08000e07   Thumb Code   124  stm32l4xx_hal_cortex.o(i.HAL_NVIC_SetPriority)
    HAL_NVIC_SetPriorityGrouping             0x08000e89   Thumb Code    32  stm32l4xx_hal_cortex.o(i.HAL_NVIC_SetPriorityGrouping)
    HAL_PWREx_ControlVoltageScaling          0x08000eb1   Thumb Code   128  stm32l4xx_hal_pwr_ex.o(i.HAL_PWREx_ControlVoltageScaling)
    HAL_PWREx_GetVoltageRange                0x08000f3d   Thumb Code    10  stm32l4xx_hal_pwr_ex.o(i.HAL_PWREx_GetVoltageRange)
    HAL_RCCEx_PeriphCLKConfig                0x08000f4d   Thumb Code  1044  stm32l4xx_hal_rcc_ex.o(i.HAL_RCCEx_PeriphCLKConfig)
    HAL_RCC_ClockConfig                      0x08001361   Thumb Code   458  stm32l4xx_hal_rcc.o(i.HAL_RCC_ClockConfig)
    HAL_RCC_GetHCLKFreq                      0x0800153d   Thumb Code     6  stm32l4xx_hal_rcc.o(i.HAL_RCC_GetHCLKFreq)
    HAL_RCC_GetPCLK1Freq                     0x08001549   Thumb Code    22  stm32l4xx_hal_rcc.o(i.HAL_RCC_GetPCLK1Freq)
    HAL_RCC_GetPCLK2Freq                     0x08001569   Thumb Code    22  stm32l4xx_hal_rcc.o(i.HAL_RCC_GetPCLK2Freq)
    HAL_RCC_GetSysClockFreq                  0x08001589   Thumb Code   252  stm32l4xx_hal_rcc.o(i.HAL_RCC_GetSysClockFreq)
    HAL_RCC_OscConfig                        0x08001695   Thumb Code  1672  stm32l4xx_hal_rcc.o(i.HAL_RCC_OscConfig)
    HAL_SYSTICK_CLKSourceConfig              0x08001d29   Thumb Code    40  stm32l4xx_hal_cortex.o(i.HAL_SYSTICK_CLKSourceConfig)
    HAL_SYSTICK_Config                       0x08001d51   Thumb Code    52  stm32l4xx_hal_cortex.o(i.HAL_SYSTICK_Config)
    HAL_TIMEx_BreakCallback                  0x08001d85   Thumb Code     2  stm32l4xx_hal_tim_ex.o(i.HAL_TIMEx_BreakCallback)
    HAL_TIMEx_CommutationCallback            0x08001d89   Thumb Code    24  bldc_lib.o(i.HAL_TIMEx_CommutationCallback)
    HAL_TIMEx_ConfigBreakDeadTime            0x08001da9   Thumb Code   174  stm32l4xx_hal_tim_ex.o(i.HAL_TIMEx_ConfigBreakDeadTime)
    HAL_TIMEx_ConfigCommutationEvent_IT      0x08001e5d   Thumb Code   122  stm32l4xx_hal_tim_ex.o(i.HAL_TIMEx_ConfigCommutationEvent_IT)
    HAL_TIMEx_HallSensor_Init                0x08001ed9   Thumb Code   208  stm32l4xx_hal_tim_ex.o(i.HAL_TIMEx_HallSensor_Init)
    HAL_TIMEx_HallSensor_MspInit             0x08001fad   Thumb Code     2  stm32l4xx_hal_tim_ex.o(i.HAL_TIMEx_HallSensor_MspInit)
    HAL_TIMEx_HallSensor_Start_IT            0x08001faf   Thumb Code    42  stm32l4xx_hal_tim_ex.o(i.HAL_TIMEx_HallSensor_Start_IT)
    HAL_TIMEx_MasterConfigSynchronization    0x08001fd9   Thumb Code    90  stm32l4xx_hal_tim_ex.o(i.HAL_TIMEx_MasterConfigSynchronization)
    HAL_TIMEx_OCN_Start                      0x08002039   Thumb Code    44  stm32l4xx_hal_tim_ex.o(i.HAL_TIMEx_OCN_Start)
    HAL_TIM_Base_Init                        0x08002065   Thumb Code    52  stm32l4xx_hal_tim.o(i.HAL_TIM_Base_Init)
    HAL_TIM_Base_MspInit                     0x08002099   Thumb Code   198  tim.o(i.HAL_TIM_Base_MspInit)
    HAL_TIM_ConfigClockSource                0x0800216d   Thumb Code   308  stm32l4xx_hal_tim.o(i.HAL_TIM_ConfigClockSource)
    HAL_TIM_IC_CaptureCallback               0x080022a5   Thumb Code    32  bldc_lib.o(i.HAL_TIM_IC_CaptureCallback)
    HAL_TIM_IRQHandler                       0x080022c9   Thumb Code   406  stm32l4xx_hal_tim.o(i.HAL_TIM_IRQHandler)
    HAL_TIM_MspPostInit                      0x08002461   Thumb Code    76  tim.o(i.HAL_TIM_MspPostInit)
    HAL_TIM_OC_ConfigChannel                 0x080024b5   Thumb Code   148  stm32l4xx_hal_tim.o(i.HAL_TIM_OC_ConfigChannel)
    HAL_TIM_OC_DelayElapsedCallback          0x08002549   Thumb Code     2  stm32l4xx_hal_tim.o(i.HAL_TIM_OC_DelayElapsedCallback)
    HAL_TIM_OC_Start                         0x0800254d   Thumb Code    76  stm32l4xx_hal_tim.o(i.HAL_TIM_OC_Start)
    HAL_TIM_PWM_ConfigChannel                0x080025a5   Thumb Code   372  stm32l4xx_hal_tim.o(i.HAL_TIM_PWM_ConfigChannel)
    HAL_TIM_PWM_Init                         0x08002719   Thumb Code    52  stm32l4xx_hal_tim.o(i.HAL_TIM_PWM_Init)
    HAL_TIM_PWM_MspInit                      0x0800274d   Thumb Code     2  stm32l4xx_hal_tim.o(i.HAL_TIM_PWM_MspInit)
    HAL_TIM_PWM_PulseFinishedCallback        0x0800274f   Thumb Code     2  stm32l4xx_hal_tim.o(i.HAL_TIM_PWM_PulseFinishedCallback)
    HAL_TIM_PeriodElapsedCallback            0x08002751   Thumb Code    20  bldc_lib.o(i.HAL_TIM_PeriodElapsedCallback)
    HAL_TIM_SlaveConfigSynchronization       0x0800276d   Thumb Code    86  stm32l4xx_hal_tim.o(i.HAL_TIM_SlaveConfigSynchronization)
    HAL_TIM_TriggerCallback                  0x080027c3   Thumb Code     2  stm32l4xx_hal_tim.o(i.HAL_TIM_TriggerCallback)
    HAL_UART_Init                            0x080027c5   Thumb Code   120  stm32l4xx_hal_uart.o(i.HAL_UART_Init)
    HAL_UART_MspInit                         0x0800283d   Thumb Code    74  usart.o(i.HAL_UART_MspInit)
    HardFault_Handler                        0x08002895   Thumb Code     4  stm32l4xx_it.o(i.HardFault_Handler)
    MC_SixStep_GetElSpeedHz                  0x08002949   Thumb Code    18  bldc_lib.o(i.MC_SixStep_GetElSpeedHz)
    MC_SixStep_GetMechSpeedRPM               0x08002961   Thumb Code    32  bldc_lib.o(i.MC_SixStep_GetMechSpeedRPM)
    MC_SixStep_Handler                       0x08002985   Thumb Code    40  bldc_lib.o(i.MC_SixStep_Handler)
    MC_SixStep_Init                          0x080029b1   Thumb Code    22  bldc_lib.o(i.MC_SixStep_Init)
    MC_SixStep_NextStep                      0x080029d1   Thumb Code    72  bldc_lib.o(i.MC_SixStep_NextStep)
    MC_SixStep_Table                         0x08002a21   Thumb Code   406  bldc_lib.o(i.MC_SixStep_Table)
    MX_ADC1_Init                             0x08002bc1   Thumb Code   148  adc.o(i.MX_ADC1_Init)
    MX_FREERTOS_Init                         0x08002c75   Thumb Code    54  freertos.o(i.MX_FREERTOS_Init)
    MX_GPIO_Init                             0x08002cb9   Thumb Code   170  gpio.o(i.MX_GPIO_Init)
    MX_TIM1_Init                             0x08002d6d   Thumb Code   298  tim.o(i.MX_TIM1_Init)
    MX_TIM2_Init                             0x08002eb1   Thumb Code   132  tim.o(i.MX_TIM2_Init)
    MX_TIM6_Init                             0x08002f49   Thumb Code    68  tim.o(i.MX_TIM6_Init)
    MX_USART1_UART_Init                      0x08002fa5   Thumb Code    60  usart.o(i.MX_USART1_UART_Init)
    MemManage_Handler                        0x08002ff9   Thumb Code     4  stm32l4xx_it.o(i.MemManage_Handler)
    NMI_Handler                              0x08002ffd   Thumb Code     2  stm32l4xx_it.o(i.NMI_Handler)
    StartDefaultTask                         0x08003265   Thumb Code    12  freertos.o(i.StartDefaultTask)
    Start_MC_Task                            0x08003271   Thumb Code    18  freertos.o(i.Start_MC_Task)
    SysTick_Handler                          0x08003283   Thumb Code    12  stm32l4xx_it.o(i.SysTick_Handler)
    SystemClock_Config                       0x08003291   Thumb Code   202  main.o(i.SystemClock_Config)
    SystemInit                               0x0800336d   Thumb Code    68  system_stm32l4xx.o(i.SystemInit)
    TIM1_TRG_COM_IRQHandler                  0x080033bd   Thumb Code    10  stm32l4xx_it.o(i.TIM1_TRG_COM_IRQHandler)
    TIM2_IRQHandler                          0x080033cd   Thumb Code    10  stm32l4xx_it.o(i.TIM2_IRQHandler)
    TIM6_DAC_IRQHandler                      0x080033dd   Thumb Code    10  stm32l4xx_it.o(i.TIM6_DAC_IRQHandler)
    TIM_Base_SetConfig                       0x080033ed   Thumb Code   114  stm32l4xx_hal_tim.o(i.TIM_Base_SetConfig)
    TIM_CCxChannelCmd                        0x08003471   Thumb Code    28  stm32l4xx_hal_tim.o(i.TIM_CCxChannelCmd)
    TIM_ETR_SetConfig                        0x080034a9   Thumb Code    24  stm32l4xx_hal_tim.o(i.TIM_ETR_SetConfig)
    TIM_OC2_SetConfig                        0x08003561   Thumb Code   134  stm32l4xx_hal_tim.o(i.TIM_OC2_SetConfig)
    TIM_TI1_SetConfig                        0x0800388d   Thumb Code    94  stm32l4xx_hal_tim.o(i.TIM_TI1_SetConfig)
    UART_AdvFeatureConfig                    0x08003925   Thumb Code   248  stm32l4xx_hal_uart.o(i.UART_AdvFeatureConfig)
    UART_CheckIdleState                      0x08003a1d   Thumb Code   116  stm32l4xx_hal_uart.o(i.UART_CheckIdleState)
    UART_SetConfig                           0x08003a91   Thumb Code  1096  stm32l4xx_hal_uart.o(i.UART_SetConfig)
    UART_WaitOnFlagUntilTimeout              0x08003edf   Thumb Code   108  stm32l4xx_hal_uart.o(i.UART_WaitOnFlagUntilTimeout)
    UsageFault_Handler                       0x08003f4b   Thumb Code     4  stm32l4xx_it.o(i.UsageFault_Handler)
    _Error_Handler                           0x08003f4f   Thumb Code     4  main.o(i._Error_Handler)
    __scatterload_copy                       0x08003f53   Thumb Code    14  handlers.o(i.__scatterload_copy)
    __scatterload_null                       0x08003f61   Thumb Code     2  handlers.o(i.__scatterload_null)
    __scatterload_zeroinit                   0x08003f63   Thumb Code    14  handlers.o(i.__scatterload_zeroinit)
    main                                     0x08003f71   Thumb Code    44  main.o(i.main)
    osDelay                                  0x08003fab   Thumb Code    24  cmsis_os.o(i.osDelay)
    osKernelStart                            0x08003fc3   Thumb Code    10  cmsis_os.o(i.osKernelStart)
    osSystickHandler                         0x08003fcd   Thumb Code    16  cmsis_os.o(i.osSystickHandler)
    osThreadCreate                           0x08003fdd   Thumb Code    48  cmsis_os.o(i.osThreadCreate)
    pvPortMalloc                             0x08004469   Thumb Code   296  heap_4.o(i.pvPortMalloc)
    pxPortInitialiseStack                    0x080045a5   Thumb Code    38  port.o(i.pxPortInitialiseStack)
    uxListRemove                             0x080045d1   Thumb Code    40  list.o(i.uxListRemove)
    vListInitialise                          0x080045f9   Thumb Code    26  list.o(i.vListInitialise)
    vListInitialiseItem                      0x08004613   Thumb Code     6  list.o(i.vListInitialiseItem)
    vListInsert                              0x08004619   Thumb Code    52  list.o(i.vListInsert)
    vListInsertEnd                           0x0800464d   Thumb Code    24  list.o(i.vListInsertEnd)
    vPortEnterCritical                       0x08004665   Thumb Code    76  port.o(i.vPortEnterCritical)
    vPortExitCritical                        0x080046b9   Thumb Code    56  port.o(i.vPortExitCritical)
    vPortFree                                0x080046f5   Thumb Code   140  heap_4.o(i.vPortFree)
    vPortSetupTimerInterrupt                 0x08004789   Thumb Code    26  port.o(i.vPortSetupTimerInterrupt)
    vTaskDelay                               0x080047a9   Thumb Code    82  tasks.o(i.vTaskDelay)
    vTaskStartScheduler                      0x08004805   Thumb Code   108  tasks.o(i.vTaskStartScheduler)
    vTaskSuspendAll                          0x0800488d   Thumb Code    12  tasks.o(i.vTaskSuspendAll)
    vTaskSwitchContext                       0x0800489d   Thumb Code   118  tasks.o(i.vTaskSwitchContext)
    xPortStartScheduler                      0x08004929   Thumb Code   288  port.o(i.xPortStartScheduler)
    xPortSysTickHandler                      0x08004a65   Thumb Code    46  port.o(i.xPortSysTickHandler)
    xTaskCreate                              0x08004a99   Thumb Code    96  tasks.o(i.xTaskCreate)
    xTaskGetSchedulerState                   0x08004b01   Thumb Code    24  tasks.o(i.xTaskGetSchedulerState)
    xTaskIncrementTick                       0x08004b21   Thumb Code   282  tasks.o(i.xTaskIncrementTick)
    xTaskResumeAll                           0x08004c69   Thumb Code   224  tasks.o(i.xTaskResumeAll)
    AHBPrescTable                            0x08004d6c   Data          16  system_stm32l4xx.o(.constdata)
    APBPrescTable                            0x08004d7c   Data           8  system_stm32l4xx.o(.constdata)
    MSIRangeTable                            0x08004d84   Data          48  system_stm32l4xx.o(.constdata)
    Region$$Table$$Base                      0x08004df0   Number         0  anon$$obj.o(Region$$Table)
    Region$$Table$$Limit                     0x08004e10   Number         0  anon$$obj.o(Region$$Table)
    uwTick                                   0x20000000   Data           4  stm32l4xx_hal.o(.data)
    pxCurrentTCB                             0x2000001c   Data           4  tasks.o(.data)
    SystemCoreClock                          0x20000064   Data           4  system_stm32l4xx.o(.data)
    defaultTaskHandle                        0x20000068   Data           4  freertos.o(.data)
    MC_TaskHandle                            0x2000006c   Data           4  freertos.o(.data)
    hadc1                                    0x20001164   Data         108  adc.o(.bss)
    huart1                                   0x200011d0   Data         120  usart.o(.bss)
    htim1                                    0x20001248   Data          64  tim.o(.bss)
    htim2                                    0x20001288   Data          64  tim.o(.bss)
    htim6                                    0x200012c8   Data          64  tim.o(.bss)
    SIXSTEP_parameters                       0x20001308   Data          40  bldc_lib.o(.bss)
    PI_Parameters                            0x20001330   Data          12  bldc_lib.o(.bss)
    __initial_sp                             0x20005340   Data           0  startup_stm32l452xx.o(STACK)



==============================================================================

Memory Map of the image

  Image Entry point : 0x08000195

  Load Region LR_IROM1 (Base: 0x08000000, Size: 0x00004e84, Max: 0x00080000, ABSOLUTE)

    Execution Region ER_IROM1 (Exec base: 0x08000000, Load base: 0x08000000, Size: 0x00004e10, Max: 0x00080000, ABSOLUTE)

    Exec Addr    Load Addr    Size         Type   Attr      Idx    E Section Name        Object

    0x08000000   0x08000000   0x00000194   Data   RO         4900    RESET               startup_stm32l452xx.o
    0x08000194   0x08000194   0x00000000   Code   RO         5458  * .ARM.Collect$$$$00000000  mc_w.l(entry.o)
    0x08000194   0x08000194   0x00000004   Code   RO         5467    .ARM.Collect$$$$00000001  mc_w.l(entry2.o)
    0x08000198   0x08000198   0x00000004   Code   RO         5470    .ARM.Collect$$$$00000004  mc_w.l(entry5.o)
    0x0800019c   0x0800019c   0x00000000   Code   RO         5472    .ARM.Collect$$$$00000008  mc_w.l(entry7b.o)
    0x0800019c   0x0800019c   0x00000000   Code   RO         5474    .ARM.Collect$$$$0000000A  mc_w.l(entry8b.o)
    0x0800019c   0x0800019c   0x00000008   Code   RO         5475    .ARM.Collect$$$$0000000B  mc_w.l(entry9a.o)
    0x080001a4   0x080001a4   0x00000000   Code   RO         5477    .ARM.Collect$$$$0000000D  mc_w.l(entry10a.o)
    0x080001a4   0x080001a4   0x00000000   Code   RO         5479    .ARM.Collect$$$$0000000F  mc_w.l(entry11a.o)
    0x080001a4   0x080001a4   0x00000004   Code   RO         5468    .ARM.Collect$$$$00002712  mc_w.l(entry2.o)
    0x080001a8   0x080001a8   0x000000da   Code   RO         4389    .emb_text           port.o
    0x08000282   0x08000282   0x00000002   PAD
    0x08000284   0x08000284   0x00000024   Code   RO         4901    .text               startup_stm32l452xx.o
    0x080002a8   0x080002a8   0x00000068   Code   RO         5461    .text               mc_w.l(uldiv.o)
    0x08000310   0x08000310   0x00000024   Code   RO         5463    .text               mc_w.l(memcpya.o)
    0x08000334   0x08000334   0x0000001e   Code   RO         5481    .text               mc_w.l(llshl.o)
    0x08000352   0x08000352   0x00000020   Code   RO         5483    .text               mc_w.l(llushr.o)
    0x08000372   0x08000372   0x00000002   PAD
    0x08000374   0x08000374   0x00000024   Code   RO         5485    .text               mc_w.l(init.o)
    0x08000398   0x08000398   0x00000004   Code   RO         4908    i.BusFault_Handler  stm32l4xx_it.o
    0x0800039c   0x0800039c   0x00000002   Code   RO         4909    i.DebugMon_Handler  stm32l4xx_it.o
    0x0800039e   0x0800039e   0x00000002   PAD
    0x080003a0   0x080003a0   0x00000544   Code   RO         2873    i.HAL_ADC_ConfigChannel  stm32l4xx_hal_adc.o
    0x080008e4   0x080008e4   0x000001f4   Code   RO         2882    i.HAL_ADC_Init      stm32l4xx_hal_adc.o
    0x08000ad8   0x08000ad8   0x00000050   Code   RO         5143    i.HAL_ADC_MspInit   adc.o
    0x08000b28   0x08000b28   0x000001cc   Code   RO         2154    i.HAL_GPIO_Init     stm32l4xx_hal_gpio.o
    0x08000cf4   0x08000cf4   0x0000000a   Code   RO         2158    i.HAL_GPIO_WritePin  stm32l4xx_hal_gpio.o
    0x08000cfe   0x08000cfe   0x00000002   PAD
    0x08000d00   0x08000d00   0x0000000c   Code   RO         1776    i.HAL_GetTick       stm32l4xx_hal.o
    0x08000d0c   0x08000d0c   0x00000010   Code   RO         1780    i.HAL_IncTick       stm32l4xx_hal.o
    0x08000d1c   0x08000d1c   0x00000016   Code   RO         1781    i.HAL_Init          stm32l4xx_hal.o
    0x08000d32   0x08000d32   0x00000002   PAD
    0x08000d34   0x08000d34   0x00000028   Code   RO         1782    i.HAL_InitTick      stm32l4xx_hal.o
    0x08000d5c   0x08000d5c   0x00000090   Code   RO         5056    i.HAL_MspInit       stm32l4xx_hal_msp.o
    0x08000dec   0x08000dec   0x0000001a   Code   RO         1609    i.HAL_NVIC_EnableIRQ  stm32l4xx_hal_cortex.o
    0x08000e06   0x08000e06   0x00000082   Code   RO         1615    i.HAL_NVIC_SetPriority  stm32l4xx_hal_cortex.o
    0x08000e88   0x08000e88   0x00000028   Code   RO         1616    i.HAL_NVIC_SetPriorityGrouping  stm32l4xx_hal_cortex.o
    0x08000eb0   0x08000eb0   0x0000008c   Code   RO         1391    i.HAL_PWREx_ControlVoltageScaling  stm32l4xx_hal_pwr_ex.o
    0x08000f3c   0x08000f3c   0x00000010   Code   RO         1418    i.HAL_PWREx_GetVoltageRange  stm32l4xx_hal_pwr_ex.o
    0x08000f4c   0x08000f4c   0x00000414   Code   RO         2000    i.HAL_RCCEx_PeriphCLKConfig  stm32l4xx_hal_rcc_ex.o
    0x08001360   0x08001360   0x000001dc   Code   RO         1290    i.HAL_RCC_ClockConfig  stm32l4xx_hal_rcc.o
    0x0800153c   0x0800153c   0x0000000c   Code   RO         1294    i.HAL_RCC_GetHCLKFreq  stm32l4xx_hal_rcc.o
    0x08001548   0x08001548   0x00000020   Code   RO         1296    i.HAL_RCC_GetPCLK1Freq  stm32l4xx_hal_rcc.o
    0x08001568   0x08001568   0x00000020   Code   RO         1297    i.HAL_RCC_GetPCLK2Freq  stm32l4xx_hal_rcc.o
    0x08001588   0x08001588   0x0000010c   Code   RO         1298    i.HAL_RCC_GetSysClockFreq  stm32l4xx_hal_rcc.o
    0x08001694   0x08001694   0x00000694   Code   RO         1301    i.HAL_RCC_OscConfig  stm32l4xx_hal_rcc.o
    0x08001d28   0x08001d28   0x00000028   Code   RO         1618    i.HAL_SYSTICK_CLKSourceConfig  stm32l4xx_hal_cortex.o
    0x08001d50   0x08001d50   0x00000034   Code   RO         1620    i.HAL_SYSTICK_Config  stm32l4xx_hal_cortex.o
    0x08001d84   0x08001d84   0x00000002   Code   RO         1038    i.HAL_TIMEx_BreakCallback  stm32l4xx_hal_tim_ex.o
    0x08001d86   0x08001d86   0x00000002   PAD
    0x08001d88   0x08001d88   0x00000020   Code   RO         5310    i.HAL_TIMEx_CommutationCallback  bldc_lib.o
    0x08001da8   0x08001da8   0x000000b4   Code   RO         1040    i.HAL_TIMEx_ConfigBreakDeadTime  stm32l4xx_hal_tim_ex.o
    0x08001e5c   0x08001e5c   0x0000007a   Code   RO         1044    i.HAL_TIMEx_ConfigCommutationEvent_IT  stm32l4xx_hal_tim_ex.o
    0x08001ed6   0x08001ed6   0x00000002   PAD
    0x08001ed8   0x08001ed8   0x000000d4   Code   RO         1048    i.HAL_TIMEx_HallSensor_Init  stm32l4xx_hal_tim_ex.o
    0x08001fac   0x08001fac   0x00000002   Code   RO         1050    i.HAL_TIMEx_HallSensor_MspInit  stm32l4xx_hal_tim_ex.o
    0x08001fae   0x08001fae   0x0000002a   Code   RO         1053    i.HAL_TIMEx_HallSensor_Start_IT  stm32l4xx_hal_tim_ex.o
    0x08001fd8   0x08001fd8   0x00000060   Code   RO         1057    i.HAL_TIMEx_MasterConfigSynchronization  stm32l4xx_hal_tim_ex.o
    0x08002038   0x08002038   0x0000002c   Code   RO         1058    i.HAL_TIMEx_OCN_Start  stm32l4xx_hal_tim_ex.o
    0x08002064   0x08002064   0x00000034   Code   RO          220    i.HAL_TIM_Base_Init  stm32l4xx_hal_tim.o
    0x08002098   0x08002098   0x000000d4   Code   RO         5251    i.HAL_TIM_Base_MspInit  tim.o
    0x0800216c   0x0800216c   0x00000138   Code   RO          229    i.HAL_TIM_ConfigClockSource  stm32l4xx_hal_tim.o
    0x080022a4   0x080022a4   0x00000024   Code   RO         5311    i.HAL_TIM_IC_CaptureCallback  bldc_lib.o
    0x080022c8   0x080022c8   0x00000196   Code   RO          262    i.HAL_TIM_IRQHandler  stm32l4xx_hal_tim.o
    0x0800245e   0x0800245e   0x00000002   PAD
    0x08002460   0x08002460   0x00000054   Code   RO         5252    i.HAL_TIM_MspPostInit  tim.o
    0x080024b4   0x080024b4   0x00000094   Code   RO          263    i.HAL_TIM_OC_ConfigChannel  stm32l4xx_hal_tim.o
    0x08002548   0x08002548   0x00000002   Code   RO          265    i.HAL_TIM_OC_DelayElapsedCallback  stm32l4xx_hal_tim.o
    0x0800254a   0x0800254a   0x00000002   PAD
    0x0800254c   0x0800254c   0x00000058   Code   RO          270    i.HAL_TIM_OC_Start  stm32l4xx_hal_tim.o
    0x080025a4   0x080025a4   0x00000174   Code   RO          286    i.HAL_TIM_PWM_ConfigChannel  stm32l4xx_hal_tim.o
    0x08002718   0x08002718   0x00000034   Code   RO          289    i.HAL_TIM_PWM_Init  stm32l4xx_hal_tim.o
    0x0800274c   0x0800274c   0x00000002   Code   RO          291    i.HAL_TIM_PWM_MspInit  stm32l4xx_hal_tim.o
    0x0800274e   0x0800274e   0x00000002   Code   RO          292    i.HAL_TIM_PWM_PulseFinishedCallback  stm32l4xx_hal_tim.o
    0x08002750   0x08002750   0x0000001c   Code   RO         5312    i.HAL_TIM_PeriodElapsedCallback  bldc_lib.o
    0x0800276c   0x0800276c   0x00000056   Code   RO          301    i.HAL_TIM_SlaveConfigSynchronization  stm32l4xx_hal_tim.o
    0x080027c2   0x080027c2   0x00000002   Code   RO          303    i.HAL_TIM_TriggerCallback  stm32l4xx_hal_tim.o
    0x080027c4   0x080027c4   0x00000078   Code   RO         3393    i.HAL_UART_Init     stm32l4xx_hal_uart.o
    0x0800283c   0x0800283c   0x00000058   Code   RO         5185    i.HAL_UART_MspInit  usart.o
    0x08002894   0x08002894   0x00000004   Code   RO         4910    i.HardFault_Handler  stm32l4xx_it.o
    0x08002898   0x08002898   0x0000000a   Code   RO         2896    i.LL_ADC_GetCommonPathInternalCh  stm32l4xx_hal_adc.o
    0x080028a2   0x080028a2   0x00000012   Code   RO         2897    i.LL_ADC_GetOffsetChannel  stm32l4xx_hal_adc.o
    0x080028b4   0x080028b4   0x0000000a   Code   RO         2898    i.LL_ADC_IsInternalRegulatorEnabled  stm32l4xx_hal_adc.o
    0x080028be   0x080028be   0x0000000a   Code   RO         2899    i.LL_ADC_REG_IsConversionOngoing  stm32l4xx_hal_adc.o
    0x080028c8   0x080028c8   0x00000052   Code   RO         2902    i.LL_ADC_SetChannelSamplingTime  stm32l4xx_hal_adc.o
    0x0800291a   0x0800291a   0x0000000c   Code   RO         2903    i.LL_ADC_SetCommonPathInternalCh  stm32l4xx_hal_adc.o
    0x08002926   0x08002926   0x00000016   Code   RO         2904    i.LL_ADC_SetOffsetState  stm32l4xx_hal_adc.o
    0x0800293c   0x0800293c   0x0000000c   Code   RO         2905    i.LL_ADC_SetSamplingTimeCommonConfig  stm32l4xx_hal_adc.o
    0x08002948   0x08002948   0x00000018   Code   RO         5315    i.MC_SixStep_GetElSpeedHz  bldc_lib.o
    0x08002960   0x08002960   0x00000024   Code   RO         5317    i.MC_SixStep_GetMechSpeedRPM  bldc_lib.o
    0x08002984   0x08002984   0x0000002c   Code   RO         5320    i.MC_SixStep_Handler  bldc_lib.o
    0x080029b0   0x080029b0   0x00000020   Code   RO         5321    i.MC_SixStep_Init   bldc_lib.o
    0x080029d0   0x080029d0   0x00000050   Code   RO         5323    i.MC_SixStep_NextStep  bldc_lib.o
    0x08002a20   0x08002a20   0x000001a0   Code   RO         5329    i.MC_SixStep_Table  bldc_lib.o
    0x08002bc0   0x08002bc0   0x000000b4   Code   RO         5144    i.MX_ADC1_Init      adc.o
    0x08002c74   0x08002c74   0x00000044   Code   RO         5080    i.MX_FREERTOS_Init  freertos.o
    0x08002cb8   0x08002cb8   0x000000b4   Code   RO         5226    i.MX_GPIO_Init      gpio.o
    0x08002d6c   0x08002d6c   0x00000144   Code   RO         5253    i.MX_TIM1_Init      tim.o
    0x08002eb0   0x08002eb0   0x00000098   Code   RO         5254    i.MX_TIM2_Init      tim.o
    0x08002f48   0x08002f48   0x0000005c   Code   RO         5255    i.MX_TIM6_Init      tim.o
    0x08002fa4   0x08002fa4   0x00000054   Code   RO         5186    i.MX_USART1_UART_Init  usart.o
    0x08002ff8   0x08002ff8   0x00000004   Code   RO         4911    i.MemManage_Handler  stm32l4xx_it.o
    0x08002ffc   0x08002ffc   0x00000002   Code   RO         4912    i.NMI_Handler       stm32l4xx_it.o
    0x08002ffe   0x08002ffe   0x00000002   PAD
    0x08003000   0x08003000   0x00000010   Code   RO         1622    i.NVIC_GetPriorityGrouping  stm32l4xx_hal_cortex.o
    0x08003010   0x08003010   0x00000028   Code   RO         1623    i.NVIC_SetPriority  stm32l4xx_hal_cortex.o
    0x08003038   0x08003038   0x0000018c   Code   RO         2003    i.RCCEx_PLLSAI1_Config  stm32l4xx_hal_rcc_ex.o
    0x080031c4   0x080031c4   0x000000a0   Code   RO         1302    i.RCC_SetFlashLatencyFromMSIRange  stm32l4xx_hal_rcc.o
    0x08003264   0x08003264   0x0000000c   Code   RO         5081    i.StartDefaultTask  freertos.o
    0x08003270   0x08003270   0x00000012   Code   RO         5082    i.Start_MC_Task     freertos.o
    0x08003282   0x08003282   0x0000000c   Code   RO         4913    i.SysTick_Handler   stm32l4xx_it.o
    0x0800328e   0x0800328e   0x00000002   PAD
    0x08003290   0x08003290   0x000000dc   Code   RO         5005    i.SystemClock_Config  main.o
    0x0800336c   0x0800336c   0x00000050   Code   RO         4865    i.SystemInit        system_stm32l4xx.o
    0x080033bc   0x080033bc   0x00000010   Code   RO         4914    i.TIM1_TRG_COM_IRQHandler  stm32l4xx_it.o
    0x080033cc   0x080033cc   0x00000010   Code   RO         4915    i.TIM2_IRQHandler   stm32l4xx_it.o
    0x080033dc   0x080033dc   0x00000010   Code   RO         4916    i.TIM6_DAC_IRQHandler  stm32l4xx_it.o
    0x080033ec   0x080033ec   0x00000084   Code   RO          304    i.TIM_Base_SetConfig  stm32l4xx_hal_tim.o
    0x08003470   0x08003470   0x0000001c   Code   RO          305    i.TIM_CCxChannelCmd  stm32l4xx_hal_tim.o
    0x0800348c   0x0800348c   0x0000001c   Code   RO         1076    i.TIM_CCxNChannelCmd  stm32l4xx_hal_tim_ex.o
    0x080034a8   0x080034a8   0x00000018   Code   RO          311    i.TIM_ETR_SetConfig  stm32l4xx_hal_tim.o
    0x080034c0   0x080034c0   0x00000014   Code   RO          312    i.TIM_ITRx_SetConfig  stm32l4xx_hal_tim.o
    0x080034d4   0x080034d4   0x0000008c   Code   RO          313    i.TIM_OC1_SetConfig  stm32l4xx_hal_tim.o
    0x08003560   0x08003560   0x00000098   Code   RO          314    i.TIM_OC2_SetConfig  stm32l4xx_hal_tim.o
    0x080035f8   0x080035f8   0x00000094   Code   RO          315    i.TIM_OC3_SetConfig  stm32l4xx_hal_tim.o
    0x0800368c   0x0800368c   0x00000068   Code   RO          316    i.TIM_OC4_SetConfig  stm32l4xx_hal_tim.o
    0x080036f4   0x080036f4   0x00000060   Code   RO          317    i.TIM_OC5_SetConfig  stm32l4xx_hal_tim.o
    0x08003754   0x08003754   0x00000064   Code   RO          318    i.TIM_OC6_SetConfig  stm32l4xx_hal_tim.o
    0x080037b8   0x080037b8   0x000000a8   Code   RO          319    i.TIM_SlaveTimer_SetConfig  stm32l4xx_hal_tim.o
    0x08003860   0x08003860   0x0000002a   Code   RO          320    i.TIM_TI1_ConfigInputStage  stm32l4xx_hal_tim.o
    0x0800388a   0x0800388a   0x00000002   PAD
    0x0800388c   0x0800388c   0x0000006c   Code   RO          321    i.TIM_TI1_SetConfig  stm32l4xx_hal_tim.o
    0x080038f8   0x080038f8   0x0000002c   Code   RO          322    i.TIM_TI2_ConfigInputStage  stm32l4xx_hal_tim.o
    0x08003924   0x08003924   0x000000f8   Code   RO         3406    i.UART_AdvFeatureConfig  stm32l4xx_hal_uart.o
    0x08003a1c   0x08003a1c   0x00000074   Code   RO         3407    i.UART_CheckIdleState  stm32l4xx_hal_uart.o
    0x08003a90   0x08003a90   0x0000044e   Code   RO         3423    i.UART_SetConfig    stm32l4xx_hal_uart.o
    0x08003ede   0x08003ede   0x0000006c   Code   RO         3426    i.UART_WaitOnFlagUntilTimeout  stm32l4xx_hal_uart.o
    0x08003f4a   0x08003f4a   0x00000004   Code   RO         4917    i.UsageFault_Handler  stm32l4xx_it.o
    0x08003f4e   0x08003f4e   0x00000004   Code   RO         5006    i._Error_Handler    main.o
    0x08003f52   0x08003f52   0x0000000e   Code   RO         5489    i.__scatterload_copy  mc_w.l(handlers.o)
    0x08003f60   0x08003f60   0x00000002   Code   RO         5490    i.__scatterload_null  mc_w.l(handlers.o)
    0x08003f62   0x08003f62   0x0000000e   Code   RO         5491    i.__scatterload_zeroinit  mc_w.l(handlers.o)
    0x08003f70   0x08003f70   0x0000002c   Code   RO         5007    i.main              main.o
    0x08003f9c   0x08003f9c   0x0000000e   Code   RO         4476    i.makeFreeRtosPriority  cmsis_os.o
    0x08003faa   0x08003faa   0x00000018   Code   RO         4478    i.osDelay           cmsis_os.o
    0x08003fc2   0x08003fc2   0x0000000a   Code   RO         4481    i.osKernelStart     cmsis_os.o
    0x08003fcc   0x08003fcc   0x00000010   Code   RO         4514    i.osSystickHandler  cmsis_os.o
    0x08003fdc   0x08003fdc   0x00000030   Code   RO         4515    i.osThreadCreate    cmsis_os.o
    0x0800400c   0x0800400c   0x00000098   Code   RO         4104    i.prvAddCurrentTaskToDelayedList  tasks.o
    0x080040a4   0x080040a4   0x000000b4   Code   RO         4105    i.prvAddNewTaskToReadyList  tasks.o
    0x08004158   0x08004158   0x00000064   Code   RO         4106    i.prvCheckTasksWaitingTermination  tasks.o
    0x080041bc   0x080041bc   0x00000012   Code   RO         4107    i.prvDeleteTCB      tasks.o
    0x080041ce   0x080041ce   0x00000002   PAD
    0x080041d0   0x080041d0   0x0000007c   Code   RO         3725    i.prvHeapInit       heap_4.o
    0x0800424c   0x0800424c   0x00000028   Code   RO         4108    i.prvIdleTask       tasks.o
    0x08004274   0x08004274   0x000000b0   Code   RO         4109    i.prvInitialiseNewTask  tasks.o
    0x08004324   0x08004324   0x00000068   Code   RO         4110    i.prvInitialiseTaskLists  tasks.o
    0x0800438c   0x0800438c   0x00000068   Code   RO         3726    i.prvInsertBlockIntoFreeList  heap_4.o
    0x080043f4   0x080043f4   0x00000034   Code   RO         4111    i.prvResetNextTaskUnblockTime  tasks.o
    0x08004428   0x08004428   0x00000040   Code   RO         4390    i.prvTaskExitError  port.o
    0x08004468   0x08004468   0x0000013c   Code   RO         3727    i.pvPortMalloc      heap_4.o
    0x080045a4   0x080045a4   0x0000002c   Code   RO         4391    i.pxPortInitialiseStack  port.o
    0x080045d0   0x080045d0   0x00000028   Code   RO         3808    i.uxListRemove      list.o
    0x080045f8   0x080045f8   0x0000001a   Code   RO         3809    i.vListInitialise   list.o
    0x08004612   0x08004612   0x00000006   Code   RO         3810    i.vListInitialiseItem  list.o
    0x08004618   0x08004618   0x00000034   Code   RO         3811    i.vListInsert       list.o
    0x0800464c   0x0800464c   0x00000018   Code   RO         3812    i.vListInsertEnd    list.o
    0x08004664   0x08004664   0x00000054   Code   RO         4393    i.vPortEnterCritical  port.o
    0x080046b8   0x080046b8   0x0000003c   Code   RO         4394    i.vPortExitCritical  port.o
    0x080046f4   0x080046f4   0x00000094   Code   RO         3728    i.vPortFree         heap_4.o
    0x08004788   0x08004788   0x00000020   Code   RO         4395    i.vPortSetupTimerInterrupt  port.o
    0x080047a8   0x080047a8   0x0000005c   Code   RO         4119    i.vTaskDelay        tasks.o
    0x08004804   0x08004804   0x00000088   Code   RO         4130    i.vTaskStartScheduler  tasks.o
    0x0800488c   0x0800488c   0x00000010   Code   RO         4132    i.vTaskSuspendAll   tasks.o
    0x0800489c   0x0800489c   0x0000008c   Code   RO         4133    i.vTaskSwitchContext  tasks.o
    0x08004928   0x08004928   0x0000013c   Code   RO         4397    i.xPortStartScheduler  port.o
    0x08004a64   0x08004a64   0x00000034   Code   RO         4398    i.xPortSysTickHandler  port.o
    0x08004a98   0x08004a98   0x00000066   Code   RO         4135    i.xTaskCreate       tasks.o
    0x08004afe   0x08004afe   0x00000002   PAD
    0x08004b00   0x08004b00   0x00000020   Code   RO         4139    i.xTaskGetSchedulerState  tasks.o
    0x08004b20   0x08004b20   0x00000148   Code   RO         4142    i.xTaskIncrementTick  tasks.o
    0x08004c68   0x08004c68   0x00000104   Code   RO         4148    i.xTaskResumeAll    tasks.o
    0x08004d6c   0x08004d6c   0x00000048   Data   RO         4866    .constdata          system_stm32l4xx.o
    0x08004db4   0x08004db4   0x00000028   Data   RO         5083    .constdata          freertos.o
    0x08004ddc   0x08004ddc   0x00000014   Data   RO         5084    .conststring        freertos.o
    0x08004df0   0x08004df0   0x00000020   Data   RO         5487    Region$$Table       anon$$obj.o


    Execution Region RW_IRAM1 (Exec base: 0x20000000, Load base: 0x08004e10, Size: 0x00005340, Max: 0x00028000, ABSOLUTE)

    Exec Addr    Load Addr    Size         Type   Attr      Idx    E Section Name        Object

    0x20000000   0x08004e10   0x00000004   Data   RW         1797    .data               stm32l4xx_hal.o
    0x20000004   0x08004e14   0x00000018   Data   RW         3733    .data               heap_4.o
    0x2000001c   0x08004e2c   0x0000003c   Data   RW         4151    .data               tasks.o
    0x20000058   0x08004e68   0x0000000c   Data   RW         4399    .data               port.o
    0x20000064   0x08004e74   0x00000004   Data   RW         4867    .data               system_stm32l4xx.o
    0x20000068   0x08004e78   0x00000008   Data   RW         5085    .data               freertos.o
    0x20000070   0x08004e80   0x00000001   Data   RW         5331    .data               bldc_lib.o
    0x20000071   0x08004e81   0x00000003   PAD
    0x20000074        -       0x00001000   Zero   RW         3732    .bss                heap_4.o
    0x20001074        -       0x000000f0   Zero   RW         4150    .bss                tasks.o
    0x20001164        -       0x0000006c   Zero   RW         5145    .bss                adc.o
    0x200011d0        -       0x00000078   Zero   RW         5187    .bss                usart.o
    0x20001248        -       0x000000c0   Zero   RW         5256    .bss                tim.o
    0x20001308        -       0x00000034   Zero   RW         5330    .bss                bldc_lib.o
    0x2000133c   0x08004e81   0x00000004   PAD
    0x20001340        -       0x00004000   Zero   RW         4898    STACK               startup_stm32l452xx.o


==============================================================================

Image component sizes


      Code (inc. data)   RO Data    RW Data    ZI Data      Debug   Object Name

       260         46          0          0        108       1789   adc.o
       728         70          0          1         52       6203   bldc_lib.o
       112          0          0          0          0      15166   cmsis_os.o
        98         14         60          8          0       4028   freertos.o
       180         10          0          0          0        979   gpio.o
       692         62          0         24       4096      11167   heap_4.o
       148          0          0          0          0       8958   list.o
       268         18          0          0          0       1765   main.o
       870         78          0         12          0      11336   port.o
         0          0          0          0          0       8116   queue.o
        36          8        404          0      16384        824   startup_stm32l452xx.o
        90         14          0          4          0       3647   stm32l4xx_hal.o
      2024         66          0          0          0      58795   stm32l4xx_hal_adc.o
       344         22          0          0          0      31693   stm32l4xx_hal_cortex.o
         0          0          0          0          0     729556   stm32l4xx_hal_flash_ex.o
       470         28          0          0          0       2436   stm32l4xx_hal_gpio.o
       144          4          0          0          0        934   stm32l4xx_hal_msp.o
       156         18          0          0          0       1398   stm32l4xx_hal_pwr_ex.o
      2664         98          0          0          0       7292   stm32l4xx_hal_rcc.o
      1440         28          0          0          0       3048   stm32l4xx_hal_rcc_ex.o
      2830        162          0          0          0      20210   stm32l4xx_hal_tim.o
       728         16          0          0          0       7401   stm32l4xx_hal_tim_ex.o
      1694         42          0          0          0       5101   stm32l4xx_hal_uart.o
        80         18          0          0          0       8397   stm32l4xx_it.o
        80         12         72          4          0       1281   system_stm32l4xx.o
      1928        278          0         60        240      16718   tasks.o
       864         92          0          0        192       4050   tim.o
         0          0          0          0          0       7872   timers.o
       172         38          0          0        120       1710   usart.o

    ----------------------------------------------------------------------
     19126       1242        568        116      21196     981870   Object Totals
         0          0         32          0          0          0   (incl. Generated)
        26          0          0          3          4          0   (incl. Padding)

    ----------------------------------------------------------------------

      Code (inc. data)   RO Data    RW Data    ZI Data      Debug   Library Member Name

         0          0          0          0          0          0   entry.o
         0          0          0          0          0          0   entry10a.o
         0          0          0          0          0          0   entry11a.o
         8          4          0          0          0          0   entry2.o
         4          0          0          0          0          0   entry5.o
         0          0          0          0          0          0   entry7b.o
         0          0          0          0          0          0   entry8b.o
         8          4          0          0          0          0   entry9a.o
        30          0          0          0          0          0   handlers.o
        36          8          0          0          0         68   init.o
        30          0          0          0          0         68   llshl.o
        32          0          0          0          0         68   llushr.o
        36          0          0          0          0         68   memcpya.o
       104          0          0          0          0         92   uldiv.o

    ----------------------------------------------------------------------
       290         16          0          0          0        364   Library Totals
         2          0          0          0          0          0   (incl. Padding)

    ----------------------------------------------------------------------

      Code (inc. data)   RO Data    RW Data    ZI Data      Debug   Library Name

       288         16          0          0          0        364   mc_w.l

    ----------------------------------------------------------------------
       290         16          0          0          0        364   Library Totals

    ----------------------------------------------------------------------

==============================================================================


      Code (inc. data)   RO Data    RW Data    ZI Data      Debug   

     19416       1258        568        116      21196     968034   Grand Totals
     19416       1258        568        116      21196     968034   ELF Image Totals
     19416       1258        568        116          0          0   ROM Totals

==============================================================================

    Total RO  Size (Code + RO Data)                19984 (  19.52kB)
    Total RW  Size (RW Data + ZI Data)             21312 (  20.81kB)
    Total ROM Size (Code + RO Data + RW Data)      20100 (  19.63kB)

==============================================================================

