<html>
<body>
<pre>
<h1>µVision Build Log</h1>
<h2>Tool Versions:</h2>
IDE-Version: µVision V5.24.2.0
Copyright (C) 2017 ARM Ltd and ARM Germany GmbH. All rights reserved.
License Information: noW noW, GEO, LIC=HF8WF-62X2I-WJ96K-ZARRL-VTY53-2R3MP
 
Tool Versions:
Toolchain:       MDK-ARM Professional  Version: 5.24.1
Toolchain Path:  C:\Program Files\Keil\ARM\ARMCC\Bin
C Compiler:      Armcc.exe V5.06 update 5 (build 528)
Assembler:       Armasm.exe V5.06 update 5 (build 528)
Linker/Locator:  ArmLink.exe V5.06 update 5 (build 528)
Library Manager: ArmAr.exe V5.06 update 5 (build 528)
Hex Converter:   FromElf.exe V5.06 update 5 (build 528)
CPU DLL:         SARMCM3.DLL V5.24.1
Dialog DLL:      DCM.DLL V1.16.0.0
Target DLL:      STLink\ST-LINKIII-KEIL_SWO.dll V3.0.1.0
Dialog DLL:      TCM.DLL V1.32.0.0
 
<h2>Project:</h2>
E:\PROJECTS\GIT_REPOSITORY\STM32\STM32L4_BLDC\stm32l4_bldc\MDK-ARM\stm32l4_bldc.uvprojx
Project File Date:  02/02/2018

<h2>Output:</h2>
*** Using Compiler 'V5.06 update 5 (build 528)', folder: 'C:\Program Files\Keil\ARM\ARMCC\Bin'
Build target 'stm32l4_bldc'
compiling cmd_iface.c...
..\MC_BLDC_Lib\Inc\bldc_pid.h(28): warning:  #1-D: last line of file ends without a newline
  #endif
..\Src\cmd_iface.c(158): warning:  #167-D: argument of type "uint8_t *" is incompatible with parameter of type "char *restrict"
  				sprintf(str, "OK %02X\r\n", err);			
..\Src\cmd_iface.c(159): warning:  #167-D: argument of type "uint8_t *" is incompatible with parameter of type "const char *"
  				print(str);
..\Src\cmd_iface.c(165): warning:  #167-D: argument of type "uint8_t *" is incompatible with parameter of type "char *restrict"
  				sprintf(str, "OK %02X\r\n", err);			
..\Src\cmd_iface.c(166): warning:  #167-D: argument of type "uint8_t *" is incompatible with parameter of type "const char *"
  				print(str);
..\Src\cmd_iface.c(172): warning:  #167-D: argument of type "uint8_t *" is incompatible with parameter of type "char *restrict"
  				sprintf(str, "OK %02X\r\n", err);			
..\Src\cmd_iface.c(173): warning:  #167-D: argument of type "uint8_t *" is incompatible with parameter of type "const char *"
  				print(str);
..\Src\cmd_iface.c(180): warning:  #167-D: argument of type "uint8_t *" is incompatible with parameter of type "char *restrict"
  				sprintf(str, "Error code = %X\r\n", err);			
..\Src\cmd_iface.c(181): warning:  #167-D: argument of type "uint8_t *" is incompatible with parameter of type "const char *"
  				print(str);
..\Src\cmd_iface.c(186): warning:  #167-D: argument of type "uint8_t *" is incompatible with parameter of type "char *restrict"
  				sprintf(str, "Current = %d mA\r\n", current);			
..\Src\cmd_iface.c(187): warning:  #167-D: argument of type "uint8_t *" is incompatible with parameter of type "const char *"
  				print(str);
..\Src\cmd_iface.c(192): warning:  #167-D: argument of type "uint8_t *" is incompatible with parameter of type "char *restrict"
  				sprintf(str, "Voltage = %d V\r\n", voltage);			
..\Src\cmd_iface.c(193): warning:  #167-D: argument of type "uint8_t *" is incompatible with parameter of type "const char *"
  				print(str);
..\Src\cmd_iface.c(198): warning:  #167-D: argument of type "uint8_t *" is incompatible with parameter of type "char *restrict"
  				sprintf(str, "Status code = %d\r\n", status);			
..\Src\cmd_iface.c(199): warning:  #167-D: argument of type "uint8_t *" is incompatible with parameter of type "const char *"
  				print(str);
..\Src\cmd_iface.c(204): warning:  #167-D: argument of type "uint8_t *" is incompatible with parameter of type "char *restrict"
  				sprintf(str, "RPM = %d\r\n", rpm);			
..\Src\cmd_iface.c(205): warning:  #167-D: argument of type "uint8_t *" is incompatible with parameter of type "const char *"
  				print(str);
..\Src\cmd_iface.c(217): warning:  #167-D: argument of type "uint8_t *" is incompatible with parameter of type "char *restrict"
  				sprintf(str, "OK %02X %d %d %d %d\r\n", err, voltage, current, rpm, phase);			
..\Src\cmd_iface.c(218): warning:  #167-D: argument of type "uint8_t *" is incompatible with parameter of type "const char *"
  				print(str);			
..\Src\cmd_iface.c(223): warning:  #167-D: argument of type "uint8_t *" is incompatible with parameter of type "char *restrict"
  				sprintf(str, "OK %02X\r\n", err);			
..\Src\cmd_iface.c(224): warning:  #167-D: argument of type "uint8_t *" is incompatible with parameter of type "const char *"
  				print(str);
..\Src\cmd_iface.c(242): warning:  #167-D: argument of type "uint8_t *" is incompatible with parameter of type "char *restrict"
  				sprintf(str, "OK\r\n");			
..\Src\cmd_iface.c(243): warning:  #167-D: argument of type "uint8_t *" is incompatible with parameter of type "const char *"
  				print(str);
..\Src\cmd_iface.c(299): warning:  #1-D: last line of file ends without a newline
  }
..\Src\cmd_iface.c: 24 warnings, 0 errors
linking...
Program Size: Code=29048 RO-data=584 RW-data=148 ZI-data=22188  
"stm32l4_bldc\stm32l4_bldc.axf" - 0 Error(s), 24 Warning(s).

<h2>Software Packages used:</h2>

Package Vendor: ARM
                http://www.keil.com/pack/ARM.CMSIS.5.0.1.pack
                ARM.CMSIS.5.0.1
                CMSIS (Cortex Microcontroller Software Interface Standard)
   * Component: CORE Version: 5.0.1

Package Vendor: Keil
                http://www.keil.com/pack/Keil.STM32L4xx_DFP.1.4.0.pack
                Keil.STM32L4xx_DFP.1.4.0
                STMicroelectronics STM32L4 Series Device Support, Drivers and Examples

<h2>Collection of Component include folders:</h2>
  .\RTE\_stm32l4_bldc
  C:\Program Files\Keil\ARM\PACK\ARM\CMSIS\5.0.1\CMSIS\Include
  C:\Program Files\Keil\ARM\PACK\Keil\STM32L4xx_DFP\1.4.0\Device\Include

<h2>Collection of Component Files used:</h2>

   * Component: ARM::CMSIS:CORE:5.0.1
Build Time Elapsed:  00:00:04
</pre>
</body>
</html>
