Component: ARM Compiler 5.06 update 5 (build 528) Tool: armlink [4d35e2]

==============================================================================

Section Cross References

    stm32l4xx_hal_flash_ex.o(i.FLASH_FlushCaches) refers to stm32l4xx_hal_flash.o(.bss) for pFlash
    stm32l4xx_hal_flash_ex.o(i.FLASH_OB_PCROPConfig) refers to stm32l4xx_hal_flash.o(i.FLASH_WaitForLastOperation) for FLASH_WaitForLastOperation
    stm32l4xx_hal_flash_ex.o(i.FLASH_OB_RDPConfig) refers to stm32l4xx_hal_flash.o(i.FLASH_WaitForLastOperation) for FLASH_WaitForLastOperation
    stm32l4xx_hal_flash_ex.o(i.FLASH_OB_UserConfig) refers to stm32l4xx_hal_flash.o(i.FLASH_WaitForLastOperation) for FLASH_WaitForLastOperation
    stm32l4xx_hal_flash_ex.o(i.FLASH_OB_WRPConfig) refers to stm32l4xx_hal_flash.o(i.FLASH_WaitForLastOperation) for FLASH_WaitForLastOperation
    stm32l4xx_hal_flash_ex.o(i.HAL_FLASHEx_Erase) refers to stm32l4xx_hal_flash.o(i.FLASH_WaitForLastOperation) for FLASH_WaitForLastOperation
    stm32l4xx_hal_flash_ex.o(i.HAL_FLASHEx_Erase) refers to stm32l4xx_hal_flash_ex.o(i.FLASH_MassErase) for FLASH_MassErase
    stm32l4xx_hal_flash_ex.o(i.HAL_FLASHEx_Erase) refers to stm32l4xx_hal_flash_ex.o(i.FLASH_PageErase) for FLASH_PageErase
    stm32l4xx_hal_flash_ex.o(i.HAL_FLASHEx_Erase) refers to stm32l4xx_hal_flash_ex.o(i.FLASH_FlushCaches) for FLASH_FlushCaches
    stm32l4xx_hal_flash_ex.o(i.HAL_FLASHEx_Erase) refers to stm32l4xx_hal_flash.o(.bss) for pFlash
    stm32l4xx_hal_flash_ex.o(i.HAL_FLASHEx_Erase_IT) refers to stm32l4xx_hal_flash_ex.o(i.FLASH_MassErase) for FLASH_MassErase
    stm32l4xx_hal_flash_ex.o(i.HAL_FLASHEx_Erase_IT) refers to stm32l4xx_hal_flash_ex.o(i.FLASH_PageErase) for FLASH_PageErase
    stm32l4xx_hal_flash_ex.o(i.HAL_FLASHEx_Erase_IT) refers to stm32l4xx_hal_flash.o(.bss) for pFlash
    stm32l4xx_hal_flash_ex.o(i.HAL_FLASHEx_OBGetConfig) refers to stm32l4xx_hal_flash_ex.o(i.FLASH_OB_GetWRP) for FLASH_OB_GetWRP
    stm32l4xx_hal_flash_ex.o(i.HAL_FLASHEx_OBGetConfig) refers to stm32l4xx_hal_flash_ex.o(i.FLASH_OB_GetRDP) for FLASH_OB_GetRDP
    stm32l4xx_hal_flash_ex.o(i.HAL_FLASHEx_OBGetConfig) refers to stm32l4xx_hal_flash_ex.o(i.FLASH_OB_GetUser) for FLASH_OB_GetUser
    stm32l4xx_hal_flash_ex.o(i.HAL_FLASHEx_OBGetConfig) refers to stm32l4xx_hal_flash_ex.o(i.FLASH_OB_GetPCROP) for FLASH_OB_GetPCROP
    stm32l4xx_hal_flash_ex.o(i.HAL_FLASHEx_OBProgram) refers to stm32l4xx_hal_flash_ex.o(i.FLASH_OB_WRPConfig) for FLASH_OB_WRPConfig
    stm32l4xx_hal_flash_ex.o(i.HAL_FLASHEx_OBProgram) refers to stm32l4xx_hal_flash_ex.o(i.FLASH_OB_RDPConfig) for FLASH_OB_RDPConfig
    stm32l4xx_hal_flash_ex.o(i.HAL_FLASHEx_OBProgram) refers to stm32l4xx_hal_flash_ex.o(i.FLASH_OB_UserConfig) for FLASH_OB_UserConfig
    stm32l4xx_hal_flash_ex.o(i.HAL_FLASHEx_OBProgram) refers to stm32l4xx_hal_flash_ex.o(i.FLASH_OB_PCROPConfig) for FLASH_OB_PCROPConfig
    stm32l4xx_hal_flash_ex.o(i.HAL_FLASHEx_OBProgram) refers to stm32l4xx_hal_flash.o(.bss) for pFlash
    stm32l4xx_hal_tim.o(i.HAL_TIM_Base_DeInit) refers to tim.o(i.HAL_TIM_Base_MspDeInit) for HAL_TIM_Base_MspDeInit
    stm32l4xx_hal_tim.o(i.HAL_TIM_Base_Init) refers to tim.o(i.HAL_TIM_Base_MspInit) for HAL_TIM_Base_MspInit
    stm32l4xx_hal_tim.o(i.HAL_TIM_Base_Init) refers to stm32l4xx_hal_tim.o(i.TIM_Base_SetConfig) for TIM_Base_SetConfig
    stm32l4xx_hal_tim.o(i.HAL_TIM_Base_Start_DMA) refers to stm32l4xx_hal_dma.o(i.HAL_DMA_Start_IT) for HAL_DMA_Start_IT
    stm32l4xx_hal_tim.o(i.HAL_TIM_Base_Start_DMA) refers to stm32l4xx_hal_tim.o(i.TIM_DMAPeriodElapsedCplt) for TIM_DMAPeriodElapsedCplt
    stm32l4xx_hal_tim.o(i.HAL_TIM_Base_Start_DMA) refers to stm32l4xx_hal_tim.o(i.TIM_DMAError) for TIM_DMAError
    stm32l4xx_hal_tim.o(i.HAL_TIM_ConfigClockSource) refers to stm32l4xx_hal_tim.o(i.TIM_ETR_SetConfig) for TIM_ETR_SetConfig
    stm32l4xx_hal_tim.o(i.HAL_TIM_ConfigClockSource) refers to stm32l4xx_hal_tim.o(i.TIM_TI1_ConfigInputStage) for TIM_TI1_ConfigInputStage
    stm32l4xx_hal_tim.o(i.HAL_TIM_ConfigClockSource) refers to stm32l4xx_hal_tim.o(i.TIM_ITRx_SetConfig) for TIM_ITRx_SetConfig
    stm32l4xx_hal_tim.o(i.HAL_TIM_ConfigClockSource) refers to stm32l4xx_hal_tim.o(i.TIM_TI2_ConfigInputStage) for TIM_TI2_ConfigInputStage
    stm32l4xx_hal_tim.o(i.HAL_TIM_ConfigOCrefClear) refers to stm32l4xx_hal_tim.o(i.TIM_ETR_SetConfig) for TIM_ETR_SetConfig
    stm32l4xx_hal_tim.o(i.HAL_TIM_DMABurst_ReadStart) refers to stm32l4xx_hal_dma.o(i.HAL_DMA_Start_IT) for HAL_DMA_Start_IT
    stm32l4xx_hal_tim.o(i.HAL_TIM_DMABurst_ReadStart) refers to stm32l4xx_hal_tim.o(i.TIM_DMAPeriodElapsedCplt) for TIM_DMAPeriodElapsedCplt
    stm32l4xx_hal_tim.o(i.HAL_TIM_DMABurst_ReadStart) refers to stm32l4xx_hal_tim.o(i.TIM_DMAError) for TIM_DMAError
    stm32l4xx_hal_tim.o(i.HAL_TIM_DMABurst_ReadStart) refers to stm32l4xx_hal_tim.o(i.TIM_DMACaptureCplt) for TIM_DMACaptureCplt
[...]
    TIM_TI1_ConfigInputStage                 0x08004639   Thumb Code    42  stm32l4xx_hal_tim.o(i.TIM_TI1_ConfigInputStage)
    i.TIM_TI1_SetConfig                      0x08004664   Section        0  stm32l4xx_hal_tim.o(i.TIM_TI1_SetConfig)
    i.TIM_TI2_ConfigInputStage               0x080046d0   Section        0  stm32l4xx_hal_tim.o(i.TIM_TI2_ConfigInputStage)
    TIM_TI2_ConfigInputStage                 0x080046d1   Thumb Code    44  stm32l4xx_hal_tim.o(i.TIM_TI2_ConfigInputStage)
    i.UART_AdvFeatureConfig                  0x080046fc   Section        0  stm32l4xx_hal_uart.o(i.UART_AdvFeatureConfig)
    i.UART_CheckIdleState                    0x080047f4   Section        0  stm32l4xx_hal_uart.o(i.UART_CheckIdleState)
    i.UART_DMAAbortOnError                   0x08004868   Section        0  stm32l4xx_hal_uart.o(i.UART_DMAAbortOnError)
    UART_DMAAbortOnError                     0x08004869   Thumb Code    24  stm32l4xx_hal_uart.o(i.UART_DMAAbortOnError)
    i.UART_EndRxTransfer                     0x08004880   Section        0  stm32l4xx_hal_uart.o(i.UART_EndRxTransfer)
    UART_EndRxTransfer                       0x08004881   Thumb Code    36  stm32l4xx_hal_uart.o(i.UART_EndRxTransfer)
    i.UART_EndTransmit_IT                    0x080048a4   Section        0  stm32l4xx_hal_uart.o(i.UART_EndTransmit_IT)
    UART_EndTransmit_IT                      0x080048a5   Thumb Code    34  stm32l4xx_hal_uart.o(i.UART_EndTransmit_IT)
    i.UART_SetConfig                         0x080048c8   Section        0  stm32l4xx_hal_uart.o(i.UART_SetConfig)
    i.UART_WaitOnFlagUntilTimeout            0x08004d16   Section        0  stm32l4xx_hal_uart.o(i.UART_WaitOnFlagUntilTimeout)
    i.USART1_IRQHandler                      0x08004d84   Section        0  stm32l4xx_it.o(i.USART1_IRQHandler)
    i.UsageFault_Handler                     0x08004d98   Section        0  stm32l4xx_it.o(i.UsageFault_Handler)
    i._Error_Handler                         0x08004d9c   Section        0  main.o(i._Error_Handler)
    i.__0snprintf$5                          0x08004da0   Section        0  printf5.o(i.__0snprintf$5)
    i.__0sprintf$5                           0x08004dd0   Section        0  printf5.o(i.__0sprintf$5)
    i.__scatterload_copy                     0x08004df8   Section       14  handlers.o(i.__scatterload_copy)
    i.__scatterload_null                     0x08004e06   Section        2  handlers.o(i.__scatterload_null)
    i.__scatterload_zeroinit                 0x08004e08   Section       14  handlers.o(i.__scatterload_zeroinit)
    i._printf_core                           0x08004e18   Section        0  printf5.o(i._printf_core)
    _printf_core                             0x08004e19   Thumb Code   658  printf5.o(i._printf_core)
    i._snputc                                0x080050de   Section        0  printf5.o(i._snputc)
    _snputc                                  0x080050df   Thumb Code    22  printf5.o(i._snputc)
    i._sputc                                 0x080050f4   Section        0  printf5.o(i._sputc)
    _sputc                                   0x080050f5   Thumb Code    10  printf5.o(i._sputc)
    i.adcIntGetFilteredValue                 0x08005100   Section        0  adc_int.o(i.adcIntGetFilteredValue)
    i.adcIntGetVoltage                       0x08005154   Section        0  adc_int.o(i.adcIntGetVoltage)
    i.adcIntInit                             0x0800519c   Section        0  adc_int.o(i.adcIntInit)
    i.escape_process                         0x080051b8   Section        0  microrl.o(i.escape_process)
    escape_process                           0x080051b9   Thumb Code   176  microrl.o(i.escape_process)
    i.execute                                0x08005268   Section        0  cmd_iface.o(i.execute)
    i.main                                   0x08005518   Section        0  main.o(i.main)
    i.makeFreeRtosPriority                   0x08005548   Section        0  cmsis_os.o(i.makeFreeRtosPriority)
    makeFreeRtosPriority                     0x08005549   Thumb Code    14  cmsis_os.o(i.makeFreeRtosPriority)
    i.microrl_backspace                      0x08005558   Section        0  microrl.o(i.microrl_backspace)
    microrl_backspace                        0x08005559   Thumb Code    68  microrl.o(i.microrl_backspace)
    i.microrl_init                           0x080055a4   Section        0  microrl.o(i.microrl_init)
    i.microrl_insert_char                    0x080055c8   Section        0  microrl.o(i.microrl_insert_char)
    i.microrl_insert_text                    0x080056fc   Section        0  microrl.o(i.microrl_insert_text)
    microrl_insert_text                      0x080056fd   Thumb Code   122  microrl.o(i.microrl_insert_text)
    i.microrl_set_execute_callback           0x08005776   Section        0  microrl.o(i.microrl_set_execute_callback)
    i.new_line_handler                       0x0800577c   Section        0  microrl.o(i.new_line_handler)
    i.osDelay                                0x080057fc   Section        0  cmsis_os.o(i.osDelay)
    i.osKernelStart                          0x08005814   Section        0  cmsis_os.o(i.osKernelStart)
    i.osSystickHandler                       0x0800581e   Section        0  cmsis_os.o(i.osSystickHandler)
    i.osThreadCreate                         0x0800582e   Section        0  cmsis_os.o(i.osThreadCreate)
    i.print                                  0x08005860   Section        0  cmd_iface.o(i.print)
    i.print_help                             0x08005880   Section        0  cmd_iface.o(i.print_help)
    i.prvAddCurrentTaskToDelayedList         0x080058b4   Section        0  tasks.o(i.prvAddCurrentTaskToDelayedList)
    prvAddCurrentTaskToDelayedList           0x080058b5   Thumb Code   124  tasks.o(i.prvAddCurrentTaskToDelayedList)
    i.prvAddNewTaskToReadyList               0x0800594c   Section        0  tasks.o(i.prvAddNewTaskToReadyList)
    prvAddNewTaskToReadyList                 0x0800594d   Thumb Code   150  tasks.o(i.prvAddNewTaskToReadyList)
    i.prvCheckTasksWaitingTermination        0x08005a00   Section        0  tasks.o(i.prvCheckTasksWaitingTermination)
    prvCheckTasksWaitingTermination          0x08005a01   Thumb Code    86  tasks.o(i.prvCheckTasksWaitingTermination)
    i.prvCopyDataToQueue                     0x08005a64   Section        0  queue.o(i.prvCopyDataToQueue)
    prvCopyDataToQueue                       0x08005a65   Thumb Code   124  queue.o(i.prvCopyDataToQueue)
    i.prvDeleteTCB                           0x08005ae0   Section        0  tasks.o(i.prvDeleteTCB)
    prvDeleteTCB                             0x08005ae1   Thumb Code    18  tasks.o(i.prvDeleteTCB)
    i.prvHeapInit                            0x08005af4   Section        0  heap_4.o(i.prvHeapInit)
    prvHeapInit                              0x08005af5   Thumb Code    98  heap_4.o(i.prvHeapInit)
    i.prvIdleTask                            0x08005b70   Section        0  tasks.o(i.prvIdleTask)
    prvIdleTask                              0x08005b71   Thumb Code    32  tasks.o(i.prvIdleTask)
    i.prvInitialiseNewQueue                  0x08005b98   Section        0  queue.o(i.prvInitialiseNewQueue)
    prvInitialiseNewQueue                    0x08005b99   Thumb Code    38  queue.o(i.prvInitialiseNewQueue)
    i.prvInitialiseNewTask                   0x08005bbe   Section        0  tasks.o(i.prvInitialiseNewTask)
    prvInitialiseNewTask                     0x08005bbf   Thumb Code   170  tasks.o(i.prvInitialiseNewTask)
    i.prvInitialiseTaskLists                 0x08005c70   Section        0  tasks.o(i.prvInitialiseTaskLists)
    prvInitialiseTaskLists                   0x08005c71   Thumb Code    70  tasks.o(i.prvInitialiseTaskLists)
    i.prvInsertBlockIntoFreeList             0x08005cd8   Section        0  heap_4.o(i.prvInsertBlockIntoFreeList)
    prvInsertBlockIntoFreeList               0x08005cd9   Thumb Code    96  heap_4.o(i.prvInsertBlockIntoFreeList)
    i.prvIsQueueFull                         0x08005d40   Section        0  queue.o(i.prvIsQueueFull)
    prvIsQueueFull                           0x08005d41   Thumb Code    30  queue.o(i.prvIsQueueFull)
    i.prvResetNextTaskUnblockTime            0x08005d60   Section        0  tasks.o(i.prvResetNextTaskUnblockTime)
    prvResetNextTaskUnblockTime              0x08005d61   Thumb Code    42  tasks.o(i.prvResetNextTaskUnblockTime)
    i.prvTaskExitError                       0x08005d94   Section        0  port.o(i.prvTaskExitError)
    prvTaskExitError                         0x08005d95   Thumb Code    60  port.o(i.prvTaskExitError)
    i.prvUnlockQueue                         0x08005dd4   Section        0  queue.o(i.prvUnlockQueue)
    prvUnlockQueue                           0x08005dd5   Thumb Code   126  queue.o(i.prvUnlockQueue)
    i.pvPortMalloc                           0x08005e54   Section        0  heap_4.o(i.pvPortMalloc)
    i.pxPortInitialiseStack                  0x08005f90   Section        0  port.o(i.pxPortInitialiseStack)
    i.split                                  0x08005fbc   Section        0  microrl.o(i.split)
    split                                    0x08005fbd   Thumb Code    88  microrl.o(i.split)
    i.terminal_move_cursor                   0x08006014   Section        0  microrl.o(i.terminal_move_cursor)
    terminal_move_cursor                     0x08006015   Thumb Code    60  microrl.o(i.terminal_move_cursor)
    i.terminal_print_line                    0x08006060   Section        0  microrl.o(i.terminal_print_line)
    terminal_print_line                      0x08006061   Thumb Code    78  microrl.o(i.terminal_print_line)
    i.terminal_reset_cursor                  0x080060b4   Section        0  microrl.o(i.terminal_reset_cursor)
    terminal_reset_cursor                    0x080060b5   Thumb Code    34  microrl.o(i.terminal_reset_cursor)
    i.uxListRemove                           0x080060e4   Section        0  list.o(i.uxListRemove)
    i.vListInitialise                        0x0800610c   Section        0  list.o(i.vListInitialise)
    i.vListInitialiseItem                    0x08006126   Section        0  list.o(i.vListInitialiseItem)
    i.vListInsert                            0x0800612c   Section        0  list.o(i.vListInsert)
    i.vListInsertEnd                         0x08006160   Section        0  list.o(i.vListInsertEnd)
    i.vPortEnterCritical                     0x08006178   Section        0  port.o(i.vPortEnterCritical)
    i.vPortExitCritical                      0x080061cc   Section        0  port.o(i.vPortExitCritical)
    i.vPortFree                              0x08006208   Section        0  heap_4.o(i.vPortFree)
    i.vPortSetupTimerInterrupt               0x0800629c   Section        0  port.o(i.vPortSetupTimerInterrupt)
    i.vTaskDelay                             0x080062bc   Section        0  tasks.o(i.vTaskDelay)
    i.vTaskMissedYield                       0x08006318   Section        0  tasks.o(i.vTaskMissedYield)
    i.vTaskPlaceOnEventList                  0x08006324   Section        0  tasks.o(i.vTaskPlaceOnEventList)
    i.vTaskSetTimeOutState                   0x0800635c   Section        0  tasks.o(i.vTaskSetTimeOutState)
    i.vTaskStartScheduler                    0x0800638c   Section        0  tasks.o(i.vTaskStartScheduler)
    i.vTaskSuspendAll                        0x08006414   Section        0  tasks.o(i.vTaskSuspendAll)
    i.vTaskSwitchContext                     0x08006424   Section        0  tasks.o(i.vTaskSwitchContext)
    i.xPortStartScheduler                    0x080064b0   Section        0  port.o(i.xPortStartScheduler)
    i.xPortSysTickHandler                    0x080065ec   Section        0  port.o(i.xPortSysTickHandler)
    i.xQueueGenericCreate                    0x08006620   Section        0  queue.o(i.xQueueGenericCreate)
    i.xQueueGenericReset                     0x08006678   Section        0  queue.o(i.xQueueGenericReset)
    i.xQueueGenericSend                      0x08006710   Section        0  queue.o(i.xQueueGenericSend)
    i.xTaskCheckForTimeOut                   0x080068b8   Section        0  tasks.o(i.xTaskCheckForTimeOut)
    i.xTaskCreate                            0x08006944   Section        0  tasks.o(i.xTaskCreate)
    i.xTaskGetSchedulerState                 0x080069ac   Section        0  tasks.o(i.xTaskGetSchedulerState)
    i.xTaskIncrementTick                     0x080069cc   Section        0  tasks.o(i.xTaskIncrementTick)
    i.xTaskPriorityDisinherit                0x08006b14   Section        0  tasks.o(i.xTaskPriorityDisinherit)
    i.xTaskRemoveFromEventList               0x08006bdc   Section        0  tasks.o(i.xTaskRemoveFromEventList)
    i.xTaskResumeAll                         0x08006c74   Section        0  tasks.o(i.xTaskResumeAll)
    .constdata                               0x08006d78   Section       72  system_stm32l4xx.o(.constdata)
    .constdata                               0x08006dc0   Section       40  freertos.o(.constdata)
    .constdata                               0x08006de8   Section       16  bldc_lib.o(.constdata)
    .conststring                             0x08006df8   Section       20  freertos.o(.conststring)
    .data                                    0x20000000   Section        4  stm32l4xx_hal.o(.data)
    .data                                    0x20000004   Section       24  heap_4.o(.data)
    xStart                                   0x20000004   Data           8  heap_4.o(.data)
    pxEnd                                    0x2000000c   Data           4  heap_4.o(.data)
    xFreeBytesRemaining                      0x20000010   Data           4  heap_4.o(.data)
    xMinimumEverFreeBytesRemaining           0x20000014   Data           4  heap_4.o(.data)
    xBlockAllocatedBit                       0x20000018   Data           4  heap_4.o(.data)
    .data                                    0x2000001c   Section       60  tasks.o(.data)
    pxDelayedTaskList                        0x20000020   Data           4  tasks.o(.data)
    pxOverflowDelayedTaskList                0x20000024   Data           4  tasks.o(.data)
    uxDeletedTasksWaitingCleanUp             0x20000028   Data           4  tasks.o(.data)
    uxCurrentNumberOfTasks                   0x2000002c   Data           4  tasks.o(.data)
    xTickCount                               0x20000030   Data           4  tasks.o(.data)
    uxTopReadyPriority                       0x20000034   Data           4  tasks.o(.data)
    xSchedulerRunning                        0x20000038   Data           4  tasks.o(.data)
    uxPendedTicks                            0x2000003c   Data           4  tasks.o(.data)
    xYieldPending                            0x20000040   Data           4  tasks.o(.data)
    xNumOfOverflows                          0x20000044   Data           4  tasks.o(.data)
    uxTaskNumber                             0x20000048   Data           4  tasks.o(.data)
    xNextTaskUnblockTime                     0x2000004c   Data           4  tasks.o(.data)
    xIdleTaskHandle                          0x20000050   Data           4  tasks.o(.data)
    uxSchedulerSuspended                     0x20000054   Data           4  tasks.o(.data)
    .data                                    0x20000058   Section       12  port.o(.data)
    uxCriticalNesting                        0x20000058   Data           4  port.o(.data)
    ucMaxSysCallPriority                     0x2000005c   Data           1  port.o(.data)
    ulMaxPRIGROUPValue                       0x20000060   Data           4  port.o(.data)
    .data                                    0x20000064   Section        4  system_stm32l4xx.o(.data)
    .data                                    0x20000068   Section        8  freertos.o(.data)
    .data                                    0x20000070   Section        8  cmd_iface.o(.data)
    .data                                    0x20000078   Section       16  bldc_lib.o(.data)
    hallSensorPulse                          0x20000078   Data           1  bldc_lib.o(.data)
    mcDelay                                  0x2000007c   Data           4  bldc_lib.o(.data)
    tickstart                                0x20000080   Data           4  bldc_lib.o(.data)
    stepPosPrev                              0x20000084   Data           1  bldc_lib.o(.data)
    timerZeroSpeedCnt                        0x20000086   Data           2  bldc_lib.o(.data)
    .bss                                     0x20000088   Section     4096  heap_4.o(.bss)
    ucHeap                                   0x20000088   Data        4096  heap_4.o(.bss)
    .bss                                     0x20001088   Section      240  tasks.o(.bss)
    pxReadyTasksLists                        0x20001088   Data         140  tasks.o(.bss)
    xDelayedTaskList1                        0x20001114   Data          20  tasks.o(.bss)
    xDelayedTaskList2                        0x20001128   Data          20  tasks.o(.bss)
    xPendingReadyList                        0x2000113c   Data          20  tasks.o(.bss)
    xTasksWaitingTermination                 0x20001150   Data          20  tasks.o(.bss)
    xSuspendedTaskList                       0x20001164   Data          20  tasks.o(.bss)
    .bss                                     0x20001178   Section      180  adc.o(.bss)
    .bss                                     0x2000122c   Section      120  usart.o(.bss)
    .bss                                     0x200012a4   Section      128  tim.o(.bss)
    .bss                                     0x20001324   Section      384  adc_int.o(.bss)
    .bss                                     0x200014a4   Section      426  cmd_iface.o(.bss)
    str                                      0x20001630   Data          30  cmd_iface.o(.bss)
    .bss                                     0x20001650   Section       32  bldc_lib.o(.bss)
    STACK                                    0x20001670   Section    16384  startup_stm32l452xx.o(STACK)

    Global Symbols

    Symbol Name                              Value     Ov Type        Size  Object(Section)

    BuildAttributes$$THM_ISAv4$E$P$D$K$B$S$7EM$VFPi3$EXTD16$VFPS$VFMA$PE$A:L22UL41UL21$X:L11$S22US41US21$IEEE1$IW$USESV6$~STKCKD$USESV7$~SHL$OSPACE$ROPI$EBA8$MICROLIB$REQ8$PRES8$EABIv2 0x00000000   Number         0  anon$$obj.o ABSOLUTE
    __ARM_use_no_argv                        0x00000000   Number         0  main.o ABSOLUTE
    _printf_a                                0x00000000   Number         0  stubs.o ABSOLUTE
    _printf_c                                0x00000000   Number         0  stubs.o ABSOLUTE
    _printf_charcount                        0x00000000   Number         0  stubs.o ABSOLUTE
    _printf_d                                0x00000000   Number         0  stubs.o ABSOLUTE
    _printf_e                                0x00000000   Number         0  stubs.o ABSOLUTE
    _printf_f                                0x00000000   Number         0  stubs.o ABSOLUTE
    _printf_flags                            0x00000000   Number         0  stubs.o ABSOLUTE
    _printf_fp_dec                           0x00000000   Number         0  stubs.o ABSOLUTE
    _printf_fp_hex                           0x00000000   Number         0  stubs.o ABSOLUTE
    _printf_g                                0x00000000   Number         0  stubs.o ABSOLUTE
    _printf_i                                0x00000000   Number         0  stubs.o ABSOLUTE
    _printf_int_dec                          0x00000000   Number         0  stubs.o ABSOLUTE
    _printf_l                                0x00000000   Number         0  stubs.o ABSOLUTE
    _printf_lc                               0x00000000   Number         0  stubs.o ABSOLUTE
    _printf_ll                               0x00000000   Number         0  stubs.o ABSOLUTE
    _printf_lld                              0x00000000   Number         0  stubs.o ABSOLUTE
    _printf_lli                              0x00000000   Number         0  stubs.o ABSOLUTE
    _printf_llo                              0x00000000   Number         0  stubs.o ABSOLUTE
    _printf_llu                              0x00000000   Number         0  stubs.o ABSOLUTE
    _printf_llx                              0x00000000   Number         0  stubs.o ABSOLUTE
    _printf_longlong_dec                     0x00000000   Number         0  stubs.o ABSOLUTE
    _printf_longlong_hex                     0x00000000   Number         0  stubs.o ABSOLUTE
    _printf_longlong_oct                     0x00000000   Number         0  stubs.o ABSOLUTE
    _printf_ls                               0x00000000   Number         0  stubs.o ABSOLUTE
    _printf_mbtowc                           0x00000000   Number         0  stubs.o ABSOLUTE
    _printf_n                                0x00000000   Number         0  stubs.o ABSOLUTE
    _printf_o                                0x00000000   Number         0  stubs.o ABSOLUTE
    _printf_p                                0x00000000   Number         0  stubs.o ABSOLUTE
    _printf_percent                          0x00000000   Number         0  stubs.o ABSOLUTE
    _printf_pre_padding                      0x00000000   Number         0  stubs.o ABSOLUTE
    _printf_return_value                     0x00000000   Number         0  stubs.o ABSOLUTE
    _printf_s                                0x00000000   Number         0  stubs.o ABSOLUTE
    _printf_sizespec                         0x00000000   Number         0  stubs.o ABSOLUTE
    _printf_str                              0x00000000   Number         0  stubs.o ABSOLUTE
    _printf_truncate_signed                  0x00000000   Number         0  stubs.o ABSOLUTE
    _printf_truncate_unsigned                0x00000000   Number         0  stubs.o ABSOLUTE
    _printf_u                                0x00000000   Number         0  stubs.o ABSOLUTE
    _printf_wc                               0x00000000   Number         0  stubs.o ABSOLUTE
    _printf_wctomb                           0x00000000   Number         0  stubs.o ABSOLUTE
    _printf_widthprec                        0x00000000   Number         0  stubs.o ABSOLUTE
    _printf_x                                0x00000000   Number         0  stubs.o ABSOLUTE
    __cpp_initialize__aeabi_                  - Undefined Weak Reference
    __cxa_finalize                            - Undefined Weak Reference
    __decompress                              - Undefined Weak Reference
    _clock_init                               - Undefined Weak Reference
    _microlib_exit                            - Undefined Weak Reference
    __Vectors_Size                           0x00000194   Number         0  startup_stm32l452xx.o ABSOLUTE
    __Vectors                                0x08000000   Data           4  startup_stm32l452xx.o(RESET)
    __Vectors_End                            0x08000194   Data           0  startup_stm32l452xx.o(RESET)
    __main                                   0x08000195   Thumb Code     0  entry.o(.ARM.Collect$$$$00000000)
    _main_stk                                0x08000195   Thumb Code     0  entry2.o(.ARM.Collect$$$$00000001)
    _main_scatterload                        0x08000199   Thumb Code     0  entry5.o(.ARM.Collect$$$$00000004)
    __main_after_scatterload                 0x0800019d   Thumb Code     0  entry5.o(.ARM.Collect$$$$00000004)
    _main_clock                              0x0800019d   Thumb Code     0  entry7b.o(.ARM.Collect$$$$00000008)
    _main_cpp_init                           0x0800019d   Thumb Code     0  entry8b.o(.ARM.Collect$$$$0000000A)
    _main_init                               0x0800019d   Thumb Code     0  entry9a.o(.ARM.Collect$$$$0000000B)
    __rt_final_cpp                           0x080001a5   Thumb Code     0  entry10a.o(.ARM.Collect$$$$0000000D)
    __rt_final_exit                          0x080001a5   Thumb Code     0  entry11a.o(.ARM.Collect$$$$0000000F)
    SVC_Handler                              0x080001a9   Thumb Code    28  port.o(.emb_text)
    __asm___6_port_c_39a90d8d__prvStartFirstTask 0x080001c9   Thumb Code    28  port.o(.emb_text)
    __asm___6_port_c_39a90d8d__prvEnableVFP  0x080001e9   Thumb Code    16  port.o(.emb_text)
    PendSV_Handler                           0x080001fd   Thumb Code    92  port.o(.emb_text)
    vPortGetIPSR                             0x0800025d   Thumb Code     6  port.o(.emb_text)
    Reset_Handler                            0x08000285   Thumb Code     8  startup_stm32l452xx.o(.text)
    ADC1_IRQHandler                          0x0800029f   Thumb Code     0  startup_stm32l452xx.o(.text)
    CAN1_RX0_IRQHandler                      0x0800029f   Thumb Code     0  startup_stm32l452xx.o(.text)
    CAN1_RX1_IRQHandler                      0x0800029f   Thumb Code     0  startup_stm32l452xx.o(.text)
    CAN1_SCE_IRQHandler                      0x0800029f   Thumb Code     0  startup_stm32l452xx.o(.text)
    CAN1_TX_IRQHandler                       0x0800029f   Thumb Code     0  startup_stm32l452xx.o(.text)
    COMP_IRQHandler                          0x0800029f   Thumb Code     0  startup_stm32l452xx.o(.text)
    CRS_IRQHandler                           0x0800029f   Thumb Code     0  startup_stm32l452xx.o(.text)
    DFSDM1_FLT0_IRQHandler                   0x0800029f   Thumb Code     0  startup_stm32l452xx.o(.text)
    DFSDM1_FLT1_IRQHandler                   0x0800029f   Thumb Code     0  startup_stm32l452xx.o(.text)
    DMA1_Channel2_IRQHandler                 0x0800029f   Thumb Code     0  startup_stm32l452xx.o(.text)
    DMA1_Channel3_IRQHandler                 0x0800029f   Thumb Code     0  startup_stm32l452xx.o(.text)
    DMA1_Channel4_IRQHandler                 0x0800029f   Thumb Code     0  startup_stm32l452xx.o(.text)
    DMA1_Channel5_IRQHandler                 0x0800029f   Thumb Code     0  startup_stm32l452xx.o(.text)
    DMA1_Channel6_IRQHandler                 0x0800029f   Thumb Code     0  startup_stm32l452xx.o(.text)
    DMA1_Channel7_IRQHandler                 0x0800029f   Thumb Code     0  startup_stm32l452xx.o(.text)
    DMA2_Channel1_IRQHandler                 0x0800029f   Thumb Code     0  startup_stm32l452xx.o(.text)
    DMA2_Channel2_IRQHandler                 0x0800029f   Thumb Code     0  startup_stm32l452xx.o(.text)
    DMA2_Channel3_IRQHandler                 0x0800029f   Thumb Code     0  startup_stm32l452xx.o(.text)
    DMA2_Channel4_IRQHandler                 0x0800029f   Thumb Code     0  startup_stm32l452xx.o(.text)
    DMA2_Channel5_IRQHandler                 0x0800029f   Thumb Code     0  startup_stm32l452xx.o(.text)
    DMA2_Channel6_IRQHandler                 0x0800029f   Thumb Code     0  startup_stm32l452xx.o(.text)
    DMA2_Channel7_IRQHandler                 0x0800029f   Thumb Code     0  startup_stm32l452xx.o(.text)
    EXTI0_IRQHandler                         0x0800029f   Thumb Code     0  startup_stm32l452xx.o(.text)
    EXTI15_10_IRQHandler                     0x0800029f   Thumb Code     0  startup_stm32l452xx.o(.text)
    EXTI1_IRQHandler                         0x0800029f   Thumb Code     0  startup_stm32l452xx.o(.text)
    EXTI2_IRQHandler                         0x0800029f   Thumb Code     0  startup_stm32l452xx.o(.text)
    EXTI3_IRQHandler                         0x0800029f   Thumb Code     0  startup_stm32l452xx.o(.text)
    EXTI4_IRQHandler                         0x0800029f   Thumb Code     0  startup_stm32l452xx.o(.text)
    EXTI9_5_IRQHandler                       0x0800029f   Thumb Code     0  startup_stm32l452xx.o(.text)
    FLASH_IRQHandler                         0x0800029f   Thumb Code     0  startup_stm32l452xx.o(.text)
    FPU_IRQHandler                           0x0800029f   Thumb Code     0  startup_stm32l452xx.o(.text)
    I2C1_ER_IRQHandler                       0x0800029f   Thumb Code     0  startup_stm32l452xx.o(.text)
    I2C1_EV_IRQHandler                       0x0800029f   Thumb Code     0  startup_stm32l452xx.o(.text)
    I2C2_ER_IRQHandler                       0x0800029f   Thumb Code     0  startup_stm32l452xx.o(.text)
    I2C2_EV_IRQHandler                       0x0800029f   Thumb Code     0  startup_stm32l452xx.o(.text)
    I2C3_ER_IRQHandler                       0x0800029f   Thumb Code     0  startup_stm32l452xx.o(.text)
    I2C3_EV_IRQHandler                       0x0800029f   Thumb Code     0  startup_stm32l452xx.o(.text)
    I2C4_ER_IRQHandler                       0x0800029f   Thumb Code     0  startup_stm32l452xx.o(.text)
    I2C4_EV_IRQHandler                       0x0800029f   Thumb Code     0  startup_stm32l452xx.o(.text)
    LPTIM1_IRQHandler                        0x0800029f   Thumb Code     0  startup_stm32l452xx.o(.text)
    LPTIM2_IRQHandler                        0x0800029f   Thumb Code     0  startup_stm32l452xx.o(.text)
    LPUART1_IRQHandler                       0x0800029f   Thumb Code     0  startup_stm32l452xx.o(.text)
    PVD_PVM_IRQHandler                       0x0800029f   Thumb Code     0  startup_stm32l452xx.o(.text)
    QUADSPI_IRQHandler                       0x0800029f   Thumb Code     0  startup_stm32l452xx.o(.text)
    RCC_IRQHandler                           0x0800029f   Thumb Code     0  startup_stm32l452xx.o(.text)
    RNG_IRQHandler                           0x0800029f   Thumb Code     0  startup_stm32l452xx.o(.text)
    RTC_Alarm_IRQHandler                     0x0800029f   Thumb Code     0  startup_stm32l452xx.o(.text)
    RTC_WKUP_IRQHandler                      0x0800029f   Thumb Code     0  startup_stm32l452xx.o(.text)
    SAI1_IRQHandler                          0x0800029f   Thumb Code     0  startup_stm32l452xx.o(.text)
    SDMMC1_IRQHandler                        0x0800029f   Thumb Code     0  startup_stm32l452xx.o(.text)
    SPI1_IRQHandler                          0x0800029f   Thumb Code     0  startup_stm32l452xx.o(.text)
    SPI2_IRQHandler                          0x0800029f   Thumb Code     0  startup_stm32l452xx.o(.text)
    SPI3_IRQHandler                          0x0800029f   Thumb Code     0  startup_stm32l452xx.o(.text)
    TAMP_STAMP_IRQHandler                    0x0800029f   Thumb Code     0  startup_stm32l452xx.o(.text)
    TIM1_BRK_TIM15_IRQHandler                0x0800029f   Thumb Code     0  startup_stm32l452xx.o(.text)
    TIM1_CC_IRQHandler                       0x0800029f   Thumb Code     0  startup_stm32l452xx.o(.text)
    TIM1_UP_TIM16_IRQHandler                 0x0800029f   Thumb Code     0  startup_stm32l452xx.o(.text)
    TIM3_IRQHandler                          0x0800029f   Thumb Code     0  startup_stm32l452xx.o(.text)
    TIM6_DAC_IRQHandler                      0x0800029f   Thumb Code     0  startup_stm32l452xx.o(.text)
    TSC_IRQHandler                           0x0800029f   Thumb Code     0  startup_stm32l452xx.o(.text)
    UART4_IRQHandler                         0x0800029f   Thumb Code     0  startup_stm32l452xx.o(.text)
    USART2_IRQHandler                        0x0800029f   Thumb Code     0  startup_stm32l452xx.o(.text)
    USART3_IRQHandler                        0x0800029f   Thumb Code     0  startup_stm32l452xx.o(.text)
    USB_IRQHandler                           0x0800029f   Thumb Code     0  startup_stm32l452xx.o(.text)
    WWDG_IRQHandler                          0x0800029f   Thumb Code     0  startup_stm32l452xx.o(.text)
    __aeabi_uldivmod                         0x080002a9   Thumb Code    98  uldiv.o(.text)
    ___aeabi_memcpy8$move                    0x08000311   Thumb Code     0  memmovea.o(.text)
    __aeabi_memcpy                           0x08000311   Thumb Code    64  memmovea.o(.text)
    __aeabi_memcpy4                          0x08000311   Thumb Code     0  memmovea.o(.text)
    __aeabi_memmove                          0x08000311   Thumb Code     0  memmovea.o(.text)
    __aeabi_memmove4                         0x08000311   Thumb Code     0  memmovea.o(.text)
    __aeabi_memmove8                         0x08000311   Thumb Code     0  memmovea.o(.text)
    __aeabi_memset                           0x08000351   Thumb Code    14  memseta.o(.text)
    __aeabi_memset4                          0x08000351   Thumb Code     0  memseta.o(.text)
    __aeabi_memset8                          0x08000351   Thumb Code     0  memseta.o(.text)
    __aeabi_memclr                           0x0800035f   Thumb Code     4  memseta.o(.text)
    __aeabi_memclr4                          0x0800035f   Thumb Code     0  memseta.o(.text)
    __aeabi_memclr8                          0x0800035f   Thumb Code     0  memseta.o(.text)
    _memset$wrapper                          0x08000363   Thumb Code    18  memseta.o(.text)
    strlen                                   0x08000375   Thumb Code    14  strlen.o(.text)
    strcmp                                   0x08000383   Thumb Code    28  strcmp.o(.text)
    __aeabi_llsl                             0x0800039f   Thumb Code    30  llshl.o(.text)
    _ll_shift_l                              0x0800039f   Thumb Code     0  llshl.o(.text)
    __aeabi_llsr                             0x080003bd   Thumb Code    32  llushr.o(.text)
    _ll_ushift_r                             0x080003bd   Thumb Code     0  llushr.o(.text)
    __scatterload                            0x080003dd   Thumb Code    28  init.o(.text)
    __scatterload_rt2                        0x080003dd   Thumb Code     0  init.o(.text)
    ADC_DMAConvCplt                          0x08000401   Thumb Code   152  stm32l4xx_hal_adc.o(i.ADC_DMAConvCplt)
    ADC_DMAError                             0x08000499   Thumb Code    30  stm32l4xx_hal_adc.o(i.ADC_DMAError)
    ADC_DMAHalfConvCplt                      0x080004b7   Thumb Code    14  stm32l4xx_hal_adc.o(i.ADC_DMAHalfConvCplt)
    ADC_Enable                               0x080004c5   Thumb Code   188  stm32l4xx_hal_adc.o(i.ADC_Enable)
    BusFault_Handler                         0x0800058d   Thumb Code     4  stm32l4xx_it.o(i.BusFault_Handler)
    Cmd_Iface_Init                           0x08000591   Thumb Code    78  cmd_iface.o(i.Cmd_Iface_Init)
    Cmd_UART_Rx                              0x08000665   Thumb Code    60  cmd_iface.o(i.Cmd_UART_Rx)
    DMA1_Channel1_IRQHandler                 0x080006a5   Thumb Code    10  stm32l4xx_it.o(i.DMA1_Channel1_IRQHandler)
    DebugMon_Handler                         0x080006e1   Thumb Code     2  stm32l4xx_it.o(i.DebugMon_Handler)
    HAL_ADC_ConfigChannel                    0x080006e5   Thumb Code  1320  stm32l4xx_hal_adc.o(i.HAL_ADC_ConfigChannel)
    HAL_ADC_ConvCpltCallback                 0x08000c29   Thumb Code     2  stm32l4xx_hal_adc.o(i.HAL_ADC_ConvCpltCallback)
    HAL_ADC_ConvHalfCpltCallback             0x08000c2b   Thumb Code     2  stm32l4xx_hal_adc.o(i.HAL_ADC_ConvHalfCpltCallback)
    HAL_ADC_ErrorCallback                    0x08000c2d   Thumb Code     2  stm32l4xx_hal_adc.o(i.HAL_ADC_ErrorCallback)
    HAL_ADC_Init                             0x08000c31   Thumb Code   474  stm32l4xx_hal_adc.o(i.HAL_ADC_Init)
    HAL_ADC_MspInit                          0x08000e25   Thumb Code   128  adc.o(i.HAL_ADC_MspInit)
    HAL_ADC_Start_DMA                        0x08000ec9   Thumb Code   204  stm32l4xx_hal_adc.o(i.HAL_ADC_Start_DMA)
    HAL_DMA_Abort_IT                         0x08000fa1   Thumb Code    88  stm32l4xx_hal_dma.o(i.HAL_DMA_Abort_IT)
    HAL_DMA_IRQHandler                       0x08000ff9   Thumb Code   230  stm32l4xx_hal_dma.o(i.HAL_DMA_IRQHandler)
    HAL_DMA_Init                             0x080010e1   Thumb Code   252  stm32l4xx_hal_dma.o(i.HAL_DMA_Init)
    HAL_DMA_Start_IT                         0x080011e5   Thumb Code   156  stm32l4xx_hal_dma.o(i.HAL_DMA_Start_IT)
    HAL_GPIO_Init                            0x08001281   Thumb Code   432  stm32l4xx_hal_gpio.o(i.HAL_GPIO_Init)
    HAL_GPIO_ReadPin                         0x0800144d   Thumb Code    16  stm32l4xx_hal_gpio.o(i.HAL_GPIO_ReadPin)
    HAL_GPIO_WritePin                        0x0800145d   Thumb Code    10  stm32l4xx_hal_gpio.o(i.HAL_GPIO_WritePin)
    HAL_GetTick                              0x08001469   Thumb Code     6  stm32l4xx_hal.o(i.HAL_GetTick)
    HAL_IncTick                              0x08001475   Thumb Code    12  stm32l4xx_hal.o(i.HAL_IncTick)
    HAL_Init                                 0x08001485   Thumb Code    22  stm32l4xx_hal.o(i.HAL_Init)
    HAL_InitTick                             0x0800149d   Thumb Code    36  stm32l4xx_hal.o(i.HAL_InitTick)
    HAL_MspInit                              0x080014c5   Thumb Code   140  stm32l4xx_hal_msp.o(i.HAL_MspInit)
    HAL_NVIC_EnableIRQ                       0x08001555   Thumb Code    26  stm32l4xx_hal_cortex.o(i.HAL_NVIC_EnableIRQ)
    HAL_NVIC_SetPriority                     0x0800156f   Thumb Code   124  stm32l4xx_hal_cortex.o(i.HAL_NVIC_SetPriority)
    HAL_NVIC_SetPriorityGrouping             0x080015f1   Thumb Code    32  stm32l4xx_hal_cortex.o(i.HAL_NVIC_SetPriorityGrouping)
    HAL_PWREx_ControlVoltageScaling          0x08001619   Thumb Code   128  stm32l4xx_hal_pwr_ex.o(i.HAL_PWREx_ControlVoltageScaling)
    HAL_PWREx_GetVoltageRange                0x080016a5   Thumb Code    10  stm32l4xx_hal_pwr_ex.o(i.HAL_PWREx_GetVoltageRange)
    HAL_RCCEx_PeriphCLKConfig                0x080016b5   Thumb Code  1044  stm32l4xx_hal_rcc_ex.o(i.HAL_RCCEx_PeriphCLKConfig)
    HAL_RCC_ClockConfig                      0x08001ac9   Thumb Code   458  stm32l4xx_hal_rcc.o(i.HAL_RCC_ClockConfig)
    HAL_RCC_GetHCLKFreq                      0x08001ca5   Thumb Code     6  stm32l4xx_hal_rcc.o(i.HAL_RCC_GetHCLKFreq)
    HAL_RCC_GetPCLK1Freq                     0x08001cb1   Thumb Code    22  stm32l4xx_hal_rcc.o(i.HAL_RCC_GetPCLK1Freq)
    HAL_RCC_GetPCLK2Freq                     0x08001cd1   Thumb Code    22  stm32l4xx_hal_rcc.o(i.HAL_RCC_GetPCLK2Freq)
    HAL_RCC_GetSysClockFreq                  0x08001cf1   Thumb Code   252  stm32l4xx_hal_rcc.o(i.HAL_RCC_GetSysClockFreq)
    HAL_RCC_OscConfig                        0x08001dfd   Thumb Code  1672  stm32l4xx_hal_rcc.o(i.HAL_RCC_OscConfig)
    HAL_SYSTICK_CLKSourceConfig              0x08002491   Thumb Code    40  stm32l4xx_hal_cortex.o(i.HAL_SYSTICK_CLKSourceConfig)
    HAL_SYSTICK_Config                       0x080024b9   Thumb Code    52  stm32l4xx_hal_cortex.o(i.HAL_SYSTICK_Config)
    HAL_TIMEx_BreakCallback                  0x080024ed   Thumb Code     2  stm32l4xx_hal_tim_ex.o(i.HAL_TIMEx_BreakCallback)
    HAL_TIMEx_CommutationCallback            0x080024f1   Thumb Code    32  bldc_lib.o(i.HAL_TIMEx_CommutationCallback)
    HAL_TIMEx_ConfigBreakDeadTime            0x0800251d   Thumb Code   174  stm32l4xx_hal_tim_ex.o(i.HAL_TIMEx_ConfigBreakDeadTime)
    HAL_TIMEx_ConfigCommutationEvent_IT      0x080025d1   Thumb Code   122  stm32l4xx_hal_tim_ex.o(i.HAL_TIMEx_ConfigCommutationEvent_IT)
    HAL_TIMEx_HallSensor_Init                0x0800264d   Thumb Code   208  stm32l4xx_hal_tim_ex.o(i.HAL_TIMEx_HallSensor_Init)
    HAL_TIMEx_HallSensor_MspInit             0x08002721   Thumb Code     2  stm32l4xx_hal_tim_ex.o(i.HAL_TIMEx_HallSensor_MspInit)
    HAL_TIMEx_HallSensor_Start_IT            0x08002723   Thumb Code    42  stm32l4xx_hal_tim_ex.o(i.HAL_TIMEx_HallSensor_Start_IT)
    HAL_TIMEx_MasterConfigSynchronization    0x0800274d   Thumb Code    90  stm32l4xx_hal_tim_ex.o(i.HAL_TIMEx_MasterConfigSynchronization)
    HAL_TIMEx_OCN_Start                      0x080027ad   Thumb Code    44  stm32l4xx_hal_tim_ex.o(i.HAL_TIMEx_OCN_Start)
    HAL_TIMEx_OCN_Stop                       0x080027d9   Thumb Code    96  stm32l4xx_hal_tim_ex.o(i.HAL_TIMEx_OCN_Stop)
    HAL_TIM_Base_Init                        0x08002839   Thumb Code    52  stm32l4xx_hal_tim.o(i.HAL_TIM_Base_Init)
    HAL_TIM_Base_MspInit                     0x0800286d   Thumb Code   144  tim.o(i.HAL_TIM_Base_MspInit)
    HAL_TIM_ConfigClockSource                0x08002905   Thumb Code   308  stm32l4xx_hal_tim.o(i.HAL_TIM_ConfigClockSource)
    HAL_TIM_IC_CaptureCallback               0x08002a3d   Thumb Code    32  bldc_lib.o(i.HAL_TIM_IC_CaptureCallback)
    HAL_TIM_IRQHandler                       0x08002a61   Thumb Code   406  stm32l4xx_hal_tim.o(i.HAL_TIM_IRQHandler)
    HAL_TIM_MspPostInit                      0x08002bf9   Thumb Code    76  tim.o(i.HAL_TIM_MspPostInit)
    HAL_TIM_OC_ConfigChannel                 0x08002c4d   Thumb Code   148  stm32l4xx_hal_tim.o(i.HAL_TIM_OC_ConfigChannel)
    HAL_TIM_OC_DelayElapsedCallback          0x08002ce1   Thumb Code     2  stm32l4xx_hal_tim.o(i.HAL_TIM_OC_DelayElapsedCallback)
    HAL_TIM_OC_Start                         0x08002ce5   Thumb Code    76  stm32l4xx_hal_tim.o(i.HAL_TIM_OC_Start)
    HAL_TIM_PWM_ConfigChannel                0x08002d3d   Thumb Code   372  stm32l4xx_hal_tim.o(i.HAL_TIM_PWM_ConfigChannel)
    HAL_TIM_PWM_Init                         0x08002eb1   Thumb Code    52  stm32l4xx_hal_tim.o(i.HAL_TIM_PWM_Init)
    HAL_TIM_PWM_MspInit                      0x08002ee5   Thumb Code     2  stm32l4xx_hal_tim.o(i.HAL_TIM_PWM_MspInit)
    HAL_TIM_PWM_PulseFinishedCallback        0x08002ee7   Thumb Code     2  stm32l4xx_hal_tim.o(i.HAL_TIM_PWM_PulseFinishedCallback)
    HAL_TIM_PeriodElapsedCallback            0x08002ee9   Thumb Code     2  stm32l4xx_hal_tim.o(i.HAL_TIM_PeriodElapsedCallback)
    HAL_TIM_SlaveConfigSynchronization       0x08002eeb   Thumb Code    86  stm32l4xx_hal_tim.o(i.HAL_TIM_SlaveConfigSynchronization)
    HAL_TIM_TriggerCallback                  0x08002f41   Thumb Code     2  stm32l4xx_hal_tim.o(i.HAL_TIM_TriggerCallback)
    HAL_UARTEx_WakeupCallback                0x08002f43   Thumb Code     2  stm32l4xx_hal_uart_ex.o(i.HAL_UARTEx_WakeupCallback)
    HAL_UART_ErrorCallback                   0x08002f45   Thumb Code     2  stm32l4xx_hal_uart.o(i.HAL_UART_ErrorCallback)
    HAL_UART_IRQHandler                      0x08002f49   Thumb Code   402  stm32l4xx_hal_uart.o(i.HAL_UART_IRQHandler)
    HAL_UART_Init                            0x080030e1   Thumb Code   120  stm32l4xx_hal_uart.o(i.HAL_UART_Init)
    HAL_UART_MspInit                         0x08003159   Thumb Code    90  usart.o(i.HAL_UART_MspInit)
    HAL_UART_Transmit                        0x080031c1   Thumb Code   200  stm32l4xx_hal_uart.o(i.HAL_UART_Transmit)
    HAL_UART_TxCpltCallback                  0x08003289   Thumb Code     2  stm32l4xx_hal_uart.o(i.HAL_UART_TxCpltCallback)
    HardFault_Handler                        0x0800328b   Thumb Code     4  stm32l4xx_it.o(i.HardFault_Handler)
    MC_SixStep_ChargeCap                     0x08003361   Thumb Code    56  bldc_lib.o(i.MC_SixStep_ChargeCap)
    MC_SixStep_ClearDriverFault              0x0800339d   Thumb Code    44  bldc_lib.o(i.MC_SixStep_ClearDriverFault)
    MC_SixStep_ClearErrors                   0x080033cd   Thumb Code     8  bldc_lib.o(i.MC_SixStep_ClearErrors)
    MC_SixStep_DetectSpeedZero               0x080033d9   Thumb Code    42  bldc_lib.o(i.MC_SixStep_DetectSpeedZero)
    MC_SixStep_GetCurrent                    0x08003411   Thumb Code    32  bldc_lib.o(i.MC_SixStep_GetCurrent)
    MC_SixStep_GetCurrentPosition            0x08003435   Thumb Code   102  bldc_lib.o(i.MC_SixStep_GetCurrentPosition)
    MC_SixStep_GetElSpeedHz                  0x080034a9   Thumb Code    40  bldc_lib.o(i.MC_SixStep_GetElSpeedHz)
    MC_SixStep_GetErrorCode                  0x080034d9   Thumb Code     6  bldc_lib.o(i.MC_SixStep_GetErrorCode)
    MC_SixStep_GetMechSpeedRPM               0x080034e5   Thumb Code    28  bldc_lib.o(i.MC_SixStep_GetMechSpeedRPM)
    MC_SixStep_GetParameters                 0x08003505   Thumb Code    16  bldc_lib.o(i.MC_SixStep_GetParameters)
    MC_SixStep_GetStatus                     0x08003515   Thumb Code     6  bldc_lib.o(i.MC_SixStep_GetStatus)
    MC_SixStep_GetVoltage                    0x08003521   Thumb Code    32  bldc_lib.o(i.MC_SixStep_GetVoltage)
    MC_SixStep_HallFdbkVerify                0x08003545   Thumb Code   168  bldc_lib.o(i.MC_SixStep_HallFdbkVerify)
    MC_SixStep_Handler                       0x080035f5   Thumb Code   250  bldc_lib.o(i.MC_SixStep_Handler)
    MC_SixStep_Init                          0x080036f9   Thumb Code    26  bldc_lib.o(i.MC_SixStep_Init)
    MC_SixStep_NextStep                      0x0800371d   Thumb Code    24  bldc_lib.o(i.MC_SixStep_NextStep)
    MC_SixStep_Ramp                          0x08003739   Thumb Code    28  bldc_lib.o(i.MC_SixStep_Ramp)
    MC_SixStep_Reset                         0x08003759   Thumb Code    70  bldc_lib.o(i.MC_SixStep_Reset)
    MC_SixStep_SetDelay                      0x080037a9   Thumb Code    18  bldc_lib.o(i.MC_SixStep_SetDelay)
    MC_SixStep_SetErrorFlag                  0x080037c5   Thumb Code    12  bldc_lib.o(i.MC_SixStep_SetErrorFlag)
    MC_SixStep_SetPhaseParam                 0x080037d5   Thumb Code    74  bldc_lib.o(i.MC_SixStep_SetPhaseParam)
    MC_SixStep_Set_PI_Param                  0x08003829   Thumb Code    30  bldc_pid.o(i.MC_SixStep_Set_PI_Param)
    MC_SixStep_ShutDown                      0x08003849   Thumb Code    14  bldc_lib.o(i.MC_SixStep_ShutDown)
    MC_SixStep_StartMotor                    0x0800385d   Thumb Code    32  bldc_lib.o(i.MC_SixStep_StartMotor)
    MC_SixStep_StopMotor                     0x08003881   Thumb Code     8  bldc_lib.o(i.MC_SixStep_StopMotor)
    MC_SixStep_Table                         0x0800388d   Thumb Code   216  bldc_lib.o(i.MC_SixStep_Table)
    MC_SixStep_TimeoutDelay                  0x08003965   Thumb Code    46  bldc_lib.o(i.MC_SixStep_TimeoutDelay)
    MX_ADC1_Init                             0x0800399d   Thumb Code   180  adc.o(i.MX_ADC1_Init)
    MX_DMA_Init                              0x08003a75   Thumb Code    48  dma.o(i.MX_DMA_Init)
    MX_FREERTOS_Init                         0x08003aa9   Thumb Code    54  freertos.o(i.MX_FREERTOS_Init)
    MX_GPIO_Init                             0x08003aed   Thumb Code   184  gpio.o(i.MX_GPIO_Init)
    MX_TIM1_Init                             0x08003bad   Thumb Code   296  tim.o(i.MX_TIM1_Init)
    MX_TIM2_Init                             0x08003ced   Thumb Code   132  tim.o(i.MX_TIM2_Init)
    MX_USART1_UART_Init                      0x08003d85   Thumb Code    60  usart.o(i.MX_USART1_UART_Init)
    MemManage_Handler                        0x08003dd9   Thumb Code     4  stm32l4xx_it.o(i.MemManage_Handler)
    NMI_Handler                              0x08003ddd   Thumb Code     2  stm32l4xx_it.o(i.NMI_Handler)
    StartDefaultTask                         0x08004045   Thumb Code    22  freertos.o(i.StartDefaultTask)
    Start_MC_Task                            0x0800405b   Thumb Code    18  freertos.o(i.Start_MC_Task)
    SysTick_Handler                          0x0800406d   Thumb Code    12  stm32l4xx_it.o(i.SysTick_Handler)
    SystemClock_Config                       0x08004079   Thumb Code   202  main.o(i.SystemClock_Config)
    SystemInit                               0x08004155   Thumb Code    68  system_stm32l4xx.o(i.SystemInit)
    TIM1_TRG_COM_IRQHandler                  0x080041a5   Thumb Code    10  stm32l4xx_it.o(i.TIM1_TRG_COM_IRQHandler)
    TIM2_IRQHandler                          0x080041b5   Thumb Code    10  stm32l4xx_it.o(i.TIM2_IRQHandler)
    TIM_Base_SetConfig                       0x080041c5   Thumb Code   114  stm32l4xx_hal_tim.o(i.TIM_Base_SetConfig)
    TIM_CCxChannelCmd                        0x08004249   Thumb Code    28  stm32l4xx_hal_tim.o(i.TIM_CCxChannelCmd)
    TIM_ETR_SetConfig                        0x08004281   Thumb Code    24  stm32l4xx_hal_tim.o(i.TIM_ETR_SetConfig)
    TIM_OC2_SetConfig                        0x08004339   Thumb Code   134  stm32l4xx_hal_tim.o(i.TIM_OC2_SetConfig)
    TIM_TI1_SetConfig                        0x08004665   Thumb Code    94  stm32l4xx_hal_tim.o(i.TIM_TI1_SetConfig)
    UART_AdvFeatureConfig                    0x080046fd   Thumb Code   248  stm32l4xx_hal_uart.o(i.UART_AdvFeatureConfig)
    UART_CheckIdleState                      0x080047f5   Thumb Code   116  stm32l4xx_hal_uart.o(i.UART_CheckIdleState)
    UART_SetConfig                           0x080048c9   Thumb Code  1096  stm32l4xx_hal_uart.o(i.UART_SetConfig)
    UART_WaitOnFlagUntilTimeout              0x08004d17   Thumb Code   108  stm32l4xx_hal_uart.o(i.UART_WaitOnFlagUntilTimeout)
    USART1_IRQHandler                        0x08004d85   Thumb Code    16  stm32l4xx_it.o(i.USART1_IRQHandler)
    UsageFault_Handler                       0x08004d99   Thumb Code     4  stm32l4xx_it.o(i.UsageFault_Handler)
    _Error_Handler                           0x08004d9d   Thumb Code     4  main.o(i._Error_Handler)
    __0snprintf$5                            0x08004da1   Thumb Code    44  printf5.o(i.__0snprintf$5)
    __1snprintf$5                            0x08004da1   Thumb Code     0  printf5.o(i.__0snprintf$5)
    __2snprintf                              0x08004da1   Thumb Code     0  printf5.o(i.__0snprintf$5)
    __0sprintf$5                             0x08004dd1   Thumb Code    34  printf5.o(i.__0sprintf$5)
    __1sprintf$5                             0x08004dd1   Thumb Code     0  printf5.o(i.__0sprintf$5)
    __2sprintf                               0x08004dd1   Thumb Code     0  printf5.o(i.__0sprintf$5)
    __scatterload_copy                       0x08004df9   Thumb Code    14  handlers.o(i.__scatterload_copy)
    __scatterload_null                       0x08004e07   Thumb Code     2  handlers.o(i.__scatterload_null)
    __scatterload_zeroinit                   0x08004e09   Thumb Code    14  handlers.o(i.__scatterload_zeroinit)
    adcIntGetFilteredValue                   0x08005101   Thumb Code    76  adc_int.o(i.adcIntGetFilteredValue)
    adcIntGetVoltage                         0x08005155   Thumb Code    70  adc_int.o(i.adcIntGetVoltage)
    adcIntInit                               0x0800519d   Thumb Code    18  adc_int.o(i.adcIntInit)
    execute                                  0x08005269   Thumb Code   364  cmd_iface.o(i.execute)
    main                                     0x08005519   Thumb Code    48  main.o(i.main)
    microrl_init                             0x080055a5   Thumb Code    34  microrl.o(i.microrl_init)
    microrl_insert_char                      0x080055c9   Thumb Code   304  microrl.o(i.microrl_insert_char)
    microrl_set_execute_callback             0x08005777   Thumb Code     4  microrl.o(i.microrl_set_execute_callback)
    new_line_handler                         0x0800577d   Thumb Code    98  microrl.o(i.new_line_handler)
    osDelay                                  0x080057fd   Thumb Code    24  cmsis_os.o(i.osDelay)
    osKernelStart                            0x08005815   Thumb Code    10  cmsis_os.o(i.osKernelStart)
    osSystickHandler                         0x0800581f   Thumb Code    16  cmsis_os.o(i.osSystickHandler)
    osThreadCreate                           0x0800582f   Thumb Code    48  cmsis_os.o(i.osThreadCreate)
    print                                    0x08005861   Thumb Code    26  cmd_iface.o(i.print)
    print_help                               0x08005881   Thumb Code    10  cmd_iface.o(i.print_help)
    pvPortMalloc                             0x08005e55   Thumb Code   296  heap_4.o(i.pvPortMalloc)
    pxPortInitialiseStack                    0x08005f91   Thumb Code    38  port.o(i.pxPortInitialiseStack)
    uxListRemove                             0x080060e5   Thumb Code    40  list.o(i.uxListRemove)
    vListInitialise                          0x0800610d   Thumb Code    26  list.o(i.vListInitialise)
    vListInitialiseItem                      0x08006127   Thumb Code     6  list.o(i.vListInitialiseItem)
    vListInsert                              0x0800612d   Thumb Code    52  list.o(i.vListInsert)
    vListInsertEnd                           0x08006161   Thumb Code    24  list.o(i.vListInsertEnd)
    vPortEnterCritical                       0x08006179   Thumb Code    76  port.o(i.vPortEnterCritical)
    vPortExitCritical                        0x080061cd   Thumb Code    56  port.o(i.vPortExitCritical)
    vPortFree                                0x08006209   Thumb Code   140  heap_4.o(i.vPortFree)
    vPortSetupTimerInterrupt                 0x0800629d   Thumb Code    26  port.o(i.vPortSetupTimerInterrupt)
    vTaskDelay                               0x080062bd   Thumb Code    82  tasks.o(i.vTaskDelay)
    vTaskMissedYield                         0x08006319   Thumb Code     8  tasks.o(i.vTaskMissedYield)
    vTaskPlaceOnEventList                    0x08006325   Thumb Code    52  tasks.o(i.vTaskPlaceOnEventList)
    vTaskSetTimeOutState                     0x0800635d   Thumb Code    38  tasks.o(i.vTaskSetTimeOutState)
    vTaskStartScheduler                      0x0800638d   Thumb Code   108  tasks.o(i.vTaskStartScheduler)
    vTaskSuspendAll                          0x08006415   Thumb Code    12  tasks.o(i.vTaskSuspendAll)
    vTaskSwitchContext                       0x08006425   Thumb Code   118  tasks.o(i.vTaskSwitchContext)
    xPortStartScheduler                      0x080064b1   Thumb Code   288  port.o(i.xPortStartScheduler)
    xPortSysTickHandler                      0x080065ed   Thumb Code    46  port.o(i.xPortSysTickHandler)
    xQueueGenericCreate                      0x08006621   Thumb Code    88  queue.o(i.xQueueGenericCreate)
    xQueueGenericReset                       0x08006679   Thumb Code   146  queue.o(i.xQueueGenericReset)
    xQueueGenericSend                        0x08006711   Thumb Code   420  queue.o(i.xQueueGenericSend)
    xTaskCheckForTimeOut                     0x080068b9   Thumb Code   132  tasks.o(i.xTaskCheckForTimeOut)
    xTaskCreate                              0x08006945   Thumb Code    96  tasks.o(i.xTaskCreate)
    xTaskGetSchedulerState                   0x080069ad   Thumb Code    24  tasks.o(i.xTaskGetSchedulerState)
    xTaskIncrementTick                       0x080069cd   Thumb Code   282  tasks.o(i.xTaskIncrementTick)
    xTaskPriorityDisinherit                  0x08006b15   Thumb Code   188  tasks.o(i.xTaskPriorityDisinherit)
    xTaskRemoveFromEventList                 0x08006bdd   Thumb Code   128  tasks.o(i.xTaskRemoveFromEventList)
    xTaskResumeAll                           0x08006c75   Thumb Code   224  tasks.o(i.xTaskResumeAll)
    AHBPrescTable                            0x08006d78   Data          16  system_stm32l4xx.o(.constdata)
    APBPrescTable                            0x08006d88   Data           8  system_stm32l4xx.o(.constdata)
    MSIRangeTable                            0x08006d90   Data          48  system_stm32l4xx.o(.constdata)
    hallPosTable_FWD                         0x08006de8   Data           8  bldc_lib.o(.constdata)
    hallPosTable_BWD                         0x08006df0   Data           8  bldc_lib.o(.constdata)
    Region$$Table$$Base                      0x08006e0c   Number         0  anon$$obj.o(Region$$Table)
    Region$$Table$$Limit                     0x08006e2c   Number         0  anon$$obj.o(Region$$Table)
    uwTick                                   0x20000000   Data           4  stm32l4xx_hal.o(.data)
    pxCurrentTCB                             0x2000001c   Data           4  tasks.o(.data)
    SystemCoreClock                          0x20000064   Data           4  system_stm32l4xx.o(.data)
    defaultTaskHandle                        0x20000068   Data           4  freertos.o(.data)
    MC_TaskHandle                            0x2000006c   Data           4  freertos.o(.data)
    prl                                      0x20000070   Data           4  cmd_iface.o(.data)
    xUARTSemaphore                           0x20000074   Data           4  cmd_iface.o(.data)
    hadc1                                    0x20001178   Data         108  adc.o(.bss)
    hdma_adc1                                0x200011e4   Data          72  adc.o(.bss)
    huart1                                   0x2000122c   Data         120  usart.o(.bss)
    htim1                                    0x200012a4   Data          64  tim.o(.bss)
    htim2                                    0x200012e4   Data          64  tim.o(.bss)
    ADC_value                                0x20001324   Data         384  adc_int.o(.bss)
    rl                                       0x200014a4   Data         132  cmd_iface.o(.bss)
    uart1_rx_fifo                            0x20001528   Data         264  cmd_iface.o(.bss)
    SIXSTEP_parameters                       0x20001650   Data          32  bldc_lib.o(.bss)
    __initial_sp                             0x20005670   Data           0  startup_stm32l452xx.o(STACK)



==============================================================================

Memory Map of the image

  Image Entry point : 0x08000195

  Load Region LR_IROM1 (Base: 0x08000000, Size: 0x00006eb4, Max: 0x00080000, ABSOLUTE)

    Execution Region ER_IROM1 (Exec base: 0x08000000, Load base: 0x08000000, Size: 0x00006e2c, Max: 0x00080000, ABSOLUTE)

    Exec Addr    Load Addr    Size         Type   Attr      Idx    E Section Name        Object

    0x08000000   0x08000000   0x00000194   Data   RO         4900    RESET               startup_stm32l452xx.o
    0x08000194   0x08000194   0x00000000   Code   RO         5816  * .ARM.Collect$$$$00000000  mc_w.l(entry.o)
    0x08000194   0x08000194   0x00000004   Code   RO         6096    .ARM.Collect$$$$00000001  mc_w.l(entry2.o)
    0x08000198   0x08000198   0x00000004   Code   RO         6099    .ARM.Collect$$$$00000004  mc_w.l(entry5.o)
    0x0800019c   0x0800019c   0x00000000   Code   RO         6101    .ARM.Collect$$$$00000008  mc_w.l(entry7b.o)
    0x0800019c   0x0800019c   0x00000000   Code   RO         6103    .ARM.Collect$$$$0000000A  mc_w.l(entry8b.o)
    0x0800019c   0x0800019c   0x00000008   Code   RO         6104    .ARM.Collect$$$$0000000B  mc_w.l(entry9a.o)
    0x080001a4   0x080001a4   0x00000000   Code   RO         6106    .ARM.Collect$$$$0000000D  mc_w.l(entry10a.o)
    0x080001a4   0x080001a4   0x00000000   Code   RO         6108    .ARM.Collect$$$$0000000F  mc_w.l(entry11a.o)
    0x080001a4   0x080001a4   0x00000004   Code   RO         6097    .ARM.Collect$$$$00002712  mc_w.l(entry2.o)
    0x080001a8   0x080001a8   0x000000da   Code   RO         4389    .emb_text           port.o
    0x08000282   0x08000282   0x00000002   PAD
    0x08000284   0x08000284   0x00000024   Code   RO         4901    .text               startup_stm32l452xx.o
    0x080002a8   0x080002a8   0x00000068   Code   RO         5819    .text               mc_w.l(uldiv.o)
    0x08000310   0x08000310   0x00000040   Code   RO         5823    .text               mc_w.l(memmovea.o)
    0x08000350   0x08000350   0x00000024   Code   RO         5825    .text               mc_w.l(memseta.o)
    0x08000374   0x08000374   0x0000000e   Code   RO         5827    .text               mc_w.l(strlen.o)
    0x08000382   0x08000382   0x0000001c   Code   RO         5829    .text               mc_w.l(strcmp.o)
    0x0800039e   0x0800039e   0x0000001e   Code   RO         6115    .text               mc_w.l(llshl.o)
    0x080003bc   0x080003bc   0x00000020   Code   RO         6117    .text               mc_w.l(llushr.o)
    0x080003dc   0x080003dc   0x00000024   Code   RO         6130    .text               mc_w.l(init.o)
    0x08000400   0x08000400   0x00000098   Code   RO         2867    i.ADC_DMAConvCplt   stm32l4xx_hal_adc.o
    0x08000498   0x08000498   0x0000001e   Code   RO         2868    i.ADC_DMAError      stm32l4xx_hal_adc.o
    0x080004b6   0x080004b6   0x0000000e   Code   RO         2869    i.ADC_DMAHalfConvCplt  stm32l4xx_hal_adc.o
    0x080004c4   0x080004c4   0x000000c8   Code   RO         2871    i.ADC_Enable        stm32l4xx_hal_adc.o
    0x0800058c   0x0800058c   0x00000004   Code   RO         4908    i.BusFault_Handler  stm32l4xx_it.o
    0x08000590   0x08000590   0x00000078   Code   RO         5401    i.Cmd_Iface_Init    cmd_iface.o
    0x08000608   0x08000608   0x0000005c   Code   RO         5402    i.Cmd_Iface_Task    cmd_iface.o
    0x08000664   0x08000664   0x00000040   Code   RO         5403    i.Cmd_UART_Rx       cmd_iface.o
    0x080006a4   0x080006a4   0x00000010   Code   RO         4909    i.DMA1_Channel1_IRQHandler  stm32l4xx_it.o
    0x080006b4   0x080006b4   0x0000002c   Code   RO         2771    i.DMA_SetConfig     stm32l4xx_hal_dma.o
    0x080006e0   0x080006e0   0x00000002   Code   RO         4910    i.DebugMon_Handler  stm32l4xx_it.o
    0x080006e2   0x080006e2   0x00000002   PAD
    0x080006e4   0x080006e4   0x00000544   Code   RO         2873    i.HAL_ADC_ConfigChannel  stm32l4xx_hal_adc.o
    0x08000c28   0x08000c28   0x00000002   Code   RO         2874    i.HAL_ADC_ConvCpltCallback  stm32l4xx_hal_adc.o
    0x08000c2a   0x08000c2a   0x00000002   Code   RO         2875    i.HAL_ADC_ConvHalfCpltCallback  stm32l4xx_hal_adc.o
    0x08000c2c   0x08000c2c   0x00000002   Code   RO         2877    i.HAL_ADC_ErrorCallback  stm32l4xx_hal_adc.o
    0x08000c2e   0x08000c2e   0x00000002   PAD
    0x08000c30   0x08000c30   0x000001f4   Code   RO         2882    i.HAL_ADC_Init      stm32l4xx_hal_adc.o
    0x08000e24   0x08000e24   0x000000a4   Code   RO         5164    i.HAL_ADC_MspInit   adc.o
    0x08000ec8   0x08000ec8   0x000000d8   Code   RO         2889    i.HAL_ADC_Start_DMA  stm32l4xx_hal_adc.o
    0x08000fa0   0x08000fa0   0x00000058   Code   RO         2773    i.HAL_DMA_Abort_IT  stm32l4xx_hal_dma.o
    0x08000ff8   0x08000ff8   0x000000e6   Code   RO         2777    i.HAL_DMA_IRQHandler  stm32l4xx_hal_dma.o
    0x080010de   0x080010de   0x00000002   PAD
    0x080010e0   0x080010e0   0x00000104   Code   RO         2778    i.HAL_DMA_Init      stm32l4xx_hal_dma.o
    0x080011e4   0x080011e4   0x0000009c   Code   RO         2782    i.HAL_DMA_Start_IT  stm32l4xx_hal_dma.o
    0x08001280   0x08001280   0x000001cc   Code   RO         2154    i.HAL_GPIO_Init     stm32l4xx_hal_gpio.o
    0x0800144c   0x0800144c   0x00000010   Code   RO         2156    i.HAL_GPIO_ReadPin  stm32l4xx_hal_gpio.o
    0x0800145c   0x0800145c   0x0000000a   Code   RO         2158    i.HAL_GPIO_WritePin  stm32l4xx_hal_gpio.o
    0x08001466   0x08001466   0x00000002   PAD
    0x08001468   0x08001468   0x0000000c   Code   RO         1776    i.HAL_GetTick       stm32l4xx_hal.o
    0x08001474   0x08001474   0x00000010   Code   RO         1780    i.HAL_IncTick       stm32l4xx_hal.o
    0x08001484   0x08001484   0x00000016   Code   RO         1781    i.HAL_Init          stm32l4xx_hal.o
    0x0800149a   0x0800149a   0x00000002   PAD
    0x0800149c   0x0800149c   0x00000028   Code   RO         1782    i.HAL_InitTick      stm32l4xx_hal.o
    0x080014c4   0x080014c4   0x00000090   Code   RO         5068    i.HAL_MspInit       stm32l4xx_hal_msp.o
    0x08001554   0x08001554   0x0000001a   Code   RO         1609    i.HAL_NVIC_EnableIRQ  stm32l4xx_hal_cortex.o
    0x0800156e   0x0800156e   0x00000082   Code   RO         1615    i.HAL_NVIC_SetPriority  stm32l4xx_hal_cortex.o
    0x080015f0   0x080015f0   0x00000028   Code   RO         1616    i.HAL_NVIC_SetPriorityGrouping  stm32l4xx_hal_cortex.o
    0x08001618   0x08001618   0x0000008c   Code   RO         1391    i.HAL_PWREx_ControlVoltageScaling  stm32l4xx_hal_pwr_ex.o
    0x080016a4   0x080016a4   0x00000010   Code   RO         1418    i.HAL_PWREx_GetVoltageRange  stm32l4xx_hal_pwr_ex.o
    0x080016b4   0x080016b4   0x00000414   Code   RO         2000    i.HAL_RCCEx_PeriphCLKConfig  stm32l4xx_hal_rcc_ex.o
    0x08001ac8   0x08001ac8   0x000001dc   Code   RO         1290    i.HAL_RCC_ClockConfig  stm32l4xx_hal_rcc.o
    0x08001ca4   0x08001ca4   0x0000000c   Code   RO         1294    i.HAL_RCC_GetHCLKFreq  stm32l4xx_hal_rcc.o
    0x08001cb0   0x08001cb0   0x00000020   Code   RO         1296    i.HAL_RCC_GetPCLK1Freq  stm32l4xx_hal_rcc.o
    0x08001cd0   0x08001cd0   0x00000020   Code   RO         1297    i.HAL_RCC_GetPCLK2Freq  stm32l4xx_hal_rcc.o
    0x08001cf0   0x08001cf0   0x0000010c   Code   RO         1298    i.HAL_RCC_GetSysClockFreq  stm32l4xx_hal_rcc.o
    0x08001dfc   0x08001dfc   0x00000694   Code   RO         1301    i.HAL_RCC_OscConfig  stm32l4xx_hal_rcc.o
    0x08002490   0x08002490   0x00000028   Code   RO         1618    i.HAL_SYSTICK_CLKSourceConfig  stm32l4xx_hal_cortex.o
    0x080024b8   0x080024b8   0x00000034   Code   RO         1620    i.HAL_SYSTICK_Config  stm32l4xx_hal_cortex.o
    0x080024ec   0x080024ec   0x00000002   Code   RO         1038    i.HAL_TIMEx_BreakCallback  stm32l4xx_hal_tim_ex.o
    0x080024ee   0x080024ee   0x00000002   PAD
    0x080024f0   0x080024f0   0x0000002c   Code   RO         5489    i.HAL_TIMEx_CommutationCallback  bldc_lib.o
    0x0800251c   0x0800251c   0x000000b4   Code   RO         1040    i.HAL_TIMEx_ConfigBreakDeadTime  stm32l4xx_hal_tim_ex.o
    0x080025d0   0x080025d0   0x0000007a   Code   RO         1044    i.HAL_TIMEx_ConfigCommutationEvent_IT  stm32l4xx_hal_tim_ex.o
    0x0800264a   0x0800264a   0x00000002   PAD
    0x0800264c   0x0800264c   0x000000d4   Code   RO         1048    i.HAL_TIMEx_HallSensor_Init  stm32l4xx_hal_tim_ex.o
    0x08002720   0x08002720   0x00000002   Code   RO         1050    i.HAL_TIMEx_HallSensor_MspInit  stm32l4xx_hal_tim_ex.o
    0x08002722   0x08002722   0x0000002a   Code   RO         1053    i.HAL_TIMEx_HallSensor_Start_IT  stm32l4xx_hal_tim_ex.o
    0x0800274c   0x0800274c   0x00000060   Code   RO         1057    i.HAL_TIMEx_MasterConfigSynchronization  stm32l4xx_hal_tim_ex.o
    0x080027ac   0x080027ac   0x0000002c   Code   RO         1058    i.HAL_TIMEx_OCN_Start  stm32l4xx_hal_tim_ex.o
    0x080027d8   0x080027d8   0x00000060   Code   RO         1061    i.HAL_TIMEx_OCN_Stop  stm32l4xx_hal_tim_ex.o
    0x08002838   0x08002838   0x00000034   Code   RO          220    i.HAL_TIM_Base_Init  stm32l4xx_hal_tim.o
    0x0800286c   0x0800286c   0x00000098   Code   RO         5272    i.HAL_TIM_Base_MspInit  tim.o
    0x08002904   0x08002904   0x00000138   Code   RO          229    i.HAL_TIM_ConfigClockSource  stm32l4xx_hal_tim.o
    0x08002a3c   0x08002a3c   0x00000024   Code   RO         5490    i.HAL_TIM_IC_CaptureCallback  bldc_lib.o
    0x08002a60   0x08002a60   0x00000196   Code   RO          262    i.HAL_TIM_IRQHandler  stm32l4xx_hal_tim.o
    0x08002bf6   0x08002bf6   0x00000002   PAD
    0x08002bf8   0x08002bf8   0x00000054   Code   RO         5273    i.HAL_TIM_MspPostInit  tim.o
    0x08002c4c   0x08002c4c   0x00000094   Code   RO          263    i.HAL_TIM_OC_ConfigChannel  stm32l4xx_hal_tim.o
    0x08002ce0   0x08002ce0   0x00000002   Code   RO          265    i.HAL_TIM_OC_DelayElapsedCallback  stm32l4xx_hal_tim.o
    0x08002ce2   0x08002ce2   0x00000002   PAD
    0x08002ce4   0x08002ce4   0x00000058   Code   RO          270    i.HAL_TIM_OC_Start  stm32l4xx_hal_tim.o
    0x08002d3c   0x08002d3c   0x00000174   Code   RO          286    i.HAL_TIM_PWM_ConfigChannel  stm32l4xx_hal_tim.o
    0x08002eb0   0x08002eb0   0x00000034   Code   RO          289    i.HAL_TIM_PWM_Init  stm32l4xx_hal_tim.o
    0x08002ee4   0x08002ee4   0x00000002   Code   RO          291    i.HAL_TIM_PWM_MspInit  stm32l4xx_hal_tim.o
    0x08002ee6   0x08002ee6   0x00000002   Code   RO          292    i.HAL_TIM_PWM_PulseFinishedCallback  stm32l4xx_hal_tim.o
    0x08002ee8   0x08002ee8   0x00000002   Code   RO          299    i.HAL_TIM_PeriodElapsedCallback  stm32l4xx_hal_tim.o
    0x08002eea   0x08002eea   0x00000056   Code   RO          301    i.HAL_TIM_SlaveConfigSynchronization  stm32l4xx_hal_tim.o
    0x08002f40   0x08002f40   0x00000002   Code   RO          303    i.HAL_TIM_TriggerCallback  stm32l4xx_hal_tim.o
    0x08002f42   0x08002f42   0x00000002   Code   RO         3120    i.HAL_UARTEx_WakeupCallback  stm32l4xx_hal_uart_ex.o
    0x08002f44   0x08002f44   0x00000002   Code   RO         3389    i.HAL_UART_ErrorCallback  stm32l4xx_hal_uart.o
    0x08002f46   0x08002f46   0x00000002   PAD
    0x08002f48   0x08002f48   0x00000198   Code   RO         3392    i.HAL_UART_IRQHandler  stm32l4xx_hal_uart.o
    0x080030e0   0x080030e0   0x00000078   Code   RO         3393    i.HAL_UART_Init     stm32l4xx_hal_uart.o
    0x08003158   0x08003158   0x00000068   Code   RO         5206    i.HAL_UART_MspInit  usart.o
    0x080031c0   0x080031c0   0x000000c8   Code   RO         3401    i.HAL_UART_Transmit  stm32l4xx_hal_uart.o
    0x08003288   0x08003288   0x00000002   Code   RO         3404    i.HAL_UART_TxCpltCallback  stm32l4xx_hal_uart.o
    0x0800328a   0x0800328a   0x00000004   Code   RO         4911    i.HardFault_Handler  stm32l4xx_it.o
    0x0800328e   0x0800328e   0x00000002   PAD
    0x08003290   0x08003290   0x00000010   Code   RO         2895    i.LL_ADC_Enable     stm32l4xx_hal_adc.o
    0x080032a0   0x080032a0   0x0000000a   Code   RO         2896    i.LL_ADC_GetCommonPathInternalCh  stm32l4xx_hal_adc.o
    0x080032aa   0x080032aa   0x00000012   Code   RO         2897    i.LL_ADC_GetOffsetChannel  stm32l4xx_hal_adc.o
    0x080032bc   0x080032bc   0x0000000a   Code   RO         2898    i.LL_ADC_IsInternalRegulatorEnabled  stm32l4xx_hal_adc.o
    0x080032c6   0x080032c6   0x0000000a   Code   RO         2899    i.LL_ADC_REG_IsConversionOngoing  stm32l4xx_hal_adc.o
    0x080032d0   0x080032d0   0x00000010   Code   RO         2900    i.LL_ADC_REG_StartConversion  stm32l4xx_hal_adc.o
    0x080032e0   0x080032e0   0x00000052   Code   RO         2902    i.LL_ADC_SetChannelSamplingTime  stm32l4xx_hal_adc.o
    0x08003332   0x08003332   0x0000000c   Code   RO         2903    i.LL_ADC_SetCommonPathInternalCh  stm32l4xx_hal_adc.o
    0x0800333e   0x0800333e   0x00000016   Code   RO         2904    i.LL_ADC_SetOffsetState  stm32l4xx_hal_adc.o
    0x08003354   0x08003354   0x0000000c   Code   RO         2905    i.LL_ADC_SetSamplingTimeCommonConfig  stm32l4xx_hal_adc.o
    0x08003360   0x08003360   0x0000003c   Code   RO         5491    i.MC_SixStep_ChargeCap  bldc_lib.o
    0x0800339c   0x0800339c   0x00000030   Code   RO         5492    i.MC_SixStep_ClearDriverFault  bldc_lib.o
    0x080033cc   0x080033cc   0x0000000c   Code   RO         5493    i.MC_SixStep_ClearErrors  bldc_lib.o
    0x080033d8   0x080033d8   0x00000038   Code   RO         5494    i.MC_SixStep_DetectSpeedZero  bldc_lib.o
    0x08003410   0x08003410   0x00000024   Code   RO         5495    i.MC_SixStep_GetCurrent  bldc_lib.o
    0x08003434   0x08003434   0x00000074   Code   RO         5496    i.MC_SixStep_GetCurrentPosition  bldc_lib.o
    0x080034a8   0x080034a8   0x00000030   Code   RO         5498    i.MC_SixStep_GetElSpeedHz  bldc_lib.o
    0x080034d8   0x080034d8   0x0000000c   Code   RO         5499    i.MC_SixStep_GetErrorCode  bldc_lib.o
    0x080034e4   0x080034e4   0x00000020   Code   RO         5500    i.MC_SixStep_GetMechSpeedRPM  bldc_lib.o
    0x08003504   0x08003504   0x00000010   Code   RO         5501    i.MC_SixStep_GetParameters  bldc_lib.o
    0x08003514   0x08003514   0x0000000c   Code   RO         5502    i.MC_SixStep_GetStatus  bldc_lib.o
    0x08003520   0x08003520   0x00000024   Code   RO         5503    i.MC_SixStep_GetVoltage  bldc_lib.o
    0x08003544   0x08003544   0x000000b0   Code   RO         5504    i.MC_SixStep_HallFdbkVerify  bldc_lib.o
    0x080035f4   0x080035f4   0x00000104   Code   RO         5505    i.MC_SixStep_Handler  bldc_lib.o
    0x080036f8   0x080036f8   0x00000024   Code   RO         5506    i.MC_SixStep_Init   bldc_lib.o
    0x0800371c   0x0800371c   0x0000001c   Code   RO         5507    i.MC_SixStep_NextStep  bldc_lib.o
    0x08003738   0x08003738   0x00000020   Code   RO         5508    i.MC_SixStep_Ramp   bldc_lib.o
    0x08003758   0x08003758   0x00000050   Code   RO         5509    i.MC_SixStep_Reset  bldc_lib.o
    0x080037a8   0x080037a8   0x0000001c   Code   RO         5510    i.MC_SixStep_SetDelay  bldc_lib.o
    0x080037c4   0x080037c4   0x00000010   Code   RO         5511    i.MC_SixStep_SetErrorFlag  bldc_lib.o
    0x080037d4   0x080037d4   0x00000054   Code   RO         5512    i.MC_SixStep_SetPhaseParam  bldc_lib.o
    0x08003828   0x08003828   0x0000001e   Code   RO         5693    i.MC_SixStep_Set_PI_Param  bldc_pid.o
    0x08003846   0x08003846   0x00000002   PAD
    0x08003848   0x08003848   0x00000014   Code   RO         5514    i.MC_SixStep_ShutDown  bldc_lib.o
    0x0800385c   0x0800385c   0x00000024   Code   RO         5515    i.MC_SixStep_StartMotor  bldc_lib.o
    0x08003880   0x08003880   0x0000000c   Code   RO         5516    i.MC_SixStep_StopMotor  bldc_lib.o
    0x0800388c   0x0800388c   0x000000d8   Code   RO         5517    i.MC_SixStep_Table  bldc_lib.o
    0x08003964   0x08003964   0x00000038   Code   RO         5518    i.MC_SixStep_TimeoutDelay  bldc_lib.o
    0x0800399c   0x0800399c   0x000000d8   Code   RO         5165    i.MX_ADC1_Init      adc.o
    0x08003a74   0x08003a74   0x00000034   Code   RO         5325    i.MX_DMA_Init       dma.o
    0x08003aa8   0x08003aa8   0x00000044   Code   RO         5092    i.MX_FREERTOS_Init  freertos.o
    0x08003aec   0x08003aec   0x000000c0   Code   RO         5247    i.MX_GPIO_Init      gpio.o
    0x08003bac   0x08003bac   0x00000140   Code   RO         5274    i.MX_TIM1_Init      tim.o
    0x08003cec   0x08003cec   0x00000098   Code   RO         5275    i.MX_TIM2_Init      tim.o
    0x08003d84   0x08003d84   0x00000054   Code   RO         5207    i.MX_USART1_UART_Init  usart.o
    0x08003dd8   0x08003dd8   0x00000004   Code   RO         4912    i.MemManage_Handler  stm32l4xx_it.o
    0x08003ddc   0x08003ddc   0x00000002   Code   RO         4913    i.NMI_Handler       stm32l4xx_it.o
    0x08003dde   0x08003dde   0x00000002   PAD
    0x08003de0   0x08003de0   0x00000010   Code   RO         1622    i.NVIC_GetPriorityGrouping  stm32l4xx_hal_cortex.o
    0x08003df0   0x08003df0   0x00000028   Code   RO         1623    i.NVIC_SetPriority  stm32l4xx_hal_cortex.o
    0x08003e18   0x08003e18   0x0000018c   Code   RO         2003    i.RCCEx_PLLSAI1_Config  stm32l4xx_hal_rcc_ex.o
    0x08003fa4   0x08003fa4   0x000000a0   Code   RO         1302    i.RCC_SetFlashLatencyFromMSIRange  stm32l4xx_hal_rcc.o
    0x08004044   0x08004044   0x00000016   Code   RO         5093    i.StartDefaultTask  freertos.o
    0x0800405a   0x0800405a   0x00000012   Code   RO         5094    i.Start_MC_Task     freertos.o
    0x0800406c   0x0800406c   0x0000000c   Code   RO         4914    i.SysTick_Handler   stm32l4xx_it.o
    0x08004078   0x08004078   0x000000dc   Code   RO         5014    i.SystemClock_Config  main.o
    0x08004154   0x08004154   0x00000050   Code   RO         4865    i.SystemInit        system_stm32l4xx.o
    0x080041a4   0x080041a4   0x00000010   Code   RO         4915    i.TIM1_TRG_COM_IRQHandler  stm32l4xx_it.o
    0x080041b4   0x080041b4   0x00000010   Code   RO         4916    i.TIM2_IRQHandler   stm32l4xx_it.o
    0x080041c4   0x080041c4   0x00000084   Code   RO          304    i.TIM_Base_SetConfig  stm32l4xx_hal_tim.o
    0x08004248   0x08004248   0x0000001c   Code   RO          305    i.TIM_CCxChannelCmd  stm32l4xx_hal_tim.o
    0x08004264   0x08004264   0x0000001c   Code   RO         1076    i.TIM_CCxNChannelCmd  stm32l4xx_hal_tim_ex.o
    0x08004280   0x08004280   0x00000018   Code   RO          311    i.TIM_ETR_SetConfig  stm32l4xx_hal_tim.o
    0x08004298   0x08004298   0x00000014   Code   RO          312    i.TIM_ITRx_SetConfig  stm32l4xx_hal_tim.o
    0x080042ac   0x080042ac   0x0000008c   Code   RO          313    i.TIM_OC1_SetConfig  stm32l4xx_hal_tim.o
    0x08004338   0x08004338   0x00000098   Code   RO          314    i.TIM_OC2_SetConfig  stm32l4xx_hal_tim.o
    0x080043d0   0x080043d0   0x00000094   Code   RO          315    i.TIM_OC3_SetConfig  stm32l4xx_hal_tim.o
    0x08004464   0x08004464   0x00000068   Code   RO          316    i.TIM_OC4_SetConfig  stm32l4xx_hal_tim.o
    0x080044cc   0x080044cc   0x00000060   Code   RO          317    i.TIM_OC5_SetConfig  stm32l4xx_hal_tim.o
    0x0800452c   0x0800452c   0x00000064   Code   RO          318    i.TIM_OC6_SetConfig  stm32l4xx_hal_tim.o
    0x08004590   0x08004590   0x000000a8   Code   RO          319    i.TIM_SlaveTimer_SetConfig  stm32l4xx_hal_tim.o
    0x08004638   0x08004638   0x0000002a   Code   RO          320    i.TIM_TI1_ConfigInputStage  stm32l4xx_hal_tim.o
    0x08004662   0x08004662   0x00000002   PAD
    0x08004664   0x08004664   0x0000006c   Code   RO          321    i.TIM_TI1_SetConfig  stm32l4xx_hal_tim.o
    0x080046d0   0x080046d0   0x0000002c   Code   RO          322    i.TIM_TI2_ConfigInputStage  stm32l4xx_hal_tim.o
    0x080046fc   0x080046fc   0x000000f8   Code   RO         3406    i.UART_AdvFeatureConfig  stm32l4xx_hal_uart.o
    0x080047f4   0x080047f4   0x00000074   Code   RO         3407    i.UART_CheckIdleState  stm32l4xx_hal_uart.o
    0x08004868   0x08004868   0x00000018   Code   RO         3408    i.UART_DMAAbortOnError  stm32l4xx_hal_uart.o
    0x08004880   0x08004880   0x00000024   Code   RO         3418    i.UART_EndRxTransfer  stm32l4xx_hal_uart.o
    0x080048a4   0x080048a4   0x00000022   Code   RO         3419    i.UART_EndTransmit_IT  stm32l4xx_hal_uart.o
    0x080048c6   0x080048c6   0x00000002   PAD
    0x080048c8   0x080048c8   0x0000044e   Code   RO         3423    i.UART_SetConfig    stm32l4xx_hal_uart.o
    0x08004d16   0x08004d16   0x0000006c   Code   RO         3426    i.UART_WaitOnFlagUntilTimeout  stm32l4xx_hal_uart.o
    0x08004d82   0x08004d82   0x00000002   PAD
    0x08004d84   0x08004d84   0x00000014   Code   RO         4917    i.USART1_IRQHandler  stm32l4xx_it.o
    0x08004d98   0x08004d98   0x00000004   Code   RO         4918    i.UsageFault_Handler  stm32l4xx_it.o
    0x08004d9c   0x08004d9c   0x00000004   Code   RO         5015    i._Error_Handler    main.o
    0x08004da0   0x08004da0   0x00000030   Code   RO         5969    i.__0snprintf$5     mc_w.l(printf5.o)
    0x08004dd0   0x08004dd0   0x00000028   Code   RO         5970    i.__0sprintf$5      mc_w.l(printf5.o)
    0x08004df8   0x08004df8   0x0000000e   Code   RO         6140    i.__scatterload_copy  mc_w.l(handlers.o)
    0x08004e06   0x08004e06   0x00000002   Code   RO         6141    i.__scatterload_null  mc_w.l(handlers.o)
    0x08004e08   0x08004e08   0x0000000e   Code   RO         6142    i.__scatterload_zeroinit  mc_w.l(handlers.o)
    0x08004e16   0x08004e16   0x00000002   PAD
    0x08004e18   0x08004e18   0x000002c6   Code   RO         5975    i._printf_core      mc_w.l(printf5.o)
    0x080050de   0x080050de   0x00000016   Code   RO         5976    i._snputc           mc_w.l(printf5.o)
    0x080050f4   0x080050f4   0x0000000a   Code   RO         5977    i._sputc            mc_w.l(printf5.o)
    0x080050fe   0x080050fe   0x00000002   PAD
    0x08005100   0x08005100   0x00000054   Code   RO         5351    i.adcIntGetFilteredValue  adc_int.o
    0x08005154   0x08005154   0x00000046   Code   RO         5352    i.adcIntGetVoltage  adc_int.o
    0x0800519a   0x0800519a   0x00000002   PAD
    0x0800519c   0x0800519c   0x0000001c   Code   RO         5353    i.adcIntInit        adc_int.o
    0x080051b8   0x080051b8   0x000000b0   Code   RO         5722    i.escape_process    microrl.o
    0x08005268   0x08005268   0x000002b0   Code   RO         5404    i.execute           cmd_iface.o
    0x08005518   0x08005518   0x00000030   Code   RO         5016    i.main              main.o
    0x08005548   0x08005548   0x0000000e   Code   RO         4476    i.makeFreeRtosPriority  cmsis_os.o
    0x08005556   0x08005556   0x00000002   PAD
    0x08005558   0x08005558   0x0000004c   Code   RO         5723    i.microrl_backspace  microrl.o
    0x080055a4   0x080055a4   0x00000022   Code   RO         5724    i.microrl_init      microrl.o
    0x080055c6   0x080055c6   0x00000002   PAD
    0x080055c8   0x080055c8   0x00000134   Code   RO         5725    i.microrl_insert_char  microrl.o
    0x080056fc   0x080056fc   0x0000007a   Code   RO         5726    i.microrl_insert_text  microrl.o
    0x08005776   0x08005776   0x00000004   Code   RO         5728    i.microrl_set_execute_callback  microrl.o
    0x0800577a   0x0800577a   0x00000002   PAD
    0x0800577c   0x0800577c   0x00000080   Code   RO         5729    i.new_line_handler  microrl.o
    0x080057fc   0x080057fc   0x00000018   Code   RO         4478    i.osDelay           cmsis_os.o
    0x08005814   0x08005814   0x0000000a   Code   RO         4481    i.osKernelStart     cmsis_os.o
    0x0800581e   0x0800581e   0x00000010   Code   RO         4514    i.osSystickHandler  cmsis_os.o
    0x0800582e   0x0800582e   0x00000030   Code   RO         4515    i.osThreadCreate    cmsis_os.o
    0x0800585e   0x0800585e   0x00000002   PAD
    0x08005860   0x08005860   0x00000020   Code   RO         5406    i.print             cmd_iface.o
    0x08005880   0x08005880   0x00000034   Code   RO         5407    i.print_help        cmd_iface.o
    0x080058b4   0x080058b4   0x00000098   Code   RO         4104    i.prvAddCurrentTaskToDelayedList  tasks.o
    0x0800594c   0x0800594c   0x000000b4   Code   RO         4105    i.prvAddNewTaskToReadyList  tasks.o
    0x08005a00   0x08005a00   0x00000064   Code   RO         4106    i.prvCheckTasksWaitingTermination  tasks.o
    0x08005a64   0x08005a64   0x0000007c   Code   RO         3870    i.prvCopyDataToQueue  queue.o
    0x08005ae0   0x08005ae0   0x00000012   Code   RO         4107    i.prvDeleteTCB      tasks.o
    0x08005af2   0x08005af2   0x00000002   PAD
    0x08005af4   0x08005af4   0x0000007c   Code   RO         3725    i.prvHeapInit       heap_4.o
    0x08005b70   0x08005b70   0x00000028   Code   RO         4108    i.prvIdleTask       tasks.o
    0x08005b98   0x08005b98   0x00000026   Code   RO         3872    i.prvInitialiseNewQueue  queue.o
    0x08005bbe   0x08005bbe   0x000000b0   Code   RO         4109    i.prvInitialiseNewTask  tasks.o
    0x08005c6e   0x08005c6e   0x00000002   PAD
    0x08005c70   0x08005c70   0x00000068   Code   RO         4110    i.prvInitialiseTaskLists  tasks.o
    0x08005cd8   0x08005cd8   0x00000068   Code   RO         3726    i.prvInsertBlockIntoFreeList  heap_4.o
    0x08005d40   0x08005d40   0x0000001e   Code   RO         3874    i.prvIsQueueFull    queue.o
    0x08005d5e   0x08005d5e   0x00000002   PAD
    0x08005d60   0x08005d60   0x00000034   Code   RO         4111    i.prvResetNextTaskUnblockTime  tasks.o
    0x08005d94   0x08005d94   0x00000040   Code   RO         4390    i.prvTaskExitError  port.o
    0x08005dd4   0x08005dd4   0x0000007e   Code   RO         3875    i.prvUnlockQueue    queue.o
    0x08005e52   0x08005e52   0x00000002   PAD
    0x08005e54   0x08005e54   0x0000013c   Code   RO         3727    i.pvPortMalloc      heap_4.o
    0x08005f90   0x08005f90   0x0000002c   Code   RO         4391    i.pxPortInitialiseStack  port.o
    0x08005fbc   0x08005fbc   0x00000058   Code   RO         5730    i.split             microrl.o
    0x08006014   0x08006014   0x0000004c   Code   RO         5731    i.terminal_move_cursor  microrl.o
    0x08006060   0x08006060   0x00000054   Code   RO         5732    i.terminal_print_line  microrl.o
    0x080060b4   0x080060b4   0x00000030   Code   RO         5733    i.terminal_reset_cursor  microrl.o
    0x080060e4   0x080060e4   0x00000028   Code   RO         3808    i.uxListRemove      list.o
    0x0800610c   0x0800610c   0x0000001a   Code   RO         3809    i.vListInitialise   list.o
    0x08006126   0x08006126   0x00000006   Code   RO         3810    i.vListInitialiseItem  list.o
    0x0800612c   0x0800612c   0x00000034   Code   RO         3811    i.vListInsert       list.o
    0x08006160   0x08006160   0x00000018   Code   RO         3812    i.vListInsertEnd    list.o
    0x08006178   0x08006178   0x00000054   Code   RO         4393    i.vPortEnterCritical  port.o
    0x080061cc   0x080061cc   0x0000003c   Code   RO         4394    i.vPortExitCritical  port.o
    0x08006208   0x08006208   0x00000094   Code   RO         3728    i.vPortFree         heap_4.o
    0x0800629c   0x0800629c   0x00000020   Code   RO         4395    i.vPortSetupTimerInterrupt  port.o
    0x080062bc   0x080062bc   0x0000005c   Code   RO         4119    i.vTaskDelay        tasks.o
    0x08006318   0x08006318   0x0000000c   Code   RO         4122    i.vTaskMissedYield  tasks.o
    0x08006324   0x08006324   0x00000038   Code   RO         4124    i.vTaskPlaceOnEventList  tasks.o
    0x0800635c   0x0800635c   0x00000030   Code   RO         4129    i.vTaskSetTimeOutState  tasks.o
    0x0800638c   0x0800638c   0x00000088   Code   RO         4130    i.vTaskStartScheduler  tasks.o
    0x08006414   0x08006414   0x00000010   Code   RO         4132    i.vTaskSuspendAll   tasks.o
    0x08006424   0x08006424   0x0000008c   Code   RO         4133    i.vTaskSwitchContext  tasks.o
    0x080064b0   0x080064b0   0x0000013c   Code   RO         4397    i.xPortStartScheduler  port.o
    0x080065ec   0x080065ec   0x00000034   Code   RO         4398    i.xPortSysTickHandler  port.o
    0x08006620   0x08006620   0x00000058   Code   RO         3883    i.xQueueGenericCreate  queue.o
    0x08006678   0x08006678   0x00000098   Code   RO         3885    i.xQueueGenericReset  queue.o
    0x08006710   0x08006710   0x000001a8   Code   RO         3886    i.xQueueGenericSend  queue.o
    0x080068b8   0x080068b8   0x0000008c   Code   RO         4134    i.xTaskCheckForTimeOut  tasks.o
    0x08006944   0x08006944   0x00000066   Code   RO         4135    i.xTaskCreate       tasks.o
    0x080069aa   0x080069aa   0x00000002   PAD
    0x080069ac   0x080069ac   0x00000020   Code   RO         4139    i.xTaskGetSchedulerState  tasks.o
    0x080069cc   0x080069cc   0x00000148   Code   RO         4142    i.xTaskIncrementTick  tasks.o
    0x08006b14   0x08006b14   0x000000c8   Code   RO         4145    i.xTaskPriorityDisinherit  tasks.o
    0x08006bdc   0x08006bdc   0x00000098   Code   RO         4146    i.xTaskRemoveFromEventList  tasks.o
    0x08006c74   0x08006c74   0x00000104   Code   RO         4148    i.xTaskResumeAll    tasks.o
    0x08006d78   0x08006d78   0x00000048   Data   RO         4866    .constdata          system_stm32l4xx.o
    0x08006dc0   0x08006dc0   0x00000028   Data   RO         5095    .constdata          freertos.o
    0x08006de8   0x08006de8   0x00000010   Data   RO         5520    .constdata          bldc_lib.o
    0x08006df8   0x08006df8   0x00000014   Data   RO         5096    .conststring        freertos.o
    0x08006e0c   0x08006e0c   0x00000020   Data   RO         6138    Region$$Table       anon$$obj.o


    Execution Region RW_IRAM1 (Exec base: 0x20000000, Load base: 0x08006e2c, Size: 0x00005670, Max: 0x00028000, ABSOLUTE)

    Exec Addr    Load Addr    Size         Type   Attr      Idx    E Section Name        Object

    0x20000000   0x08006e2c   0x00000004   Data   RW         1797    .data               stm32l4xx_hal.o
    0x20000004   0x08006e30   0x00000018   Data   RW         3733    .data               heap_4.o
    0x2000001c   0x08006e48   0x0000003c   Data   RW         4151    .data               tasks.o
    0x20000058   0x08006e84   0x0000000c   Data   RW         4399    .data               port.o
    0x20000064   0x08006e90   0x00000004   Data   RW         4867    .data               system_stm32l4xx.o
    0x20000068   0x08006e94   0x00000008   Data   RW         5097    .data               freertos.o
    0x20000070   0x08006e9c   0x00000008   Data   RW         5410    .data               cmd_iface.o
    0x20000078   0x08006ea4   0x00000010   Data   RW         5521    .data               bldc_lib.o
    0x20000088        -       0x00001000   Zero   RW         3732    .bss                heap_4.o
    0x20001088        -       0x000000f0   Zero   RW         4150    .bss                tasks.o
    0x20001178        -       0x000000b4   Zero   RW         5166    .bss                adc.o
    0x2000122c        -       0x00000078   Zero   RW         5208    .bss                usart.o
    0x200012a4        -       0x00000080   Zero   RW         5276    .bss                tim.o
    0x20001324        -       0x00000180   Zero   RW         5354    .bss                adc_int.o
    0x200014a4        -       0x000001aa   Zero   RW         5409    .bss                cmd_iface.o
    0x2000164e   0x08006eb4   0x00000002   PAD
    0x20001650        -       0x00000020   Zero   RW         5519    .bss                bldc_lib.o
    0x20001670        -       0x00004000   Zero   RW         4898    STACK               startup_stm32l452xx.o


==============================================================================

Image component sizes


      Code (inc. data)   RO Data    RW Data    ZI Data      Debug   Object Name

       380         72          0          0        180       1919   adc.o
       182         18          0          0        384       2819   adc_int.o
      1644        198         16         16         32      17773   bldc_lib.o
        30          0          0          0          0        906   bldc_pid.o
      1048        432          0          8        426       6413   cmd_iface.o
       112          0          0          0          0      15166   cmsis_os.o
        52          4          0          0          0        782   dma.o
       108         14         60          8          0       5168   freertos.o
       192          8          0          0          0        991   gpio.o
       692         62          0         24       4096      11167   heap_4.o
       148          0          0          0          0       8958   list.o
       272         18          0          0          0       1773   main.o
      1144         90          0          0          0       8427   microrl.o
       870         78          0         12          0      11336   port.o
       982         10          0          0          0      16523   queue.o
        36          8        404          0      16384        824   startup_stm32l452xx.o
        90         14          0          4          0       3647   stm32l4xx_hal.o
      2674         98          0          0          0      65605   stm32l4xx_hal_adc.o
       344         22          0          0          0      31693   stm32l4xx_hal_cortex.o
       778          8          0          0          0       4418   stm32l4xx_hal_dma.o
         0          0          0          0          0     729556   stm32l4xx_hal_flash_ex.o
       486         28          0          0          0       3131   stm32l4xx_hal_gpio.o
       144          4          0          0          0        934   stm32l4xx_hal_msp.o
       156         18          0          0          0       1398   stm32l4xx_hal_pwr_ex.o
      2664         98          0          0          0       7292   stm32l4xx_hal_rcc.o
      1440         28          0          0          0       3048   stm32l4xx_hal_rcc_ex.o
      2832        162          0          0          0      20814   stm32l4xx_hal_tim.o
       824         16          0          0          0       8138   stm32l4xx_hal_tim_ex.o
      2400         48          0          0          0      10262   stm32l4xx_hal_uart.o
         2          0          0          0          0       1000   stm32l4xx_hal_uart_ex.o
       100         22          0          0          0       8918   stm32l4xx_it.o
        80         12         72          4          0       1281   system_stm32l4xx.o
      2536        340          0         60        240      21808   tasks.o
       708         60          0          0        128       3425   tim.o
         0          0          0          0          0       7872   timers.o
       188         38          0          0        120       1718   usart.o

    ----------------------------------------------------------------------
     26392       2028        584        136      21992    1046903   Object Totals
         0          0         32          0          0          0   (incl. Generated)
        54          0          0          0          2          0   (incl. Padding)

    ----------------------------------------------------------------------

      Code (inc. data)   RO Data    RW Data    ZI Data      Debug   Library Member Name

         0          0          0          0          0          0   entry.o
         0          0          0          0          0          0   entry10a.o
         0          0          0          0          0          0   entry11a.o
         8          4          0          0          0          0   entry2.o
         4          0          0          0          0          0   entry5.o
         0          0          0          0          0          0   entry7b.o
         0          0          0          0          0          0   entry8b.o
         8          4          0          0          0          0   entry9a.o
        30          0          0          0          0          0   handlers.o
        36          8          0          0          0         68   init.o
        30          0          0          0          0         68   llshl.o
        32          0          0          0          0         68   llushr.o
        64          0          0          0          0         76   memmovea.o
        36          0          0          0          0        108   memseta.o
       830         56          0          0          0        404   printf5.o
        28          0          0          0          0         76   strcmp.o
        14          0          0          0          0         68   strlen.o
       104          0          0          0          0         92   uldiv.o

    ----------------------------------------------------------------------
      1228         72          0          0          0       1028   Library Totals
         4          0          0          0          0          0   (incl. Padding)

    ----------------------------------------------------------------------

      Code (inc. data)   RO Data    RW Data    ZI Data      Debug   Library Name

      1224         72          0          0          0       1028   mc_w.l

    ----------------------------------------------------------------------
      1228         72          0          0          0       1028   Library Totals

    ----------------------------------------------------------------------

==============================================================================


      Code (inc. data)   RO Data    RW Data    ZI Data      Debug   

     27620       2100        584        136      21992    1025367   Grand Totals
     27620       2100        584        136      21992    1025367   ELF Image Totals
     27620       2100        584        136          0          0   ROM Totals

==============================================================================

    Total RO  Size (Code + RO Data)                28204 (  27.54kB)
    Total RW  Size (RW Data + ZI Data)             22128 (  21.61kB)
    Total ROM Size (Code + RO Data + RW Data)      28340 (  27.68kB)

==============================================================================

